Archive member included to satisfy reference by file (symbol)

c:/progra~2/gnu arm embedded toolchain/10 2021.10/bin/../lib/gcc/arm-none-eabi/10.3.1/thumb/v6-m/nofp\libgcc.a(_dvmd_tls.o)
                              CMakeFiles/main.dir/C_/RaspberryPiPico/pico-sdk/src/rp2_common/pico_divider/divider.S.obj (__aeabi_idiv0)
c:/progra~2/gnu arm embedded toolchain/10 2021.10/bin/../lib/gcc/arm-none-eabi/10.3.1/../../../../arm-none-eabi/lib/thumb/v6-m/nofp\libg.a(lib_a-calloc.o)
                              CMakeFiles/main.dir/C_/RaspberryPiPico/pico-sdk/src/rp2_common/pico_malloc/pico_malloc.c.obj (calloc)
c:/progra~2/gnu arm embedded toolchain/10 2021.10/bin/../lib/gcc/arm-none-eabi/10.3.1/../../../../arm-none-eabi/lib/thumb/v6-m/nofp\libg.a(lib_a-callocr.o)
                              c:/progra~2/gnu arm embedded toolchain/10 2021.10/bin/../lib/gcc/arm-none-eabi/10.3.1/../../../../arm-none-eabi/lib/thumb/v6-m/nofp\libg.a(lib_a-calloc.o) (_calloc_r)
c:/progra~2/gnu arm embedded toolchain/10 2021.10/bin/../lib/gcc/arm-none-eabi/10.3.1/../../../../arm-none-eabi/lib/thumb/v6-m/nofp\libg.a(lib_a-errno.o)
                              c:/progra~2/gnu arm embedded toolchain/10 2021.10/bin/../lib/gcc/arm-none-eabi/10.3.1/../../../../arm-none-eabi/lib/thumb/v6-m/nofp\libg.a(lib_a-callocr.o) (__errno)
c:/progra~2/gnu arm embedded toolchain/10 2021.10/bin/../lib/gcc/arm-none-eabi/10.3.1/../../../../arm-none-eabi/lib/thumb/v6-m/nofp\libg.a(lib_a-impure.o)
                              c:/progra~2/gnu arm embedded toolchain/10 2021.10/bin/../lib/gcc/arm-none-eabi/10.3.1/../../../../arm-none-eabi/lib/thumb/v6-m/nofp\libg.a(lib_a-calloc.o) (_impure_ptr)
c:/progra~2/gnu arm embedded toolchain/10 2021.10/bin/../lib/gcc/arm-none-eabi/10.3.1/../../../../arm-none-eabi/lib/thumb/v6-m/nofp\libg.a(lib_a-init.o)
                              c:/progra~2/gnu arm embedded toolchain/10 2021.10/bin/../lib/gcc/arm-none-eabi/10.3.1/../../../../arm-none-eabi/lib/thumb/v6-m/nofp/crt0.o (__libc_init_array)
c:/progra~2/gnu arm embedded toolchain/10 2021.10/bin/../lib/gcc/arm-none-eabi/10.3.1/../../../../arm-none-eabi/lib/thumb/v6-m/nofp\libg.a(lib_a-malloc.o)
                              CMakeFiles/main.dir/C_/RaspberryPiPico/pico-sdk/src/rp2_common/pico_malloc/pico_malloc.c.obj (malloc)
c:/progra~2/gnu arm embedded toolchain/10 2021.10/bin/../lib/gcc/arm-none-eabi/10.3.1/../../../../arm-none-eabi/lib/thumb/v6-m/nofp\libg.a(lib_a-mallocr.o)
                              c:/progra~2/gnu arm embedded toolchain/10 2021.10/bin/../lib/gcc/arm-none-eabi/10.3.1/../../../../arm-none-eabi/lib/thumb/v6-m/nofp\libg.a(lib_a-callocr.o) (_malloc_r)
c:/progra~2/gnu arm embedded toolchain/10 2021.10/bin/../lib/gcc/arm-none-eabi/10.3.1/../../../../arm-none-eabi/lib/thumb/v6-m/nofp\libg.a(lib_a-mlock.o)
                              c:/progra~2/gnu arm embedded toolchain/10 2021.10/bin/../lib/gcc/arm-none-eabi/10.3.1/../../../../arm-none-eabi/lib/thumb/v6-m/nofp\libg.a(lib_a-mallocr.o) (__malloc_lock)
c:/progra~2/gnu arm embedded toolchain/10 2021.10/bin/../lib/gcc/arm-none-eabi/10.3.1/../../../../arm-none-eabi/lib/thumb/v6-m/nofp\libg.a(lib_a-realloc.o)
                              CMakeFiles/main.dir/C_/RaspberryPiPico/pico-sdk/src/rp2_common/pico_malloc/pico_malloc.c.obj (realloc)
c:/progra~2/gnu arm embedded toolchain/10 2021.10/bin/../lib/gcc/arm-none-eabi/10.3.1/../../../../arm-none-eabi/lib/thumb/v6-m/nofp\libg.a(lib_a-reallocr.o)
                              c:/progra~2/gnu arm embedded toolchain/10 2021.10/bin/../lib/gcc/arm-none-eabi/10.3.1/../../../../arm-none-eabi/lib/thumb/v6-m/nofp\libg.a(lib_a-realloc.o) (_realloc_r)
c:/progra~2/gnu arm embedded toolchain/10 2021.10/bin/../lib/gcc/arm-none-eabi/10.3.1/../../../../arm-none-eabi/lib/thumb/v6-m/nofp\libg.a(lib_a-sbrkr.o)
                              c:/progra~2/gnu arm embedded toolchain/10 2021.10/bin/../lib/gcc/arm-none-eabi/10.3.1/../../../../arm-none-eabi/lib/thumb/v6-m/nofp\libg.a(lib_a-mallocr.o) (_sbrk_r)
c:/progra~2/gnu arm embedded toolchain/10 2021.10/bin/../lib/gcc/arm-none-eabi/10.3.1/../../../../arm-none-eabi/lib/thumb/v6-m/nofp\libg.a(lib_a-strlcpy.o)
                              CMakeFiles/main.dir/threads/thread.c.obj (strlcpy)
c:/progra~2/gnu arm embedded toolchain/10 2021.10/bin/../lib/gcc/arm-none-eabi/10.3.1/../../../../arm-none-eabi/lib/thumb/v6-m/nofp\libg.a(lib_a-strlen-stub.o)
                              CMakeFiles/main.dir/C_/RaspberryPiPico/pico-sdk/src/rp2_common/pico_stdio/stdio.c.obj (strlen)
c:/progra~2/gnu arm embedded toolchain/10 2021.10/bin/../lib/gcc/arm-none-eabi/10.3.1/../../../../arm-none-eabi/lib/thumb/v6-m/nofp\libg.a(lib_a-freer.o)
                              c:/progra~2/gnu arm embedded toolchain/10 2021.10/bin/../lib/gcc/arm-none-eabi/10.3.1/../../../../arm-none-eabi/lib/thumb/v6-m/nofp\libg.a(lib_a-malloc.o) (_free_r)
[...]
Memory Configuration

Name             Origin             Length             Attributes
FLASH            0x10000000         0x00200000         xr
RAM              0x20000000         0x00040000         xrw
SCRATCH_X        0x20040000         0x00001000         xrw
SCRATCH_Y        0x20041000         0x00001000         xrw
*default*        0x00000000         0xffffffff

Linker script and memory map

LOAD c:/progra~2/gnu arm embedded toolchain/10 2021.10/bin/../lib/gcc/arm-none-eabi/10.3.1/thumb/v6-m/nofp/crti.o
LOAD c:/progra~2/gnu arm embedded toolchain/10 2021.10/bin/../lib/gcc/arm-none-eabi/10.3.1/thumb/v6-m/nofp/crtbegin.o
LOAD c:/progra~2/gnu arm embedded toolchain/10 2021.10/bin/../lib/gcc/arm-none-eabi/10.3.1/../../../../arm-none-eabi/lib/thumb/v6-m/nofp/crt0.o

.flash_begin    0x10000000        0x0
                0x10000000                __flash_binary_start = .

.boot2          0x10000000      0x100
                0x10000000                __boot2_start__ = .
 *(.boot2)
 .boot2         0x10000000      0x100 C:\Users\delva\AppData\Local\Temp\ccEttjOg.o
                0x10000100                __boot2_end__ = .
                0x00000001                ASSERT (((__boot2_end__ - __boot2_start__) == 0x100), ERROR: Pico second stage bootloader must be 256 bytes in size)

.text           0x10000100     0x5a28
                0x10000100                __logical_binary_start = .
 *(.vectors)
 .vectors       0x10000100       0xd4 CMakeFiles/main.dir/C_/RaspberryPiPico/pico-sdk/src/rp2_common/pico_standard_link/crt0.S.obj
                0x10000100                __VECTOR_TABLE
                0x10000100                __vectors
                0x100001c0                isr_invalid
                0x100001c0                __default_isrs_start
                0x100001c2                isr_nmi
                0x100001c4                isr_hardfault
                0x100001c6                isr_svcall
                0x100001c8                isr_pendsv
                0x100001ca                isr_systick
                0x100001cc                isr_irq23
                0x100001cc                isr_irq18
                0x100001cc                isr_irq11
                0x100001cc                isr_irq28
                0x100001cc                isr_irq19
                0x100001cc                isr_irq0
                0x100001cc                isr_irq6
                0x100001cc                isr_irq5
                0x100001cc                isr_irq12
                0x100001cc                isr_irq22
                0x100001cc                isr_irq31
                0x100001cc                isr_irq17
                0x100001cc                isr_irq27
                0x100001cc                isr_irq30
                0x100001cc                isr_irq2
                0x100001cc                isr_irq10
                0x100001cc                isr_irq8
                0x100001cc                isr_irq24
                0x100001cc                isr_irq1
                0x100001cc                isr_irq7
                0x100001cc                isr_irq21
                0x100001cc                isr_irq20
                0x100001cc                isr_irq15
                0x100001cc                isr_irq25
                0x100001cc                isr_irq13
                0x100001cc                __unhandled_user_irq
                0x100001cc                isr_irq4
                0x100001cc                isr_irq16
                0x100001cc                isr_irq29
                0x100001cc                isr_irq26
                0x100001cc                __default_isrs_end
                0x100001cc                isr_irq3
                0x100001cc                isr_irq14
                0x100001cc                isr_irq9
                0x100001d2                unhandled_user_irq_num_in_r0
 *(.binary_info_header)
 .binary_info_header
                0x100001d4       0x14 CMakeFiles/main.dir/C_/RaspberryPiPico/pico-sdk/src/rp2_common/pico_standard_link/crt0.S.obj
                0x100001e8                __binary_info_header_end = .
 *(.reset)
 .reset         0x100001e8       0xa0 CMakeFiles/main.dir/C_/RaspberryPiPico/pico-sdk/src/rp2_common/pico_standard_link/crt0.S.obj
                0x100001e8                _entry_point
 .reset         0x10000288       0x30 CMakeFiles/main.dir/C_/RaspberryPiPico/pico-sdk/src/rp2_common/pico_standard_link/binary_info.c.obj
 *(.init)
 .init          0x100002b8        0x4 c:/progra~2/gnu arm embedded toolchain/10 2021.10/bin/../lib/gcc/arm-none-eabi/10.3.1/thumb/v6-m/nofp/crti.o
                0x100002b8                _init
 *(EXCLUDE_FILE(*libm.a: *libc.a:*lib_a-mem*.o *libgcc.a:) .text*)
 .text          0x100002bc       0x48 c:/progra~2/gnu arm embedded toolchain/10 2021.10/bin/../lib/gcc/arm-none-eabi/10.3.1/thumb/v6-m/nofp/crtbegin.o
 .text.timer_interrupt
                0x10000304       0x14 CMakeFiles/main.dir/main.c.obj
                0x10000304                timer_interrupt
 .text.hello_world
                0x10000318       0x10 CMakeFiles/main.dir/main.c.obj
                0x10000318                hello_world
 .text.main     0x10000328       0xec CMakeFiles/main.dir/main.c.obj
                0x10000328                main
 .text.list_init
                0x10000414       0x3c CMakeFiles/main.dir/misc/list.c.obj
                0x10000414                list_init
 .text.list_begin
                0x10000450       0x30 CMakeFiles/main.dir/misc/list.c.obj
                0x10000450                list_begin
 .text.list_next
                0x10000480       0x68 CMakeFiles/main.dir/misc/list.c.obj
                0x10000480                list_next
 .text.list_end
                0x100004e8       0x30 CMakeFiles/main.dir/misc/list.c.obj
                0x100004e8                list_end
 .text.list_insert
                0x10000518       0x8c CMakeFiles/main.dir/misc/list.c.obj
                0x10000518                list_insert
 .text.list_push_back
                0x100005a4       0x10 CMakeFiles/main.dir/misc/list.c.obj
                0x100005a4                list_push_back
 .text.list_remove
                0x100005b4       0x54 CMakeFiles/main.dir/misc/list.c.obj
                0x100005b4                list_remove
 .text.list_empty
                0x10000608       0x1a CMakeFiles/main.dir/misc/list.c.obj
                0x10000608                list_empty
 *fill*         0x10000622        0x2 
 .text.list_front
                0x10000624       0x38 CMakeFiles/main.dir/misc/list.c.obj
                0x10000624                list_front
 .text.list_pop_front
                0x1000065c       0x10 CMakeFiles/main.dir/misc/list.c.obj
                0x1000065c                list_pop_front
 .text.timer_ticks
                0x1000066c        0xc CMakeFiles/main.dir/misc/timer.c.obj
                0x1000066c                timer_ticks
 .text.intr_yield_on_return
                0x10000678        0xc CMakeFiles/main.dir/misc/timer.c.obj
                0x10000678                intr_yield_on_return
 .text.is_thread
                0x10000684       0x20 CMakeFiles/main.dir/threads/thread.c.obj
 .text.running_thread_init
                0x100006a4        0x8 CMakeFiles/main.dir/threads/thread.c.obj
 .text.running_thread
                0x100006ac        0xc CMakeFiles/main.dir/threads/thread.c.obj
 .text.allocate_tid
                0x100006b8       0x10 CMakeFiles/main.dir/threads/thread.c.obj
 .text.alloc_frame
                0x100006c8       0x54 CMakeFiles/main.dir/threads/thread.c.obj
 .text.init_thread
                0x1000071c       0x8c CMakeFiles/main.dir/threads/thread.c.obj
 .text.next_thread_to_run
                0x100007a8       0x24 CMakeFiles/main.dir/threads/thread.c.obj
 .text.thread_init
                0x100007cc       0x60 CMakeFiles/main.dir/threads/thread.c.obj
                0x100007cc                thread_init
 .text.thread_unblock
                0x1000082c       0x64 CMakeFiles/main.dir/threads/thread.c.obj
                0x1000082c                thread_unblock
 .text.thread_create
                0x10000890       0x8c CMakeFiles/main.dir/threads/thread.c.obj
                0x10000890                thread_create
 .text.thread_start
                0x1000091c       0x18 CMakeFiles/main.dir/threads/thread.c.obj
                0x1000091c                thread_start
 .text.thread_schedule_tail
                0x10000934       0x5c CMakeFiles/main.dir/threads/thread.c.obj
                0x10000934                thread_schedule_tail
 .text.schedule
                0x10000990       0x70 CMakeFiles/main.dir/threads/thread.c.obj
 .text.set_thread_running
                0x10000a00       0x10 CMakeFiles/main.dir/threads/thread.c.obj
                0x10000a00                set_thread_running
 .text.thread_current
                0x10000a10       0x5c CMakeFiles/main.dir/threads/thread.c.obj
                0x10000a10                thread_current
 .text.thread_block
                0x10000a6c        0xc CMakeFiles/main.dir/threads/thread.c.obj
                0x10000a6c                thread_block
 .text.idle     0x10000a78       0x20 CMakeFiles/main.dir/threads/thread.c.obj
 .text.thread_yield
                0x10000a98       0x4c CMakeFiles/main.dir/threads/thread.c.obj
                0x10000a98                thread_yield
 .text.thread_exit
                0x10000ae4       0x44 CMakeFiles/main.dir/threads/thread.c.obj
                0x10000ae4                thread_exit
 .text.thread_tick
                0x10000b28       0x58 CMakeFiles/main.dir/threads/thread.c.obj
                0x10000b28                thread_tick
 .text.print_thread_list
                0x10000b80       0x70 CMakeFiles/main.dir/threads/thread.c.obj
                0x10000b80                print_thread_list
 .text.print_all_list
                0x10000bf0       0x48 CMakeFiles/main.dir/threads/thread.c.obj
                0x10000bf0                print_all_list
 .text.print_ready_list
                0x10000c38       0x10 CMakeFiles/main.dir/threads/thread.c.obj
                0x10000c38                print_ready_list
 .text.debug_panic
                0x10000c48       0x30 CMakeFiles/main.dir/lib/debug.c.obj
                0x10000c48                debug_panic
 .text.switch_threads_c
                0x10000c78       0x34 CMakeFiles/main.dir/lib/switch.c.obj
                0x10000c78                switch_threads_c
 .text.gpio_set_function
                0x10000cac       0x30 CMakeFiles/main.dir/C_/RaspberryPiPico/pico-sdk/src/rp2_common/hardware_gpio/gpio.c.obj
                0x10000cac                gpio_set_function
 .text.gpio_init
                0x10000cdc       0x16 CMakeFiles/main.dir/C_/RaspberryPiPico/pico-sdk/src/rp2_common/hardware_gpio/gpio.c.obj
                0x10000cdc                gpio_init
 *fill*         0x10000cf2        0x2 
 .text.running_on_fpga
                0x10000cf4       0x14 CMakeFiles/main.dir/C_/RaspberryPiPico/pico-sdk/src/rp2_common/pico_platform/platform.c.obj
                0x10000cf4                running_on_fpga
 .text.hw_claim_lock
                0x10000d08       0x18 CMakeFiles/main.dir/C_/RaspberryPiPico/pico-sdk/src/rp2_common/hardware_claim/claim.c.obj
                0x10000d08                hw_claim_lock
 .text.hw_claim_unlock
                0x10000d20       0x14 CMakeFiles/main.dir/C_/RaspberryPiPico/pico-sdk/src/rp2_common/hardware_claim/claim.c.obj
                0x10000d20                hw_claim_unlock
 .text.hw_claim_or_assert
                0x10000d34       0x32 CMakeFiles/main.dir/C_/RaspberryPiPico/pico-sdk/src/rp2_common/hardware_claim/claim.c.obj
                0x10000d34                hw_claim_or_assert
 *fill*         0x10000d66        0x2 
 .text.spin_locks_reset
                0x10000d68       0x20 CMakeFiles/main.dir/C_/RaspberryPiPico/pico-sdk/src/rp2_common/hardware_sync/sync.c.obj
                0x10000d68                spin_locks_reset
 .text.next_striped_spin_lock_num
                0x10000d88       0x1c CMakeFiles/main.dir/C_/RaspberryPiPico/pico-sdk/src/rp2_common/hardware_sync/sync.c.obj
                0x10000d88                next_striped_spin_lock_num
 .text.set_raw_irq_handler_and_unlock
                0x10000da4       0x28 CMakeFiles/main.dir/C_/RaspberryPiPico/pico-sdk/src/rp2_common/hardware_irq/irq.c.obj
 .text.make_branch
                0x10000dcc       0x48 CMakeFiles/main.dir/C_/RaspberryPiPico/pico-sdk/src/rp2_common/hardware_irq/irq.c.obj
 .text.insert_branch_and_link
                0x10000e14       0x40 CMakeFiles/main.dir/C_/RaspberryPiPico/pico-sdk/src/rp2_common/hardware_irq/irq.c.obj
 .text.irq_is_enabled
                0x10000e54       0x18 CMakeFiles/main.dir/C_/RaspberryPiPico/pico-sdk/src/rp2_common/hardware_irq/irq.c.obj
                0x10000e54                irq_is_enabled
 .text.irq_set_mask_enabled
                0x10000e6c       0x20 CMakeFiles/main.dir/C_/RaspberryPiPico/pico-sdk/src/rp2_common/hardware_irq/irq.c.obj
                0x10000e6c                irq_set_mask_enabled
 .text.irq_set_enabled
                0x10000e8c        0xe CMakeFiles/main.dir/C_/RaspberryPiPico/pico-sdk/src/rp2_common/hardware_irq/irq.c.obj
                0x10000e8c                irq_set_enabled
 *fill*         0x10000e9a        0x2 
 .text.irq_get_vtable_handler
                0x10000e9c       0x10 CMakeFiles/main.dir/C_/RaspberryPiPico/pico-sdk/src/rp2_common/hardware_irq/irq.c.obj
                0x10000e9c                irq_get_vtable_handler
 .text.irq_set_exclusive_handler
                0x10000eac       0x54 CMakeFiles/main.dir/C_/RaspberryPiPico/pico-sdk/src/rp2_common/hardware_irq/irq.c.obj
                0x10000eac                irq_set_exclusive_handler
 .text.irq_remove_handler
                0x10000f00      0x1ac CMakeFiles/main.dir/C_/RaspberryPiPico/pico-sdk/src/rp2_common/hardware_irq/irq.c.obj
                0x10000f00                irq_remove_handler
 .text.irq_add_tail_to_free_list
                0x100010ac       0xf0 CMakeFiles/main.dir/C_/RaspberryPiPico/pico-sdk/src/rp2_common/hardware_irq/irq.c.obj
                0x100010ac                irq_add_tail_to_free_list
 .text.irq_init_priorities
                0x1000119c       0x1c CMakeFiles/main.dir/C_/RaspberryPiPico/pico-sdk/src/rp2_common/hardware_irq/irq.c.obj
                0x1000119c                irq_init_priorities
 .text.lock_init
                0x100011b8       0x10 CMakeFiles/main.dir/C_/RaspberryPiPico/pico-sdk/src/common/pico_sync/lock_core.c.obj
                0x100011b8                lock_init
 .text.mutex_init
                0x100011c8       0x1a CMakeFiles/main.dir/C_/RaspberryPiPico/pico-sdk/src/common/pico_sync/mutex.c.obj
                0x100011c8                mutex_init
 .text.recursive_mutex_init
                0x100011e2       0x1e CMakeFiles/main.dir/C_/RaspberryPiPico/pico-sdk/src/common/pico_sync/mutex.c.obj
                0x100011e2                recursive_mutex_init
 .text.repeating_timer_callback
                0x10001200       0x40 CMakeFiles/main.dir/C_/RaspberryPiPico/pico-sdk/src/common/pico_time/time.c.obj
 .text.alarm_pool_post_alloc_init
                0x10001240       0x40 CMakeFiles/main.dir/C_/RaspberryPiPico/pico-sdk/src/common/pico_time/time.c.obj
 .text.sleep_until_callback
                0x10001280       0x30 CMakeFiles/main.dir/C_/RaspberryPiPico/pico-sdk/src/common/pico_time/time.c.obj
 .text.timer_pool_entry_comparator
                0x100012b0       0x7c CMakeFiles/main.dir/C_/RaspberryPiPico/pico-sdk/src/common/pico_time/time.c.obj
                0x100012b0                timer_pool_entry_comparator
 .text.ph_add_child_node
                0x1000132c       0xa4 CMakeFiles/main.dir/C_/RaspberryPiPico/pico-sdk/src/common/pico_time/time.c.obj
 .text.ph_merge_nodes
                0x100013d0       0x3e CMakeFiles/main.dir/C_/RaspberryPiPico/pico-sdk/src/common/pico_time/time.c.obj
 *fill*         0x1000140e        0x2 
 .text.add_alarm_under_lock
                0x10001410      0x174 CMakeFiles/main.dir/C_/RaspberryPiPico/pico-sdk/src/common/pico_time/time.c.obj
 .text.alarm_pool_alarm_callback
                0x10001584      0x33c CMakeFiles/main.dir/C_/RaspberryPiPico/pico-sdk/src/common/pico_time/time.c.obj
 .text.alarm_pool_init_default
                0x100018c0       0x40 CMakeFiles/main.dir/C_/RaspberryPiPico/pico-sdk/src/common/pico_time/time.c.obj
                0x100018c0                alarm_pool_init_default
 .text.alarm_pool_get_default
                0x10001900       0x2c CMakeFiles/main.dir/C_/RaspberryPiPico/pico-sdk/src/common/pico_time/time.c.obj
                0x10001900                alarm_pool_get_default
 .text.alarm_pool_add_alarm_at
                0x1000192c      0x168 CMakeFiles/main.dir/C_/RaspberryPiPico/pico-sdk/src/common/pico_time/time.c.obj
                0x1000192c                alarm_pool_add_alarm_at
 .text.alarm_pool_cancel_alarm
                0x10001a94       0xf8 CMakeFiles/main.dir/C_/RaspberryPiPico/pico-sdk/src/common/pico_time/time.c.obj
                0x10001a94                alarm_pool_cancel_alarm
 .text.alarm_pool_add_repeating_timer_us
                0x10001b8c       0x98 CMakeFiles/main.dir/C_/RaspberryPiPico/pico-sdk/src/common/pico_time/time.c.obj
                0x10001b8c                alarm_pool_add_repeating_timer_us
 .text.sleep_until
                0x10001c24       0xfc CMakeFiles/main.dir/C_/RaspberryPiPico/pico-sdk/src/common/pico_time/time.c.obj
                0x10001c24                sleep_until
 .text.sleep_us
                0x10001d20       0x58 CMakeFiles/main.dir/C_/RaspberryPiPico/pico-sdk/src/common/pico_time/time.c.obj
                0x10001d20                sleep_us
 .text.sleep_ms
                0x10001d78       0x14 CMakeFiles/main.dir/C_/RaspberryPiPico/pico-sdk/src/common/pico_time/time.c.obj
                0x10001d78                sleep_ms
 .text.best_effort_wfe_or_timeout
                0x10001d8c       0xac CMakeFiles/main.dir/C_/RaspberryPiPico/pico-sdk/src/common/pico_time/time.c.obj
                0x10001d8c                best_effort_wfe_or_timeout
 .text.hardware_alarm_irq_handler
                0x10001e38       0x90 CMakeFiles/main.dir/C_/RaspberryPiPico/pico-sdk/src/rp2_common/hardware_timer/timer.c.obj
 .text.hardware_alarm_claim
                0x10001ec8       0x18 CMakeFiles/main.dir/C_/RaspberryPiPico/pico-sdk/src/rp2_common/hardware_timer/timer.c.obj
                0x10001ec8                hardware_alarm_claim
 .text.time_us_64
                0x10001ee0       0x18 CMakeFiles/main.dir/C_/RaspberryPiPico/pico-sdk/src/rp2_common/hardware_timer/timer.c.obj
                0x10001ee0                time_us_64
 .text.busy_wait_until
                0x10001ef8       0x28 CMakeFiles/main.dir/C_/RaspberryPiPico/pico-sdk/src/rp2_common/hardware_timer/timer.c.obj
                0x10001ef8                busy_wait_until
 .text.busy_wait_us
                0x10001f20       0x48 CMakeFiles/main.dir/C_/RaspberryPiPico/pico-sdk/src/rp2_common/hardware_timer/timer.c.obj
                0x10001f20                busy_wait_us
 .text.hardware_alarm_set_callback
                0x10001f68       0x90 CMakeFiles/main.dir/C_/RaspberryPiPico/pico-sdk/src/rp2_common/hardware_timer/timer.c.obj
                0x10001f68                hardware_alarm_set_callback
 .text.hardware_alarm_set_target
                0x10001ff8       0xe8 CMakeFiles/main.dir/C_/RaspberryPiPico/pico-sdk/src/rp2_common/hardware_timer/timer.c.obj
                0x10001ff8                hardware_alarm_set_target
 .text.hardware_alarm_cancel
                0x100020e0       0x40 CMakeFiles/main.dir/C_/RaspberryPiPico/pico-sdk/src/rp2_common/hardware_timer/timer.c.obj
                0x100020e0                hardware_alarm_cancel
 .text.ph_add_child_node
                0x10002120       0xa4 CMakeFiles/main.dir/C_/RaspberryPiPico/pico-sdk/src/common/pico_util/pheap.c.obj
 .text.ph_merge_nodes
                0x100021c4       0x3e CMakeFiles/main.dir/C_/RaspberryPiPico/pico-sdk/src/common/pico_util/pheap.c.obj
 *fill*         0x10002202        0x2 
 .text.ph_clear
                0x10002204       0x70 CMakeFiles/main.dir/C_/RaspberryPiPico/pico-sdk/src/common/pico_util/pheap.c.obj
                0x10002204                ph_clear
 .text.ph_post_alloc_init
                0x10002274        0xe CMakeFiles/main.dir/C_/RaspberryPiPico/pico-sdk/src/common/pico_util/pheap.c.obj
                0x10002274                ph_post_alloc_init
 *fill*         0x10002282        0x2 
 .text.ph_merge_two_pass
                0x10002284       0xa8 CMakeFiles/main.dir/C_/RaspberryPiPico/pico-sdk/src/common/pico_util/pheap.c.obj
                0x10002284                ph_merge_two_pass
 .text.ph_remove_any_head
                0x1000232c      0x128 CMakeFiles/main.dir/C_/RaspberryPiPico/pico-sdk/src/common/pico_util/pheap.c.obj
 .text.ph_remove_head
                0x10002454       0x14 CMakeFiles/main.dir/C_/RaspberryPiPico/pico-sdk/src/common/pico_util/pheap.c.obj
                0x10002454                ph_remove_head
 .text.ph_remove_and_free_node
                0x10002468       0xf8 CMakeFiles/main.dir/C_/RaspberryPiPico/pico-sdk/src/common/pico_util/pheap.c.obj
                0x10002468                ph_remove_and_free_node
 .text.uart_disable_before_lcr_write
                0x10002560       0x48 CMakeFiles/main.dir/C_/RaspberryPiPico/pico-sdk/src/rp2_common/hardware_uart/uart.c.obj
 .text.uart_write_lcr_bits_masked
                0x100025a8       0x22 CMakeFiles/main.dir/C_/RaspberryPiPico/pico-sdk/src/rp2_common/hardware_uart/uart.c.obj
 *fill*         0x100025ca        0x2 
 .text.uart_set_baudrate
                0x100025cc       0x5c CMakeFiles/main.dir/C_/RaspberryPiPico/pico-sdk/src/rp2_common/hardware_uart/uart.c.obj
                0x100025cc                uart_set_baudrate
 .text.uart_set_format
                0x10002628       0x2c CMakeFiles/main.dir/C_/RaspberryPiPico/pico-sdk/src/rp2_common/hardware_uart/uart.c.obj
                0x10002628                uart_set_format
 .text.uart_set_translate_crlf
                0x10002654       0x28 CMakeFiles/main.dir/C_/RaspberryPiPico/pico-sdk/src/rp2_common/hardware_uart/uart.c.obj
                0x10002654                uart_set_translate_crlf
 .text.uart_init
                0x1000267c       0x80 CMakeFiles/main.dir/C_/RaspberryPiPico/pico-sdk/src/rp2_common/hardware_uart/uart.c.obj
                0x1000267c                uart_init
 .text.clock_configure
                0x100026fc      0x108 CMakeFiles/main.dir/C_/RaspberryPiPico/pico-sdk/src/rp2_common/hardware_clocks/clocks.c.obj
                0x100026fc                clock_configure
 .text.clocks_init
                0x10002804      0x100 CMakeFiles/main.dir/C_/RaspberryPiPico/pico-sdk/src/rp2_common/hardware_clocks/clocks.c.obj
                0x10002804                clocks_init
 .text.clock_get_hz
                0x10002904        0xc CMakeFiles/main.dir/C_/RaspberryPiPico/pico-sdk/src/rp2_common/hardware_clocks/clocks.c.obj
                0x10002904                clock_get_hz
 .text.pll_init
                0x10002910      0x120 CMakeFiles/main.dir/C_/RaspberryPiPico/pico-sdk/src/rp2_common/hardware_pll/pll.c.obj
                0x10002910                pll_init
 .text.watchdog_start_tick
                0x10002a30       0x10 CMakeFiles/main.dir/C_/RaspberryPiPico/pico-sdk/src/rp2_common/hardware_watchdog/watchdog.c.obj
                0x10002a30                watchdog_start_tick
 .text.xosc_init
                0x10002a40       0x28 CMakeFiles/main.dir/C_/RaspberryPiPico/pico-sdk/src/rp2_common/hardware_xosc/xosc.c.obj
                0x10002a40                xosc_init
 .text._exit    0x10002a68        0x4 CMakeFiles/main.dir/C_/RaspberryPiPico/pico-sdk/src/rp2_common/pico_runtime/runtime.c.obj
                0x10002a68                _exit
 .text._sbrk    0x10002a6c       0x38 CMakeFiles/main.dir/C_/RaspberryPiPico/pico-sdk/src/rp2_common/pico_runtime/runtime.c.obj
                0x10002a6c                _sbrk
 .text.exit     0x10002aa4        0x6 CMakeFiles/main.dir/C_/RaspberryPiPico/pico-sdk/src/rp2_common/pico_runtime/runtime.c.obj
                0x10002aa4                exit
 *fill*         0x10002aaa        0x2 
 .text.__assert_func
                0x10002aac       0x3c CMakeFiles/main.dir/C_/RaspberryPiPico/pico-sdk/src/rp2_common/pico_runtime/runtime.c.obj
                0x10002aac                __assert_func
 .text.runtime_init
                0x10002ae8       0xf8 CMakeFiles/main.dir/C_/RaspberryPiPico/pico-sdk/src/rp2_common/pico_runtime/runtime.c.obj
                0x10002ae8                runtime_init
 .text.panic    0x10002be0       0x30 CMakeFiles/main.dir/C_/RaspberryPiPico/pico-sdk/src/rp2_common/pico_runtime/runtime.c.obj
                0x10002be0                panic
 .text._out_null
                0x10002c10        0x2 CMakeFiles/main.dir/C_/RaspberryPiPico/pico-sdk/src/rp2_common/pico_printf/printf.c.obj
 .text._out_fct
                0x10002c12        0xe CMakeFiles/main.dir/C_/RaspberryPiPico/pico-sdk/src/rp2_common/pico_printf/printf.c.obj
 .text._atoi    0x10002c20       0x24 CMakeFiles/main.dir/C_/RaspberryPiPico/pico-sdk/src/rp2_common/pico_printf/printf.c.obj
 .text._out_rev
                0x10002c44       0xae CMakeFiles/main.dir/C_/RaspberryPiPico/pico-sdk/src/rp2_common/pico_printf/printf.c.obj
 .text._ntoa_format
                0x10002cf2      0x112 CMakeFiles/main.dir/C_/RaspberryPiPico/pico-sdk/src/rp2_common/pico_printf/printf.c.obj
 .text._ntoa_long
                0x10002e04       0xbc CMakeFiles/main.dir/C_/RaspberryPiPico/pico-sdk/src/rp2_common/pico_printf/printf.c.obj
 .text._ntoa_long_long
                0x10002ec0       0xe2 CMakeFiles/main.dir/C_/RaspberryPiPico/pico-sdk/src/rp2_common/pico_printf/printf.c.obj
 *fill*         0x10002fa2        0x2 
 .text._etoa    0x10002fa4      0x414 CMakeFiles/main.dir/C_/RaspberryPiPico/pico-sdk/src/rp2_common/pico_printf/printf.c.obj
 .text._ftoa    0x100033b8      0x354 CMakeFiles/main.dir/C_/RaspberryPiPico/pico-sdk/src/rp2_common/pico_printf/printf.c.obj
 .text._vsnprintf
                0x1000370c      0x624 CMakeFiles/main.dir/C_/RaspberryPiPico/pico-sdk/src/rp2_common/pico_printf/printf.c.obj
 .text.vfctprintf
                0x10003d30       0x20 CMakeFiles/main.dir/C_/RaspberryPiPico/pico-sdk/src/rp2_common/pico_printf/printf.c.obj
                0x10003d30                vfctprintf
 .text          0x10003d50       0x10 CMakeFiles/main.dir/C_/RaspberryPiPico/pico-sdk/src/rp2_common/pico_bit_ops/bit_ops_aeabi.S.obj
 .text.rom_func_lookup
                0x10003d60       0x10 CMakeFiles/main.dir/C_/RaspberryPiPico/pico-sdk/src/rp2_common/pico_bootrom/bootrom.c.obj
                0x10003d60                rom_func_lookup
 .text.rom_data_lookup
                0x10003d70       0x10 CMakeFiles/main.dir/C_/RaspberryPiPico/pico-sdk/src/rp2_common/pico_bootrom/bootrom.c.obj
                0x10003d70                rom_data_lookup
 .text.rom_funcs_lookup
                0x10003d80       0x36 CMakeFiles/main.dir/C_/RaspberryPiPico/pico-sdk/src/rp2_common/pico_bootrom/bootrom.c.obj
                0x10003d80                rom_funcs_lookup
 *fill*         0x10003db6        0x2 
 .text.__wrap___aeabi_idiv
                0x10003db8       0x50 CMakeFiles/main.dir/C_/RaspberryPiPico/pico-sdk/src/rp2_common/pico_divider/divider.S.obj
                0x10003db8                __wrap___aeabi_idivmod
                0x10003db8                divmod_s32s32
                0x10003db8                div_s32s32
                0x10003db8                __wrap___aeabi_idiv
                0x10003dc0                divmod_s32s32_unsafe
                0x10003dec                divmod_s32s32_savestate
 .text.__wrap___aeabi_uidiv
                0x10003e08       0x4c CMakeFiles/main.dir/C_/RaspberryPiPico/pico-sdk/src/rp2_common/pico_divider/divider.S.obj
                0x10003e08                __wrap___aeabi_uidiv
                0x10003e08                __wrap___aeabi_uidivmod
                0x10003e08                div_u32u32
                0x10003e08                divmod_u32u32
                0x10003e10                divmod_u32u32_unsafe
                0x10003e38                divmod_u32u32_savestate
 .text.__wrap___aeabi_ldiv
                0x10003e54      0x424 CMakeFiles/main.dir/C_/RaspberryPiPico/pico-sdk/src/rp2_common/pico_divider/divider.S.obj
                0x10003e54                div_s64s64
                0x10003e54                divmod_s64s64
                0x10003e54                __wrap___aeabi_ldivmod
                0x10003e84                divmod_u64u64
                0x10003e84                div_u64u64
                0x10003e84                __wrap___aeabi_uldivmod
                0x10003e94                divmod_u64u64_savestate
                0x10003eb4                divmod_s64s64_unsafe
                0x10003f3c                divmod_u64u64_unsafe
 .text.__wrap___aeabi_darithmetic
                0x10004278       0x80 CMakeFiles/main.dir/C_/RaspberryPiPico/pico-sdk/src/rp2_common/pico_double/double_aeabi.S.obj
                0x10004278                __wrap___aeabi_drsub
                0x1000427e                __wrap___aeabi_dsub
                0x10004290                __wrap___aeabi_dadd
                0x100042a2                __wrap___aeabi_ddiv
                0x100042de                __wrap___aeabi_dmul
 .text.__wrap___aeabi_cdcmple
                0x100042f8       0x6c CMakeFiles/main.dir/C_/RaspberryPiPico/pico-sdk/src/rp2_common/pico_double/double_aeabi.S.obj
                0x100042f8                __wrap___aeabi_cdrcmple
                0x10004308                __wrap___aeabi_cdcmpeq
                0x10004308                __wrap___aeabi_cdcmple
 .text.__wrap___aeabi_dcmplt
                0x10004364        0xc CMakeFiles/main.dir/C_/RaspberryPiPico/pico-sdk/src/rp2_common/pico_double/double_aeabi.S.obj
                0x10004364                __wrap___aeabi_dcmplt
 .text.__wrap___aeabi_dcmple
                0x10004370       0x10 CMakeFiles/main.dir/C_/RaspberryPiPico/pico-sdk/src/rp2_common/pico_double/double_aeabi.S.obj
                0x10004370                __wrap___aeabi_dcmple
 .text.__wrap___aeabi_dcmpge
                0x10004380       0x10 CMakeFiles/main.dir/C_/RaspberryPiPico/pico-sdk/src/rp2_common/pico_double/double_aeabi.S.obj
                0x10004380                __wrap___aeabi_dcmpge
 .text.__wrap___aeabi_dcmpgt
                0x10004390        0xa CMakeFiles/main.dir/C_/RaspberryPiPico/pico-sdk/src/rp2_common/pico_double/double_aeabi.S.obj
                0x10004390                __wrap___aeabi_dcmpgt
 .text.__wrap___aeabi_dcmpun
                0x1000439a       0x1c CMakeFiles/main.dir/C_/RaspberryPiPico/pico-sdk/src/rp2_common/pico_double/double_aeabi.S.obj
                0x1000439a                __wrap___aeabi_dcmpun
 *fill*         0x100043b6        0x2 
 .text.__wrap___aeabi_i2d
                0x100043b8       0x38 CMakeFiles/main.dir/C_/RaspberryPiPico/pico-sdk/src/rp2_common/pico_double/double_aeabi.S.obj
                0x100043b8                __wrap___aeabi_ui2d
                0x100043c0                __wrap___aeabi_i2d
 .text.__wrap___aeabi_d2iz
                0x100043f0       0x48 CMakeFiles/main.dir/C_/RaspberryPiPico/pico-sdk/src/rp2_common/pico_double/double_aeabi.S.obj
                0x100043f0                double2int_z
                0x100043f0                __wrap___aeabi_d2iz
 .text.__wrap___aeabi_d2uiz
                0x10004438       0x18 CMakeFiles/main.dir/C_/RaspberryPiPico/pico-sdk/src/rp2_common/pico_double/double_aeabi.S.obj
                0x10004438                __wrap___aeabi_d2uiz
                0x10004438                double2uint
 .text.__aeabi_double_init
                0x10004450       0xc8 CMakeFiles/main.dir/C_/RaspberryPiPico/pico-sdk/src/rp2_common/pico_double/double_init_rom.c.obj
                0x10004450                __aeabi_double_init
 .text.double_table_shim_on_use_helper
                0x10004518       0x34 CMakeFiles/main.dir/C_/RaspberryPiPico/pico-sdk/src/rp2_common/pico_double/double_v1_rom_shim.S.obj
                0x10004518                double_table_shim_on_use_helper
 .text.__wrap___aeabi_dsub
                0x1000454c       0x10 CMakeFiles/main.dir/C_/RaspberryPiPico/pico-sdk/src/rp2_common/pico_double/double_v1_rom_shim.S.obj
                0x1000454c                drsub_shim
                0x10004552                dsub_shim
 .text.dadd_shim
                0x1000455c      0x15c CMakeFiles/main.dir/C_/RaspberryPiPico/pico-sdk/src/rp2_common/pico_double/double_v1_rom_shim.S.obj
                0x1000455c                dadd_shim
 .text.dmul_shim
                0x100046b8      0x15c CMakeFiles/main.dir/C_/RaspberryPiPico/pico-sdk/src/rp2_common/pico_double/double_v1_rom_shim.S.obj
                0x100046b8                dmul_shim
 .text.ddiv_shim
                0x10004814      0x1b0 CMakeFiles/main.dir/C_/RaspberryPiPico/pico-sdk/src/rp2_common/pico_double/double_v1_rom_shim.S.obj
                0x10004814                ddiv_shim
 .text.double2uint_shim
                0x100049c4        0xe CMakeFiles/main.dir/C_/RaspberryPiPico/pico-sdk/src/rp2_common/pico_double/double_v1_rom_shim.S.obj
                0x100049c4                double2uint_shim
                0x100049c6                double2ufix_shim
 *fill*         0x100049d2        0x2 
 .text.double2uint64_shim
                0x100049d4       0x70 CMakeFiles/main.dir/C_/RaspberryPiPico/pico-sdk/src/rp2_common/pico_double/double_v1_rom_shim.S.obj
                0x100049d4                double2uint64_shim
                0x100049d6                double2ufix64_shim
                0x100049f6                d2fix_a
 .text.dunpacks
                0x10004a44       0x3c CMakeFiles/main.dir/C_/RaspberryPiPico/pico-sdk/src/rp2_common/pico_double/double_v1_rom_shim.S.obj
                0x10004a44                dunpacks
 .text.__aeabi_lmul
                0x10004a80       0x32 CMakeFiles/main.dir/C_/RaspberryPiPico/pico-sdk/src/rp2_common/pico_int64_ops/pico_int64_ops_aeabi.S.obj
                0x10004a80                __wrap___aeabi_lmul
 *fill*         0x10004ab2        0x2 
 .text.__aeabi_float_init
                0x10004ab4       0xfc CMakeFiles/main.dir/C_/RaspberryPiPico/pico-sdk/src/rp2_common/pico_float/float_init_rom.c.obj
                0x10004ab4                __aeabi_float_init
 .text.float_table_shim_on_use_helper
                0x10004bb0       0x34 CMakeFiles/main.dir/C_/RaspberryPiPico/pico-sdk/src/rp2_common/pico_float/float_v1_rom_shim.S.obj
                0x10004bb0                float_table_shim_on_use_helper
 .text.__wrap_calloc
                0x10004be4       0x24 CMakeFiles/main.dir/C_/RaspberryPiPico/pico-sdk/src/rp2_common/pico_malloc/pico_malloc.c.obj
                0x10004be4                __wrap_calloc
 .text.__wrap_free
                0x10004c08        0x8 CMakeFiles/main.dir/C_/RaspberryPiPico/pico-sdk/src/rp2_common/pico_malloc/pico_malloc.c.obj
                0x10004c08                __wrap_free
 .text          0x10004c10       0x10 CMakeFiles/main.dir/C_/RaspberryPiPico/pico-sdk/src/rp2_common/pico_mem_ops/mem_ops_aeabi.S.obj
                0x10004c10                __aeabi_mem_init
 .text.memset   0x10004c20        0xc CMakeFiles/main.dir/C_/RaspberryPiPico/pico-sdk/src/rp2_common/pico_mem_ops/mem_ops_aeabi.S.obj
                0x10004c20                __wrap_memset
 .text.memcpy   0x10004c2c        0xc CMakeFiles/main.dir/C_/RaspberryPiPico/pico-sdk/src/rp2_common/pico_mem_ops/mem_ops_aeabi.S.obj
                0x10004c2c                __wrap_memcpy
                0x10004c2c                __wrap___aeabi_memcpy
 .text.stdio_out_chars_no_crlf
                0x10004c38        0xe CMakeFiles/main.dir/C_/RaspberryPiPico/pico-sdk/src/rp2_common/pico_stdio/stdio.c.obj
 *fill*         0x10004c46        0x2 
 .text.stdio_out_chars_crlf
                0x10004c48       0x80 CMakeFiles/main.dir/C_/RaspberryPiPico/pico-sdk/src/rp2_common/pico_stdio/stdio.c.obj
 .text.stdio_stack_buffer_flush
                0x10004cc8       0x44 CMakeFiles/main.dir/C_/RaspberryPiPico/pico-sdk/src/rp2_common/pico_stdio/stdio.c.obj
 .text.stdio_buffered_printer
                0x10004d0c       0x20 CMakeFiles/main.dir/C_/RaspberryPiPico/pico-sdk/src/rp2_common/pico_stdio/stdio.c.obj
 .text.stdout_serialize_begin
                0x10004d2c       0x5c CMakeFiles/main.dir/C_/RaspberryPiPico/pico-sdk/src/rp2_common/pico_stdio/stdio.c.obj
                0x10004d2c                stdout_serialize_begin
 .text.stdout_serialize_end
                0x10004d88       0x10 CMakeFiles/main.dir/C_/RaspberryPiPico/pico-sdk/src/rp2_common/pico_stdio/stdio.c.obj
                0x10004d88                stdout_serialize_end
 .text.stdio_put_string
                0x10004d98       0x98 CMakeFiles/main.dir/C_/RaspberryPiPico/pico-sdk/src/rp2_common/pico_stdio/stdio.c.obj
 .text.__wrap_putchar
                0x10004e30       0x1c CMakeFiles/main.dir/C_/RaspberryPiPico/pico-sdk/src/rp2_common/pico_stdio/stdio.c.obj
                0x10004e30                __wrap_putchar
 .text.stdio_set_driver_enabled
                0x10004e4c       0x2c CMakeFiles/main.dir/C_/RaspberryPiPico/pico-sdk/src/rp2_common/pico_stdio/stdio.c.obj
                0x10004e4c                stdio_set_driver_enabled
 .text.stdio_flush
                0x10004e78       0x20 CMakeFiles/main.dir/C_/RaspberryPiPico/pico-sdk/src/rp2_common/pico_stdio/stdio.c.obj
                0x10004e78                stdio_flush
 .text.__wrap_puts
                0x10004e98       0x1e CMakeFiles/main.dir/C_/RaspberryPiPico/pico-sdk/src/rp2_common/pico_stdio/stdio.c.obj
                0x10004e98                __wrap_puts
 *fill*         0x10004eb6        0x2 
 .text.__wrap_vprintf
                0x10004eb8       0x40 CMakeFiles/main.dir/C_/RaspberryPiPico/pico-sdk/src/rp2_common/pico_stdio/stdio.c.obj
                0x10004eb8                __wrap_vprintf
 .text.__wrap_printf
                0x10004ef8       0x18 CMakeFiles/main.dir/C_/RaspberryPiPico/pico-sdk/src/rp2_common/pico_stdio/stdio.c.obj
                0x10004ef8                __wrap_printf
 .text.stdio_init_all
                0x10004f10        0xa CMakeFiles/main.dir/C_/RaspberryPiPico/pico-sdk/src/rp2_common/pico_stdio/stdio.c.obj
                0x10004f10                stdio_init_all
 *fill*         0x10004f1a        0x2 
 .text.stdio_uart_out_chars
                0x10004f1c       0x74 CMakeFiles/main.dir/C_/RaspberryPiPico/pico-sdk/src/rp2_common/pico_stdio_uart/stdio_uart.c.obj
 .text.stdio_uart_in_chars
                0x10004f90       0x80 CMakeFiles/main.dir/C_/RaspberryPiPico/pico-sdk/src/rp2_common/pico_stdio_uart/stdio_uart.c.obj
                0x10004f90                stdio_uart_in_chars
 .text.on_uart_rx
                0x10005010       0x28 CMakeFiles/main.dir/C_/RaspberryPiPico/pico-sdk/src/rp2_common/pico_stdio_uart/stdio_uart.c.obj
 .text.stdio_uart_set_chars_available_callback
                0x10005038       0x8c CMakeFiles/main.dir/C_/RaspberryPiPico/pico-sdk/src/rp2_common/pico_stdio_uart/stdio_uart.c.obj
 .text.stdio_uart_init_full
                0x100050c4       0x44 CMakeFiles/main.dir/C_/RaspberryPiPico/pico-sdk/src/rp2_common/pico_stdio_uart/stdio_uart.c.obj
                0x100050c4                stdio_uart_init_full
 .text.stdio_uart_init
                0x10005108       0x28 CMakeFiles/main.dir/C_/RaspberryPiPico/pico-sdk/src/rp2_common/pico_stdio_uart/stdio_uart.c.obj
                0x10005108                stdio_uart_init
 .text.calloc   0x10005130       0x18 c:/progra~2/gnu arm embedded toolchain/10 2021.10/bin/../lib/gcc/arm-none-eabi/10.3.1/../../../../arm-none-eabi/lib/thumb/v6-m/nofp\libg.a(lib_a-calloc.o)
                0x10005130                calloc
 .text._calloc_r
                0x10005148       0x9c c:/progra~2/gnu arm embedded toolchain/10 2021.10/bin/../lib/gcc/arm-none-eabi/10.3.1/../../../../arm-none-eabi/lib/thumb/v6-m/nofp\libg.a(lib_a-callocr.o)
                0x10005148                _calloc_r
 .text.__errno  0x100051e4        0xc c:/progra~2/gnu arm embedded toolchain/10 2021.10/bin/../lib/gcc/arm-none-eabi/10.3.1/../../../../arm-none-eabi/lib/thumb/v6-m/nofp\libg.a(lib_a-errno.o)
                0x100051e4                __errno
 .text.free     0x100051f0       0x14 c:/progra~2/gnu arm embedded toolchain/10 2021.10/bin/../lib/gcc/arm-none-eabi/10.3.1/../../../../arm-none-eabi/lib/thumb/v6-m/nofp\libg.a(lib_a-malloc.o)
                0x100051f0                free
 .text._malloc_r
                0x10005204      0x584 c:/progra~2/gnu arm embedded toolchain/10 2021.10/bin/../lib/gcc/arm-none-eabi/10.3.1/../../../../arm-none-eabi/lib/thumb/v6-m/nofp\libg.a(lib_a-mallocr.o)
                0x10005204                _malloc_r
 .text.__malloc_lock
                0x10005788       0x10 c:/progra~2/gnu arm embedded toolchain/10 2021.10/bin/../lib/gcc/arm-none-eabi/10.3.1/../../../../arm-none-eabi/lib/thumb/v6-m/nofp\libg.a(lib_a-mlock.o)
                0x10005788                __malloc_lock
 .text.__malloc_unlock
                0x10005798       0x10 c:/progra~2/gnu arm embedded toolchain/10 2021.10/bin/../lib/gcc/arm-none-eabi/10.3.1/../../../../arm-none-eabi/lib/thumb/v6-m/nofp\libg.a(lib_a-mlock.o)
                0x10005798                __malloc_unlock
 .text._sbrk_r  0x100057a8       0x24 c:/progra~2/gnu arm embedded toolchain/10 2021.10/bin/../lib/gcc/arm-none-eabi/10.3.1/../../../../arm-none-eabi/lib/thumb/v6-m/nofp\libg.a(lib_a-sbrkr.o)
                0x100057a8                _sbrk_r
 .text.strlcpy  0x100057cc       0x50 c:/progra~2/gnu arm embedded toolchain/10 2021.10/bin/../lib/gcc/arm-none-eabi/10.3.1/../../../../arm-none-eabi/lib/thumb/v6-m/nofp\libg.a(lib_a-strlcpy.o)
                0x100057cc                strlcpy
 .text.strlen   0x1000581c       0x5c c:/progra~2/gnu arm embedded toolchain/10 2021.10/bin/../lib/gcc/arm-none-eabi/10.3.1/../../../../arm-none-eabi/lib/thumb/v6-m/nofp\libg.a(lib_a-strlen-stub.o)
                0x1000581c                strlen
 .text._malloc_trim_r
                0x10005878       0x9c c:/progra~2/gnu arm embedded toolchain/10 2021.10/bin/../lib/gcc/arm-none-eabi/10.3.1/../../../../arm-none-eabi/lib/thumb/v6-m/nofp\libg.a(lib_a-freer.o)
                0x10005878                _malloc_trim_r
 .text._free_r  0x10005914      0x1c4 c:/progra~2/gnu arm embedded toolchain/10 2021.10/bin/../lib/gcc/arm-none-eabi/10.3.1/../../../../arm-none-eabi/lib/thumb/v6-m/nofp\libg.a(lib_a-freer.o)
                0x10005914                _free_r
 .text.__retarget_lock_acquire_recursive
                0x10005ad8        0x4 c:/progra~2/gnu arm embedded toolchain/10 2021.10/bin/../lib/gcc/arm-none-eabi/10.3.1/../../../../arm-none-eabi/lib/thumb/v6-m/nofp\libg.a(lib_a-lock.o)
                0x10005ad8                __retarget_lock_acquire_recursive
 .text.__retarget_lock_release_recursive
                0x10005adc        0x4 c:/progra~2/gnu arm embedded toolchain/10 2021.10/bin/../lib/gcc/arm-none-eabi/10.3.1/../../../../arm-none-eabi/lib/thumb/v6-m/nofp\libg.a(lib_a-lock.o)
                0x10005adc                __retarget_lock_release_recursive
 *(.fini)
 .fini          0x10005ae0        0x4 c:/progra~2/gnu arm embedded toolchain/10 2021.10/bin/../lib/gcc/arm-none-eabi/10.3.1/thumb/v6-m/nofp/crti.o
                0x10005ae0                _fini
 *fill*         0x10005ae4        0x4 
 .fini.__stub   0x10005ae8       0x40 linker stubs
 *crtbegin.o(.ctors)
 *crtbegin?.o(.ctors)
 *(EXCLUDE_FILE(*crtend.o *crtend?.o) .ctors)
 *(SORT_BY_NAME(.ctors.*))
 *(.ctors)
 *crtbegin.o(.dtors)
 *crtbegin?.o(.dtors)
 *(EXCLUDE_FILE(*crtend.o *crtend?.o) .dtors)
 *(SORT_BY_NAME(.dtors.*))
 *(.dtors)
 *(.eh_frame*)
 .eh_frame      0x10005b28        0x0 c:/progra~2/gnu arm embedded toolchain/10 2021.10/bin/../lib/gcc/arm-none-eabi/10.3.1/thumb/v6-m/nofp/crtbegin.o
                0x10005b28                . = ALIGN (0x4)

.glue_7         0x10005b28        0x0
 .glue_7        0x10005b28        0x0 linker stubs

.glue_7t        0x10005b28        0x0
 .glue_7t       0x10005b28        0x0 linker stubs

.vfp11_veneer   0x10005b28        0x0
 .vfp11_veneer  0x10005b28        0x0 linker stubs

.v4_bx          0x10005b28        0x0
 .v4_bx         0x10005b28        0x0 linker stubs

.iplt           0x10005b28        0x0
 .iplt          0x10005b28        0x0 c:/progra~2/gnu arm embedded toolchain/10 2021.10/bin/../lib/gcc/arm-none-eabi/10.3.1/thumb/v6-m/nofp/crtbegin.o

.rodata         0x10005b28     0x13c8
 *(EXCLUDE_FILE(*libm.a: *libc.a:*lib_a-mem*.o *libgcc.a:) .rodata*)
 .rodata.hello_world.str1.4
                0x10005b28       0x19 CMakeFiles/main.dir/main.c.obj
 *fill*         0x10005b41        0x3 
 .rodata.main.str1.4
                0x10005b44       0x51 CMakeFiles/main.dir/main.c.obj
 *fill*         0x10005b95        0x3 
 .rodata.list_init.str1.4
                0x10005b98       0x55 CMakeFiles/main.dir/misc/list.c.obj
 *fill*         0x10005bed        0x3 
 .rodata.list_next.str1.4
                0x10005bf0       0x25 CMakeFiles/main.dir/misc/list.c.obj
 *fill*         0x10005c15        0x3 
 .rodata.list_insert.str1.4
                0x10005c18       0x39 CMakeFiles/main.dir/misc/list.c.obj
 *fill*         0x10005c51        0x3 
 .rodata.list_remove.str1.4
                0x10005c54       0x13 CMakeFiles/main.dir/misc/list.c.obj
 *fill*         0x10005c67        0x1 
 .rodata.list_front.str1.4
                0x10005c68       0x13 CMakeFiles/main.dir/misc/list.c.obj
 *fill*         0x10005c7b        0x1 
 .rodata.__func__.15
                0x10005c7c        0x9 CMakeFiles/main.dir/misc/list.c.obj
 *fill*         0x10005c85        0x3 
 .rodata.__func__.16
                0x10005c88        0xa CMakeFiles/main.dir/misc/list.c.obj
 *fill*         0x10005c92        0x2 
 .rodata.__func__.17
                0x10005c94        0xb CMakeFiles/main.dir/misc/list.c.obj
 *fill*         0x10005c9f        0x1 
 .rodata.__func__.18
                0x10005ca0        0xa CMakeFiles/main.dir/misc/list.c.obj
 *fill*         0x10005caa        0x2 
 .rodata.__func__.6
                0x10005cac        0xb CMakeFiles/main.dir/misc/list.c.obj
 *fill*         0x10005cb7        0x1 
 .rodata.__func__.7
                0x10005cb8        0xc CMakeFiles/main.dir/misc/list.c.obj
 .rodata.__func__.9
                0x10005cc4        0xc CMakeFiles/main.dir/misc/list.c.obj
 .rodata.alloc_frame.str1.4
                0x10005cd0       0x62 CMakeFiles/main.dir/threads/thread.c.obj
                                 0x7a (size before relaxing)
 *fill*         0x10005d32        0x2 
 .rodata.init_thread.str1.4
                0x10005d34       0x35 CMakeFiles/main.dir/threads/thread.c.obj
 *fill*         0x10005d69        0x3 
 .rodata.thread_init.str1.4
                0x10005d6c       0x57 CMakeFiles/main.dir/threads/thread.c.obj
 *fill*         0x10005dc3        0x1 
 .rodata.thread_unblock.str1.4
                0x10005dc4       0x1c CMakeFiles/main.dir/threads/thread.c.obj
 .rodata.thread_create.str1.4
                0x10005de0       0x19 CMakeFiles/main.dir/threads/thread.c.obj
 *fill*         0x10005df9        0x3 
 .rodata.thread_schedule_tail.str1.4
                0x10005dfc        0xc CMakeFiles/main.dir/threads/thread.c.obj
 .rodata.schedule.str1.4
                0x10005e08       0x31 CMakeFiles/main.dir/threads/thread.c.obj
 *fill*         0x10005e39        0x3 
 .rodata.thread_current.str1.4
                0x10005e3c       0x1c CMakeFiles/main.dir/threads/thread.c.obj
 .rodata.idle.str1.4
                0x10005e58       0x1a CMakeFiles/main.dir/threads/thread.c.obj
 *fill*         0x10005e72        0x2 
 .rodata.thread_yield.str1.4
                0x10005e74       0x3b CMakeFiles/main.dir/threads/thread.c.obj
 *fill*         0x10005eaf        0x1 
 .rodata.thread_exit.str1.4
                0x10005eb0       0x13 CMakeFiles/main.dir/threads/thread.c.obj
 *fill*         0x10005ec3        0x1 
 .rodata.print_thread_list.str1.4
                0x10005ec4       0x16 CMakeFiles/main.dir/threads/thread.c.obj
                                 0x26 (size before relaxing)
 *fill*         0x10005eda        0x2 
 .rodata.__func__.0
                0x10005edc       0x12 CMakeFiles/main.dir/threads/thread.c.obj
 *fill*         0x10005eee        0x2 
 .rodata.__func__.1
                0x10005ef0        0xf CMakeFiles/main.dir/threads/thread.c.obj
 *fill*         0x10005eff        0x1 
 .rodata.__func__.2
                0x10005f00       0x15 CMakeFiles/main.dir/threads/thread.c.obj
 *fill*         0x10005f15        0x3 
 .rodata.__func__.3
                0x10005f18        0x9 CMakeFiles/main.dir/threads/thread.c.obj
 *fill*         0x10005f21        0x3 
 .rodata.__func__.4
                0x10005f24        0xf CMakeFiles/main.dir/threads/thread.c.obj
 *fill*         0x10005f33        0x1 
 .rodata.__func__.5
                0x10005f34        0xc CMakeFiles/main.dir/threads/thread.c.obj
 .rodata.__func__.6
                0x10005f40        0xe CMakeFiles/main.dir/threads/thread.c.obj
 *fill*         0x10005f4e        0x2 
 .rodata.__func__.8
                0x10005f50        0xc CMakeFiles/main.dir/threads/thread.c.obj
 .rodata.debug_panic.str1.4
                0x10005f5c       0x27 CMakeFiles/main.dir/lib/debug.c.obj
 *fill*         0x10005f83        0x1 
 .rodata.make_branch.str1.4
                0x10005f84       0x6e CMakeFiles/main.dir/C_/RaspberryPiPico/pico-sdk/src/rp2_common/hardware_irq/irq.c.obj
 *fill*         0x10005ff2        0x2 
 .rodata.insert_branch_and_link.str1.4
                0x10005ff4       0x10 CMakeFiles/main.dir/C_/RaspberryPiPico/pico-sdk/src/rp2_common/hardware_irq/irq.c.obj
 .rodata.irq_set_exclusive_handler.str1.4
                0x10006004       0x36 CMakeFiles/main.dir/C_/RaspberryPiPico/pico-sdk/src/rp2_common/hardware_irq/irq.c.obj
 *fill*         0x1000603a        0x2 
 .rodata.irq_add_shared_handler.str1.4
                0x1000603c       0xd9 CMakeFiles/main.dir/C_/RaspberryPiPico/pico-sdk/src/rp2_common/hardware_irq/irq.c.obj
 *fill*         0x10006115        0x3 
 .rodata.irq_remove_handler.str1.4
                0x10006118       0x3a CMakeFiles/main.dir/C_/RaspberryPiPico/pico-sdk/src/rp2_common/hardware_irq/irq.c.obj
 *fill*         0x10006152        0x2 
 .rodata.irq_add_tail_to_free_list.str1.4
                0x10006154       0x3a CMakeFiles/main.dir/C_/RaspberryPiPico/pico-sdk/src/rp2_common/hardware_irq/irq.c.obj
 *fill*         0x1000618e        0x2 
 .rodata.__func__.0
                0x10006190       0x1a CMakeFiles/main.dir/C_/RaspberryPiPico/pico-sdk/src/rp2_common/hardware_irq/irq.c.obj
 *fill*         0x100061aa        0x2 
 .rodata.__func__.1
                0x100061ac       0x17 CMakeFiles/main.dir/C_/RaspberryPiPico/pico-sdk/src/rp2_common/hardware_irq/irq.c.obj
 *fill*         0x100061c3        0x1 
 .rodata.__func__.2
                0x100061c4       0x13 CMakeFiles/main.dir/C_/RaspberryPiPico/pico-sdk/src/rp2_common/hardware_irq/irq.c.obj
 *fill*         0x100061d7        0x1 
 .rodata.__func__.3
                0x100061d8        0xc CMakeFiles/main.dir/C_/RaspberryPiPico/pico-sdk/src/rp2_common/hardware_irq/irq.c.obj
 .rodata.__func__.4
                0x100061e4        0xf CMakeFiles/main.dir/C_/RaspberryPiPico/pico-sdk/src/rp2_common/hardware_irq/irq.c.obj
 *fill*         0x100061f3        0x1 
 .rodata.__func__.6
                0x100061f4       0x1a CMakeFiles/main.dir/C_/RaspberryPiPico/pico-sdk/src/rp2_common/hardware_irq/irq.c.obj
 *fill*         0x1000620e        0x2 
 .rodata.str1.4
                0x10006210       0xf1 CMakeFiles/main.dir/C_/RaspberryPiPico/pico-sdk/src/common/pico_sync/mutex.c.obj
 *fill*         0x10006301        0x3 
 .rodata.__func__.1
                0x10006304        0xb CMakeFiles/main.dir/C_/RaspberryPiPico/pico-sdk/src/common/pico_sync/mutex.c.obj
 *fill*         0x1000630f        0x1 
 .rodata.__func__.3
                0x10006310       0x18 CMakeFiles/main.dir/C_/RaspberryPiPico/pico-sdk/src/common/pico_sync/mutex.c.obj
 .rodata.repeating_timer_callback.str1.4
                0x10006328       0x4c CMakeFiles/main.dir/C_/RaspberryPiPico/pico-sdk/src/common/pico_time/time.c.obj
 .rodata.timer_pool_entry_comparator.str1.4
                0x10006374       0x22 CMakeFiles/main.dir/C_/RaspberryPiPico/pico-sdk/src/common/pico_time/time.c.obj
 *fill*         0x10006396        0x2 
 .rodata.ph_add_child_node.str1.4
                0x10006398       0x96 CMakeFiles/main.dir/C_/RaspberryPiPico/pico-sdk/src/common/pico_time/time.c.obj
 *fill*         0x1000642e        0x2 
 .rodata.add_alarm_under_lock.str1.4
                0x10006430       0x28 CMakeFiles/main.dir/C_/RaspberryPiPico/pico-sdk/src/common/pico_time/time.c.obj
                                 0x2b (size before relaxing)
 .rodata.alarm_pool_alarm_callback.str1.4
                0x10006458       0x98 CMakeFiles/main.dir/C_/RaspberryPiPico/pico-sdk/src/common/pico_time/time.c.obj
                                 0xfc (size before relaxing)
 .rodata.alarm_pool_get_default.str1.4
                0x100064f0       0x21 CMakeFiles/main.dir/C_/RaspberryPiPico/pico-sdk/src/common/pico_time/time.c.obj
 *fill*         0x10006511        0x3 
 .rodata.alarm_pool_cancel_alarm.str1.4
                0x10006514       0x27 CMakeFiles/main.dir/C_/RaspberryPiPico/pico-sdk/src/common/pico_time/time.c.obj
 *fill*         0x1000653b        0x1 
 .rodata.sleep_until.str1.4
                0x1000653c       0x4d CMakeFiles/main.dir/C_/RaspberryPiPico/pico-sdk/src/common/pico_time/time.c.obj
 *fill*         0x10006589        0x3 
 .rodata.__func__.0
                0x1000658c       0x19 CMakeFiles/main.dir/C_/RaspberryPiPico/pico-sdk/src/common/pico_time/time.c.obj
 *fill*         0x100065a5        0x3 
 .rodata.__func__.1
                0x100065a8       0x18 CMakeFiles/main.dir/C_/RaspberryPiPico/pico-sdk/src/common/pico_time/time.c.obj
 .rodata.__func__.10
                0x100065c0       0x15 CMakeFiles/main.dir/C_/RaspberryPiPico/pico-sdk/src/common/pico_time/time.c.obj
 *fill*         0x100065d5        0x3 
 .rodata.__func__.11
                0x100065d8       0x1a CMakeFiles/main.dir/C_/RaspberryPiPico/pico-sdk/src/common/pico_time/time.c.obj
 *fill*         0x100065f2        0x2 
 .rodata.__func__.12
                0x100065f4        0xa CMakeFiles/main.dir/C_/RaspberryPiPico/pico-sdk/src/common/pico_time/time.c.obj
 *fill*         0x100065fe        0x2 
 .rodata.__func__.3
                0x10006600       0x17 CMakeFiles/main.dir/C_/RaspberryPiPico/pico-sdk/src/common/pico_time/time.c.obj
 *fill*         0x10006617        0x1 
 .rodata.__func__.4
                0x10006618       0x12 CMakeFiles/main.dir/C_/RaspberryPiPico/pico-sdk/src/common/pico_time/time.c.obj
 *fill*         0x1000662a        0x2 
 .rodata.__func__.5
                0x1000662c        0xd CMakeFiles/main.dir/C_/RaspberryPiPico/pico-sdk/src/common/pico_time/time.c.obj
 *fill*         0x10006639        0x3 
 .rodata.__func__.6
                0x1000663c       0x12 CMakeFiles/main.dir/C_/RaspberryPiPico/pico-sdk/src/common/pico_time/time.c.obj
 *fill*         0x1000664e        0x2 
 .rodata.__func__.7
                0x10006650        0xf CMakeFiles/main.dir/C_/RaspberryPiPico/pico-sdk/src/common/pico_time/time.c.obj
 *fill*         0x1000665f        0x1 
 .rodata.__func__.8
                0x10006660        0xc CMakeFiles/main.dir/C_/RaspberryPiPico/pico-sdk/src/common/pico_time/time.c.obj
 .rodata.__func__.9
                0x1000666c       0x15 CMakeFiles/main.dir/C_/RaspberryPiPico/pico-sdk/src/common/pico_time/time.c.obj
 *fill*         0x10006681        0x3 
 .rodata.hardware_alarm_claim.str1.4
                0x10006684       0x22 CMakeFiles/main.dir/C_/RaspberryPiPico/pico-sdk/src/rp2_common/hardware_timer/timer.c.obj
 .rodata.busy_wait_us.str1.4
                0x100066a6       0x62 CMakeFiles/main.dir/C_/RaspberryPiPico/pico-sdk/src/rp2_common/hardware_timer/timer.c.obj
 *fill*         0x100066a6        0x2 
 .rodata.hardware_alarm_set_target.str1.4
                0x100066a8       0x66 CMakeFiles/main.dir/C_/RaspberryPiPico/pico-sdk/src/rp2_common/hardware_timer/timer.c.obj
 *fill*         0x1000670e        0x2 
 .rodata.__func__.0
                0x10006710       0x1a CMakeFiles/main.dir/C_/RaspberryPiPico/pico-sdk/src/rp2_common/hardware_timer/timer.c.obj
 *fill*         0x1000672a        0x2 
 .rodata.__func__.1
                0x1000672c       0x15 CMakeFiles/main.dir/C_/RaspberryPiPico/pico-sdk/src/rp2_common/hardware_timer/timer.c.obj
 .rodata.ph_add_child_node.str1.4
                0x10006741       0x96 CMakeFiles/main.dir/C_/RaspberryPiPico/pico-sdk/src/common/pico_util/pheap.c.obj
 *fill*         0x10006741        0x3 
 .rodata.ph_remove_any_head.str1.4
                0x10006744       0x90 CMakeFiles/main.dir/C_/RaspberryPiPico/pico-sdk/src/common/pico_util/pheap.c.obj
                                 0xa4 (size before relaxing)
 .rodata.ph_remove_and_free_node.str1.4
                0x100067d4       0x1e CMakeFiles/main.dir/C_/RaspberryPiPico/pico-sdk/src/common/pico_util/pheap.c.obj
                                 0x26 (size before relaxing)
 *fill*         0x100067f2        0x2 
 .rodata.__func__.0
                0x100067f4       0x18 CMakeFiles/main.dir/C_/RaspberryPiPico/pico-sdk/src/common/pico_util/pheap.c.obj
 .rodata.__func__.1
                0x1000680c       0x13 CMakeFiles/main.dir/C_/RaspberryPiPico/pico-sdk/src/common/pico_util/pheap.c.obj
 *fill*         0x1000681f        0x1 
 .rodata.__func__.2
                0x10006820       0x12 CMakeFiles/main.dir/C_/RaspberryPiPico/pico-sdk/src/common/pico_util/pheap.c.obj
 *fill*         0x10006832        0x2 
 .rodata.__func__.3
                0x10006834        0xc CMakeFiles/main.dir/C_/RaspberryPiPico/pico-sdk/src/common/pico_util/pheap.c.obj
 .rodata.clock_configure.str1.4
                0x10006840       0x58 CMakeFiles/main.dir/C_/RaspberryPiPico/pico-sdk/src/rp2_common/hardware_clocks/clocks.c.obj
 .rodata.__func__.1
                0x10006898       0x10 CMakeFiles/main.dir/C_/RaspberryPiPico/pico-sdk/src/rp2_common/hardware_clocks/clocks.c.obj
 .rodata.pll_init.str1.4
                0x100068a8      0x124 CMakeFiles/main.dir/C_/RaspberryPiPico/pico-sdk/src/rp2_common/hardware_pll/pll.c.obj
 .rodata.__func__.0
                0x100069cc        0x9 CMakeFiles/main.dir/C_/RaspberryPiPico/pico-sdk/src/rp2_common/hardware_pll/pll.c.obj
 *fill*         0x100069d5        0x3 
 .rodata.__assert_func.str1.4
                0x100069d8       0x3f CMakeFiles/main.dir/C_/RaspberryPiPico/pico-sdk/src/rp2_common/pico_runtime/runtime.c.obj
                                 0x43 (size before relaxing)
 *fill*         0x10006a17        0x1 
 .rodata.runtime_init.str1.4
                0x10006a18       0x62 CMakeFiles/main.dir/C_/RaspberryPiPico/pico-sdk/src/rp2_common/pico_runtime/runtime.c.obj
 *fill*         0x10006a7a        0x2 
 .rodata.panic.str1.4
                0x10006a7c       0x12 CMakeFiles/main.dir/C_/RaspberryPiPico/pico-sdk/src/rp2_common/pico_runtime/runtime.c.obj
 *fill*         0x10006a8e        0x2 
 .rodata.__func__.2
                0x10006a90        0xd CMakeFiles/main.dir/C_/RaspberryPiPico/pico-sdk/src/rp2_common/pico_runtime/runtime.c.obj
 *fill*         0x10006a9d        0x3 
 .rodata._ftoa.str1.4
                0x10006aa0       0x15 CMakeFiles/main.dir/C_/RaspberryPiPico/pico-sdk/src/rp2_common/pico_printf/printf.c.obj
 *fill*         0x10006ab5        0x3 
 .rodata._vsnprintf
                0x10006ab8      0x1e0 CMakeFiles/main.dir/C_/RaspberryPiPico/pico-sdk/src/rp2_common/pico_printf/printf.c.obj
 .rodata.pow10.0
                0x10006c98       0x50 CMakeFiles/main.dir/C_/RaspberryPiPico/pico-sdk/src/rp2_common/pico_printf/printf.c.obj
 .rodata.__aeabi_double_init.str1.4
                0x10006ce8       0x9d CMakeFiles/main.dir/C_/RaspberryPiPico/pico-sdk/src/rp2_common/pico_double/double_init_rom.c.obj
 *fill*         0x10006d85        0x3 
 .rodata.__func__.0
                0x10006d88       0x14 CMakeFiles/main.dir/C_/RaspberryPiPico/pico-sdk/src/rp2_common/pico_double/double_init_rom.c.obj
 .rodata.__aeabi_float_init.str1.4
                0x10006d9c       0x7b CMakeFiles/main.dir/C_/RaspberryPiPico/pico-sdk/src/rp2_common/pico_float/float_init_rom.c.obj
                                 0x7f (size before relaxing)
 *fill*         0x10006e17        0x1 
 .rodata.__func__.0
                0x10006e18       0x13 CMakeFiles/main.dir/C_/RaspberryPiPico/pico-sdk/src/rp2_common/pico_float/float_init_rom.c.obj
 *fill*         0x10006e2b        0x1 
 .rodata.__wrap_malloc.str1.4
                0x10006e2c        0xe CMakeFiles/main.dir/C_/RaspberryPiPico/pico-sdk/src/rp2_common/pico_malloc/pico_malloc.c.obj
 *fill*         0x10006e3a        0x2 
 .rodata.str1.4
                0x10006e3c       0x34 CMakeFiles/main.dir/C_/RaspberryPiPico/pico-sdk/src/rp2_common/pico_standard_link/binary_info.c.obj
                                 0x3c (size before relaxing)
 .rodata.__bi_44
                0x10006e70        0xc CMakeFiles/main.dir/C_/RaspberryPiPico/pico-sdk/src/rp2_common/pico_standard_link/binary_info.c.obj
 .rodata.__bi_75
                0x10006e7c        0xc CMakeFiles/main.dir/C_/RaspberryPiPico/pico-sdk/src/rp2_common/pico_standard_link/binary_info.c.obj
 .rodata.__bi_81
                0x10006e88        0xc CMakeFiles/main.dir/C_/RaspberryPiPico/pico-sdk/src/rp2_common/pico_standard_link/binary_info.c.obj
 .rodata.stdout_serialize_begin.str1.4
                0x10006e94       0x62 CMakeFiles/main.dir/C_/RaspberryPiPico/pico-sdk/src/rp2_common/pico_stdio/stdio.c.obj
 .rodata.__func__.3
                0x10006e94       0x15 CMakeFiles/main.dir/C_/RaspberryPiPico/pico-sdk/src/rp2_common/pico_stdio/stdio.c.obj
 *fill*         0x10006ea9        0x3 
 .rodata.crlf_str.2
                0x10006eac        0x2 CMakeFiles/main.dir/C_/RaspberryPiPico/pico-sdk/src/rp2_common/pico_stdio/stdio.c.obj
 *fill*         0x10006eae        0x2 
 .rodata.str1.4
                0x10006eb0       0x2c CMakeFiles/main.dir/C_/RaspberryPiPico/pico-sdk/src/rp2_common/pico_stdio_uart/stdio_uart.c.obj
 .rodata.__bi_33.4
                0x10006edc        0xc CMakeFiles/main.dir/C_/RaspberryPiPico/pico-sdk/src/rp2_common/pico_stdio_uart/stdio_uart.c.obj
 .rodata.__bi_34.5
                0x10006ee8        0x8 CMakeFiles/main.dir/C_/RaspberryPiPico/pico-sdk/src/rp2_common/pico_stdio_uart/stdio_uart.c.obj
                0x10006ef0                . = ALIGN (0x4)
 *(SORT_BY_ALIGNMENT(SORT_BY_NAME(.flashdata*)))
                0x10006ef0                . = ALIGN (0x4)

.ARM.extab
 *(.ARM.extab* .gnu.linkonce.armextab.*)
                0x10006ef0                __exidx_start = .

.ARM.exidx
 *(.ARM.exidx* .gnu.linkonce.armexidx.*)
                0x10006ef0                __exidx_end = .
                0x10006ef0                . = ALIGN (0x4)
                0x10006ef0                __binary_info_start = .

.binary_info    0x10006ef0       0x24
 *(.binary_info.keep.*)
 .binary_info.keep.__bi_ptr22
                0x10006ef0        0x4 CMakeFiles/main.dir/C_/RaspberryPiPico/pico-sdk/src/rp2_common/pico_standard_link/binary_info.c.obj
 .binary_info.keep.__bi_ptr30
                0x10006ef4        0x4 CMakeFiles/main.dir/C_/RaspberryPiPico/pico-sdk/src/rp2_common/pico_standard_link/binary_info.c.obj
 .binary_info.keep.__bi_ptr38
                0x10006ef8        0x4 CMakeFiles/main.dir/C_/RaspberryPiPico/pico-sdk/src/rp2_common/pico_standard_link/binary_info.c.obj
 .binary_info.keep.__bi_ptr44
                0x10006efc        0x4 CMakeFiles/main.dir/C_/RaspberryPiPico/pico-sdk/src/rp2_common/pico_standard_link/binary_info.c.obj
 .binary_info.keep.__bi_ptr50
                0x10006f00        0x4 CMakeFiles/main.dir/C_/RaspberryPiPico/pico-sdk/src/rp2_common/pico_standard_link/binary_info.c.obj
 .binary_info.keep.__bi_ptr75
                0x10006f04        0x4 CMakeFiles/main.dir/C_/RaspberryPiPico/pico-sdk/src/rp2_common/pico_standard_link/binary_info.c.obj
 .binary_info.keep.__bi_ptr81
                0x10006f08        0x4 CMakeFiles/main.dir/C_/RaspberryPiPico/pico-sdk/src/rp2_common/pico_standard_link/binary_info.c.obj
 *(.binary_info.*)
 .binary_info.__bi_ptr33
                0x10006f0c        0x4 CMakeFiles/main.dir/C_/RaspberryPiPico/pico-sdk/src/rp2_common/pico_stdio_uart/stdio_uart.c.obj
 .binary_info.__bi_ptr34
                0x10006f10        0x4 CMakeFiles/main.dir/C_/RaspberryPiPico/pico-sdk/src/rp2_common/pico_stdio_uart/stdio_uart.c.obj
                0x10006f14                __binary_info_end = .

.rel.dyn        0x10006f14        0x0
 .rel.iplt      0x10006f14        0x0 c:/progra~2/gnu arm embedded toolchain/10 2021.10/bin/../lib/gcc/arm-none-eabi/10.3.1/thumb/v6-m/nofp/crtbegin.o
                0x10006f14                . = ALIGN (0x4)

.ram_vector_table
                0x20000000       0xc0
 *(.ram_vector_table)
 .ram_vector_table
                0x20000000       0xc0 CMakeFiles/main.dir/C_/RaspberryPiPico/pico-sdk/src/rp2_common/pico_runtime/runtime.c.obj
                0x20000000                ram_vector_table

.data           0x200000c0      0xa84 load address 0x10006f14
                0x200000c0                __data_start__ = .
 *(vtable)
 *(.time_critical*)
 .time_critical.mutex_try_enter
                0x200000c0       0x46 CMakeFiles/main.dir/C_/RaspberryPiPico/pico-sdk/src/common/pico_sync/mutex.c.obj
                0x200000c0                mutex_try_enter
 *fill*         0x20000106        0x2 
 .time_critical.mutex_enter_block_until
                0x20000108       0x8c CMakeFiles/main.dir/C_/RaspberryPiPico/pico-sdk/src/common/pico_sync/mutex.c.obj
                0x20000108                mutex_enter_block_until
 .time_critical.mutex_try_enter_block_until
                0x20000194       0x34 CMakeFiles/main.dir/C_/RaspberryPiPico/pico-sdk/src/common/pico_sync/mutex.c.obj
                0x20000194                mutex_try_enter_block_until
 .time_critical.mutex_exit
                0x200001c8       0x4c CMakeFiles/main.dir/C_/RaspberryPiPico/pico-sdk/src/common/pico_sync/mutex.c.obj
                0x200001c8                mutex_exit
 *(.text*)
 .text          0x20000214        0x4 c:/progra~2/gnu arm embedded toolchain/10 2021.10/bin/../lib/gcc/arm-none-eabi/10.3.1/thumb/v6-m/nofp\libgcc.a(_dvmd_tls.o)
                0x20000214                __aeabi_idiv0
                0x20000214                __aeabi_ldiv0
 .text.__stub   0x20000218       0x20 linker stubs
                0x20000238                . = ALIGN (0x4)
 *(.rodata*)
                0x20000238                . = ALIGN (0x4)
 *(.data*)
 .data.next_tid.7
                0x20000238        0x4 CMakeFiles/main.dir/threads/thread.c.obj
 .data.striped_spin_lock_num
                0x2000023c        0x1 CMakeFiles/main.dir/C_/RaspberryPiPico/pico-sdk/src/rp2_common/hardware_sync/sync.c.obj
 *fill*         0x2000023d        0x3 
 .data          0x20000240       0x48 CMakeFiles/main.dir/C_/RaspberryPiPico/pico-sdk/src/rp2_common/hardware_irq/irq_handler_chain.S.obj
                0x20000240                irq_handler_chain_slots
                0x20000270                irq_handler_chain_first_slot
                0x2000027a                irq_handler_chain_remove_tail
 .data.default_alarm_pool
                0x20000288       0x18 CMakeFiles/main.dir/C_/RaspberryPiPico/pico-sdk/src/common/pico_time/time.c.obj
 .data.default_alarm_pool_heap
                0x200002a0       0x10 CMakeFiles/main.dir/C_/RaspberryPiPico/pico-sdk/src/common/pico_time/time.c.obj
 .data.aeabi_bits_funcs
                0x200002b0       0x10 CMakeFiles/main.dir/C_/RaspberryPiPico/pico-sdk/src/rp2_common/pico_bit_ops/bit_ops_aeabi.S.obj
                0x200002b0                aeabi_bits_funcs
                0x200002c0                aeabi_bits_funcs_end
 .data.aeabi_mem_funcs
                0x200002c0       0x10 CMakeFiles/main.dir/C_/RaspberryPiPico/pico-sdk/src/rp2_common/pico_mem_ops/mem_ops_aeabi.S.obj
                0x200002c0                aeabi_mem_funcs
                0x200002d0                aeabi_mem_funcs_end
 .data.stdio_uart
                0x200002d0       0x18 CMakeFiles/main.dir/C_/RaspberryPiPico/pico-sdk/src/rp2_common/pico_stdio_uart/stdio_uart.c.obj
                0x200002d0                stdio_uart
 .data._impure_ptr
                0x200002e8        0x4 c:/progra~2/gnu arm embedded toolchain/10 2021.10/bin/../lib/gcc/arm-none-eabi/10.3.1/../../../../arm-none-eabi/lib/thumb/v6-m/nofp\libg.a(lib_a-impure.o)
                0x200002e8                _impure_ptr
 *fill*         0x200002ec        0x4 
 .data.impure_data
                0x200002f0      0x428 c:/progra~2/gnu arm embedded toolchain/10 2021.10/bin/../lib/gcc/arm-none-eabi/10.3.1/../../../../arm-none-eabi/lib/thumb/v6-m/nofp\libg.a(lib_a-impure.o)
 .data.__malloc_av_
                0x20000718      0x408 c:/progra~2/gnu arm embedded toolchain/10 2021.10/bin/../lib/gcc/arm-none-eabi/10.3.1/../../../../arm-none-eabi/lib/thumb/v6-m/nofp\libg.a(lib_a-mallocr.o)
                0x20000718                __malloc_av_
 .data.__malloc_sbrk_base
                0x20000b20        0x4 c:/progra~2/gnu arm embedded toolchain/10 2021.10/bin/../lib/gcc/arm-none-eabi/10.3.1/../../../../arm-none-eabi/lib/thumb/v6-m/nofp\libg.a(lib_a-mallocr.o)
                0x20000b20                __malloc_sbrk_base
 .data.__malloc_trim_threshold
                0x20000b24        0x4 c:/progra~2/gnu arm embedded toolchain/10 2021.10/bin/../lib/gcc/arm-none-eabi/10.3.1/../../../../arm-none-eabi/lib/thumb/v6-m/nofp\libg.a(lib_a-mallocr.o)
                0x20000b24                __malloc_trim_threshold
                0x20000b28                . = ALIGN (0x4)
 *(.after_data.*)
                0x20000b28                . = ALIGN (0x4)
                0x20000b28                PROVIDE (__mutex_array_start = .)
 *(SORT_BY_NAME(.mutex_array.*))
 *(.mutex_array)
 .mutex_array   0x20000b28        0x8 CMakeFiles/main.dir/C_/RaspberryPiPico/pico-sdk/src/rp2_common/pico_stdio/stdio.c.obj
                0x20000b30                PROVIDE (__mutex_array_end = .)
                0x20000b30                . = ALIGN (0x4)
                0x20000b30                PROVIDE (__preinit_array_start = .)
 *(SORT_BY_NAME(.preinit_array.*))
 .preinit_array.00001
                0x20000b30        0x4 CMakeFiles/main.dir/C_/RaspberryPiPico/pico-sdk/src/rp2_common/pico_mem_ops/mem_ops_aeabi.S.obj
 .preinit_array.00010
                0x20000b34        0x4 CMakeFiles/main.dir/C_/RaspberryPiPico/pico-sdk/src/rp2_common/pico_bit_ops/bit_ops_aeabi.S.obj
 .preinit_array.00020
                0x20000b38        0x4 CMakeFiles/main.dir/C_/RaspberryPiPico/pico-sdk/src/rp2_common/pico_double/double_aeabi.S.obj
 .preinit_array.00020
                0x20000b3c        0x4 CMakeFiles/main.dir/C_/RaspberryPiPico/pico-sdk/src/rp2_common/pico_float/float_aeabi.S.obj
 *(.preinit_array)
                0x20000b40                PROVIDE (__preinit_array_end = .)
                0x20000b40                . = ALIGN (0x4)
                0x20000b40                PROVIDE (__init_array_start = .)
 *(SORT_BY_NAME(.init_array.*))
 *(.init_array)
 .init_array    0x20000b40        0x4 c:/progra~2/gnu arm embedded toolchain/10 2021.10/bin/../lib/gcc/arm-none-eabi/10.3.1/thumb/v6-m/nofp/crtbegin.o
                0x20000b44                PROVIDE (__init_array_end = .)
                0x20000b44                . = ALIGN (0x4)
                [!provide]                PROVIDE (__fini_array_start = .)
 *(SORT_BY_NAME(.fini_array.*))
 *(.fini_array)
                [!provide]                PROVIDE (__fini_array_end = .)
 *(.jcr)
                0x20000b44                . = ALIGN (0x4)
                0x20000b44                __data_end__ = .
                0x10006f14                __etext = LOADADDR (.data)

.igot.plt       0x20000b44        0x0 load address 0x10007998
 .igot.plt      0x20000b44        0x0 c:/progra~2/gnu arm embedded toolchain/10 2021.10/bin/../lib/gcc/arm-none-eabi/10.3.1/thumb/v6-m/nofp/crtbegin.o

.uninitialized_data
                0x20000b44        0x0 load address 0x10007998
                0x20000b44                . = ALIGN (0x4)
 *(.uninitialized_data*)

.scratch_x      0x20040000        0x0 load address 0x10007998
                0x20040000                __scratch_x_start__ = .
 *(.scratch_x.*)
                0x20040000                . = ALIGN (0x4)
                0x20040000                __scratch_x_end__ = .
                0x10007998                __scratch_x_source__ = LOADADDR (.scratch_x)

.scratch_y      0x20041000        0x0 load address 0x10007998
                0x20041000                __scratch_y_start__ = .
 *(.scratch_y.*)
                0x20041000                . = ALIGN (0x4)
                0x20041000                __scratch_y_end__ = .
                0x10007998                __scratch_y_source__ = LOADADDR (.scratch_y)

.bss            0x20000b48      0x46c
                0x20000b48                . = ALIGN (0x4)
                0x20000b48                __bss_start__ = .
 *(SORT_BY_ALIGNMENT(SORT_BY_NAME(.bss*)))
 .bss.default_alarm_pool_entries
                0x20000b48      0x100 CMakeFiles/main.dir/C_/RaspberryPiPico/pico-sdk/src/common/pico_time/time.c.obj
 .bss.idle_ticks
                0x20000c48        0x8 CMakeFiles/main.dir/threads/thread.c.obj
 .bss.kernel_ticks
                0x20000c50        0x8 CMakeFiles/main.dir/threads/thread.c.obj
 .bss           0x20000c58       0x1c c:/progra~2/gnu arm embedded toolchain/10 2021.10/bin/../lib/gcc/arm-none-eabi/10.3.1/thumb/v6-m/nofp/crtbegin.o
 .bss.__lock___malloc_recursive_mutex
                0x20000c74        0x1 c:/progra~2/gnu arm embedded toolchain/10 2021.10/bin/../lib/gcc/arm-none-eabi/10.3.1/../../../../arm-none-eabi/lib/thumb/v6-m/nofp\libg.a(lib_a-lock.o)
                0x20000c74                __lock___malloc_recursive_mutex
 *fill*         0x20000c75        0x3 
 .bss.__malloc_current_mallinfo
                0x20000c78       0x28 c:/progra~2/gnu arm embedded toolchain/10 2021.10/bin/../lib/gcc/arm-none-eabi/10.3.1/../../../../arm-none-eabi/lib/thumb/v6-m/nofp\libg.a(lib_a-mallocr.o)
                0x20000c78                __malloc_current_mallinfo
 .bss.__malloc_max_sbrked_mem
                0x20000ca0        0x4 c:/progra~2/gnu arm embedded toolchain/10 2021.10/bin/../lib/gcc/arm-none-eabi/10.3.1/../../../../arm-none-eabi/lib/thumb/v6-m/nofp\libg.a(lib_a-mallocr.o)
                0x20000ca0                __malloc_max_sbrked_mem
 .bss.__malloc_max_total_mem
                0x20000ca4        0x4 c:/progra~2/gnu arm embedded toolchain/10 2021.10/bin/../lib/gcc/arm-none-eabi/10.3.1/../../../../arm-none-eabi/lib/thumb/v6-m/nofp\libg.a(lib_a-mallocr.o)
                0x20000ca4                __malloc_max_total_mem
 .bss.__malloc_top_pad
                0x20000ca8        0x4 c:/progra~2/gnu arm embedded toolchain/10 2021.10/bin/../lib/gcc/arm-none-eabi/10.3.1/../../../../arm-none-eabi/lib/thumb/v6-m/nofp\libg.a(lib_a-mallocr.o)
                0x20000ca8                __malloc_top_pad
 .bss.alarm_callbacks
                0x20000cac       0x10 CMakeFiles/main.dir/C_/RaspberryPiPico/pico-sdk/src/rp2_common/hardware_timer/timer.c.obj
 .bss.all_list  0x20000cbc       0x10 CMakeFiles/main.dir/threads/thread.c.obj
 .bss.chars_available_callback
                0x20000ccc        0x4 CMakeFiles/main.dir/C_/RaspberryPiPico/pico-sdk/src/rp2_common/pico_stdio_uart/stdio_uart.c.obj
 .bss.chars_available_param
                0x20000cd0        0x4 CMakeFiles/main.dir/C_/RaspberryPiPico/pico-sdk/src/rp2_common/pico_stdio_uart/stdio_uart.c.obj
 .bss.configured_freq
                0x20000cd4       0x28 CMakeFiles/main.dir/C_/RaspberryPiPico/pico-sdk/src/rp2_common/hardware_clocks/clocks.c.obj
 .bss.default_alarm_pool_entry_ids_high
                0x20000cfc       0x10 CMakeFiles/main.dir/C_/RaspberryPiPico/pico-sdk/src/common/pico_time/time.c.obj
 .bss.default_alarm_pool_heap_nodes
                0x20000d0c       0x30 CMakeFiles/main.dir/C_/RaspberryPiPico/pico-sdk/src/common/pico_time/time.c.obj
 .bss.drivers   0x20000d3c        0x4 CMakeFiles/main.dir/C_/RaspberryPiPico/pico-sdk/src/rp2_common/pico_stdio/stdio.c.obj
 .bss.errno     0x20000d40        0x4 c:/progra~2/gnu arm embedded toolchain/10 2021.10/bin/../lib/gcc/arm-none-eabi/10.3.1/../../../../arm-none-eabi/lib/thumb/v6-m/nofp\libg.a(lib_a-reent.o)
                0x20000d40                errno
 .bss.filter    0x20000d44        0x4 CMakeFiles/main.dir/C_/RaspberryPiPico/pico-sdk/src/rp2_common/pico_stdio/stdio.c.obj
 .bss.heap_end.1
                0x20000d48        0x4 CMakeFiles/main.dir/C_/RaspberryPiPico/pico-sdk/src/rp2_common/pico_runtime/runtime.c.obj
 .bss.idle_thread
                0x20000d4c        0x4 CMakeFiles/main.dir/threads/thread.c.obj
 .bss.initial_thread
                0x20000d50        0x4 CMakeFiles/main.dir/threads/thread.c.obj
 .bss.lista_espera
                0x20000d54       0x10 CMakeFiles/main.dir/threads/thread.c.obj
 .bss.pools     0x20000d64       0x10 CMakeFiles/main.dir/C_/RaspberryPiPico/pico-sdk/src/common/pico_time/time.c.obj
 .bss.ready_list
                0x20000d74       0x10 CMakeFiles/main.dir/threads/thread.c.obj
 .bss.sd_table  0x20000d84      0x100 CMakeFiles/main.dir/C_/RaspberryPiPico/pico-sdk/src/rp2_common/pico_double/double_init_rom.c.obj
                0x20000d84                sd_table
 .bss.sf_clz_func
                0x20000e84        0x4 CMakeFiles/main.dir/C_/RaspberryPiPico/pico-sdk/src/rp2_common/pico_double/double_init_rom.c.obj
                0x20000e84                sf_clz_func
 .bss.sf_table  0x20000e88      0x100 CMakeFiles/main.dir/C_/RaspberryPiPico/pico-sdk/src/rp2_common/pico_float/float_init_rom.c.obj
                0x20000e88                sf_table
 .bss.sleep_notifier
                0x20000f88        0x4 CMakeFiles/main.dir/C_/RaspberryPiPico/pico-sdk/src/common/pico_time/time.c.obj
 .bss.target_hi
                0x20000f8c       0x10 CMakeFiles/main.dir/C_/RaspberryPiPico/pico-sdk/src/rp2_common/hardware_timer/timer.c.obj
 .bss.thread_running_var
                0x20000f9c        0x4 CMakeFiles/main.dir/threads/thread.c.obj
                0x20000f9c                thread_running_var
 .bss.thread_ticks
                0x20000fa0        0x4 CMakeFiles/main.dir/threads/thread.c.obj
 .bss.ticks     0x20000fa4        0x4 CMakeFiles/main.dir/main.c.obj
                0x20000fa4                ticks
 .bss.uart_char_to_line_feed
                0x20000fa8        0x4 CMakeFiles/main.dir/C_/RaspberryPiPico/pico-sdk/src/rp2_common/hardware_uart/uart.c.obj
                0x20000fa8                uart_char_to_line_feed
 .bss.uart_instance
                0x20000fac        0x4 CMakeFiles/main.dir/C_/RaspberryPiPico/pico-sdk/src/rp2_common/pico_stdio_uart/stdio_uart.c.obj
 .bss.claimed   0x20000fb0        0x1 CMakeFiles/main.dir/C_/RaspberryPiPico/pico-sdk/src/rp2_common/hardware_timer/timer.c.obj
 .bss.irq_hander_chain_free_slot_head
                0x20000fb1        0x1 CMakeFiles/main.dir/C_/RaspberryPiPico/pico-sdk/src/rp2_common/hardware_irq/irq.c.obj
 .bss.timer_callbacks_pending
                0x20000fb2        0x1 CMakeFiles/main.dir/C_/RaspberryPiPico/pico-sdk/src/rp2_common/hardware_timer/timer.c.obj
 .bss.yield_on_return
                0x20000fb3        0x1 CMakeFiles/main.dir/misc/timer.c.obj
 *(COMMON)
                0x20000fb4                . = ALIGN (0x4)
                0x20000fb4                __bss_end__ = .

.heap           0x20000fb4      0x800
                0x20000fb4                __end__ = .
                0x20000fb4                end = __end__
 *(.heap*)
 .heap          0x20000fb4      0x800 CMakeFiles/main.dir/C_/RaspberryPiPico/pico-sdk/src/rp2_common/pico_standard_link/crt0.S.obj
                0x200017b4                __HeapLimit = .

.stack1_dummy   0x20040000        0x0
 *(.stack1*)

.stack_dummy    0x20041000      0x800
 *(.stack*)
 .stack         0x20041000      0x800 CMakeFiles/main.dir/C_/RaspberryPiPico/pico-sdk/src/rp2_common/pico_standard_link/crt0.S.obj

.flash_end      0x10007998        0x0
                0x10007998                PROVIDE (__flash_binary_end = .)
                0x20040000                __StackLimit = (ORIGIN (RAM) + LENGTH (RAM))
                0x20041000                __StackOneTop = (ORIGIN (SCRATCH_X) + LENGTH (SCRATCH_X))
                0x20042000                __StackTop = (ORIGIN (SCRATCH_Y) + LENGTH (SCRATCH_Y))
                0x20041000                __StackOneBottom = (__StackOneTop - SIZEOF (.stack1_dummy))
                0x20041800                __StackBottom = (__StackTop - SIZEOF (.stack_dummy))
                0x20042000                PROVIDE (__stack = __StackTop)
                0x00000001                ASSERT ((__StackLimit >= __HeapLimit), region RAM overflowed)
                0x00000001                ASSERT (((__binary_info_header_end - __logical_binary_start) <= 0x100), Binary info must be in first 256 bytes of the binary)
LOAD CMakeFiles/main.dir/main.c.obj
LOAD CMakeFiles/main.dir/misc/list.c.obj
LOAD CMakeFiles/main.dir/misc/timer.c.obj
LOAD CMakeFiles/main.dir/threads/thread.c.obj
LOAD CMakeFiles/main.dir/lib/debug.c.obj
LOAD CMakeFiles/main.dir/lib/switch.S.obj
LOAD CMakeFiles/main.dir/lib/switch.c.obj
LOAD CMakeFiles/main.dir/lib/palloc.c.obj
LOAD CMakeFiles/main.dir/C_/RaspberryPiPico/pico-sdk/src/rp2_common/pico_stdlib/stdlib.c.obj
LOAD CMakeFiles/main.dir/C_/RaspberryPiPico/pico-sdk/src/rp2_common/hardware_gpio/gpio.c.obj
LOAD CMakeFiles/main.dir/C_/RaspberryPiPico/pico-sdk/src/rp2_common/pico_platform/platform.c.obj
LOAD CMakeFiles/main.dir/C_/RaspberryPiPico/pico-sdk/src/rp2_common/hardware_claim/claim.c.obj
LOAD CMakeFiles/main.dir/C_/RaspberryPiPico/pico-sdk/src/rp2_common/hardware_sync/sync.c.obj
LOAD CMakeFiles/main.dir/C_/RaspberryPiPico/pico-sdk/src/rp2_common/hardware_irq/irq.c.obj
LOAD CMakeFiles/main.dir/C_/RaspberryPiPico/pico-sdk/src/rp2_common/hardware_irq/irq_handler_chain.S.obj
LOAD CMakeFiles/main.dir/C_/RaspberryPiPico/pico-sdk/src/common/pico_sync/sem.c.obj
LOAD CMakeFiles/main.dir/C_/RaspberryPiPico/pico-sdk/src/common/pico_sync/lock_core.c.obj
LOAD CMakeFiles/main.dir/C_/RaspberryPiPico/pico-sdk/src/common/pico_sync/mutex.c.obj
LOAD CMakeFiles/main.dir/C_/RaspberryPiPico/pico-sdk/src/common/pico_sync/critical_section.c.obj
LOAD CMakeFiles/main.dir/C_/RaspberryPiPico/pico-sdk/src/common/pico_time/time.c.obj
LOAD CMakeFiles/main.dir/C_/RaspberryPiPico/pico-sdk/src/common/pico_time/timeout_helper.c.obj
LOAD CMakeFiles/main.dir/C_/RaspberryPiPico/pico-sdk/src/rp2_common/hardware_timer/timer.c.obj
LOAD CMakeFiles/main.dir/C_/RaspberryPiPico/pico-sdk/src/common/pico_util/datetime.c.obj
LOAD CMakeFiles/main.dir/C_/RaspberryPiPico/pico-sdk/src/common/pico_util/pheap.c.obj
LOAD CMakeFiles/main.dir/C_/RaspberryPiPico/pico-sdk/src/common/pico_util/queue.c.obj
LOAD CMakeFiles/main.dir/C_/RaspberryPiPico/pico-sdk/src/rp2_common/hardware_uart/uart.c.obj
LOAD CMakeFiles/main.dir/C_/RaspberryPiPico/pico-sdk/src/rp2_common/hardware_clocks/clocks.c.obj
LOAD CMakeFiles/main.dir/C_/RaspberryPiPico/pico-sdk/src/rp2_common/hardware_pll/pll.c.obj
LOAD CMakeFiles/main.dir/C_/RaspberryPiPico/pico-sdk/src/rp2_common/hardware_vreg/vreg.c.obj
LOAD CMakeFiles/main.dir/C_/RaspberryPiPico/pico-sdk/src/rp2_common/hardware_watchdog/watchdog.c.obj
LOAD CMakeFiles/main.dir/C_/RaspberryPiPico/pico-sdk/src/rp2_common/hardware_xosc/xosc.c.obj
LOAD CMakeFiles/main.dir/C_/RaspberryPiPico/pico-sdk/src/rp2_common/hardware_divider/divider.S.obj
LOAD CMakeFiles/main.dir/C_/RaspberryPiPico/pico-sdk/src/rp2_common/pico_runtime/runtime.c.obj
LOAD CMakeFiles/main.dir/C_/RaspberryPiPico/pico-sdk/src/rp2_common/pico_printf/printf.c.obj
LOAD CMakeFiles/main.dir/C_/RaspberryPiPico/pico-sdk/src/rp2_common/pico_bit_ops/bit_ops_aeabi.S.obj
LOAD CMakeFiles/main.dir/C_/RaspberryPiPico/pico-sdk/src/rp2_common/pico_bootrom/bootrom.c.obj
LOAD CMakeFiles/main.dir/C_/RaspberryPiPico/pico-sdk/src/rp2_common/pico_divider/divider.S.obj
LOAD CMakeFiles/main.dir/C_/RaspberryPiPico/pico-sdk/src/rp2_common/pico_double/double_aeabi.S.obj
LOAD CMakeFiles/main.dir/C_/RaspberryPiPico/pico-sdk/src/rp2_common/pico_double/double_init_rom.c.obj
LOAD CMakeFiles/main.dir/C_/RaspberryPiPico/pico-sdk/src/rp2_common/pico_double/double_math.c.obj
LOAD CMakeFiles/main.dir/C_/RaspberryPiPico/pico-sdk/src/rp2_common/pico_double/double_v1_rom_shim.S.obj
LOAD CMakeFiles/main.dir/C_/RaspberryPiPico/pico-sdk/src/rp2_common/pico_int64_ops/pico_int64_ops_aeabi.S.obj
LOAD CMakeFiles/main.dir/C_/RaspberryPiPico/pico-sdk/src/rp2_common/pico_float/float_aeabi.S.obj
LOAD CMakeFiles/main.dir/C_/RaspberryPiPico/pico-sdk/src/rp2_common/pico_float/float_init_rom.c.obj
LOAD CMakeFiles/main.dir/C_/RaspberryPiPico/pico-sdk/src/rp2_common/pico_float/float_math.c.obj
LOAD CMakeFiles/main.dir/C_/RaspberryPiPico/pico-sdk/src/rp2_common/pico_float/float_v1_rom_shim.S.obj
LOAD CMakeFiles/main.dir/C_/RaspberryPiPico/pico-sdk/src/rp2_common/pico_malloc/pico_malloc.c.obj
LOAD CMakeFiles/main.dir/C_/RaspberryPiPico/pico-sdk/src/rp2_common/pico_mem_ops/mem_ops_aeabi.S.obj
LOAD CMakeFiles/main.dir/C_/RaspberryPiPico/pico-sdk/src/rp2_common/pico_standard_link/crt0.S.obj
LOAD CMakeFiles/main.dir/C_/RaspberryPiPico/pico-sdk/src/rp2_common/pico_standard_link/new_delete.cpp.obj
LOAD CMakeFiles/main.dir/C_/RaspberryPiPico/pico-sdk/src/rp2_common/pico_standard_link/binary_info.c.obj
LOAD CMakeFiles/main.dir/C_/RaspberryPiPico/pico-sdk/src/rp2_common/pico_stdio/stdio.c.obj
LOAD CMakeFiles/main.dir/C_/RaspberryPiPico/pico-sdk/src/rp2_common/pico_stdio_uart/stdio_uart.c.obj
LOAD C:\Users\delva\AppData\Local\Temp\ccEttjOg.o
LOAD c:/progra~2/gnu arm embedded toolchain/10 2021.10/bin/../lib/gcc/arm-none-eabi/10.3.1/../../../../arm-none-eabi/lib/thumb/v6-m/nofp\libstdc++.a
LOAD c:/progra~2/gnu arm embedded toolchain/10 2021.10/bin/../lib/gcc/arm-none-eabi/10.3.1/../../../../arm-none-eabi/lib/thumb/v6-m/nofp\libm.a
START GROUP
LOAD c:/progra~2/gnu arm embedded toolchain/10 2021.10/bin/../lib/gcc/arm-none-eabi/10.3.1/thumb/v6-m/nofp\libgcc.a
LOAD c:/progra~2/gnu arm embedded toolchain/10 2021.10/bin/../lib/gcc/arm-none-eabi/10.3.1/../../../../arm-none-eabi/lib/thumb/v6-m/nofp\libg.a
LOAD c:/progra~2/gnu arm embedded toolchain/10 2021.10/bin/../lib/gcc/arm-none-eabi/10.3.1/../../../../arm-none-eabi/lib/thumb/v6-m/nofp\libc.a
END GROUP
START GROUP
LOAD c:/progra~2/gnu arm embedded toolchain/10 2021.10/bin/../lib/gcc/arm-none-eabi/10.3.1/thumb/v6-m/nofp\libgcc.a
LOAD c:/progra~2/gnu arm embedded toolchain/10 2021.10/bin/../lib/gcc/arm-none-eabi/10.3.1/../../../../arm-none-eabi/lib/thumb/v6-m/nofp\libc.a
LOAD c:/progra~2/gnu arm embedded toolchain/10 2021.10/bin/../lib/gcc/arm-none-eabi/10.3.1/../../../../arm-none-eabi/lib/thumb/v6-m/nofp\libnosys.a
END GROUP
LOAD c:/progra~2/gnu arm embedded toolchain/10 2021.10/bin/../lib/gcc/arm-none-eabi/10.3.1/thumb/v6-m/nofp/crtend.o
LOAD c:/progra~2/gnu arm embedded toolchain/10 2021.10/bin/../lib/gcc/arm-none-eabi/10.3.1/thumb/v6-m/nofp/crtn.o
OUTPUT(main.elf elf32-littlearm)
LOAD linker stubs

.ARM.attributes
                0x00000000       0x28
 .ARM.attributes
                0x00000000       0x1e c:/progra~2/gnu arm embedded toolchain/10 2021.10/bin/../lib/gcc/arm-none-eabi/10.3.1/thumb/v6-m/nofp/crti.o
 .ARM.attributes
                0x0000001e       0x2c c:/progra~2/gnu arm embedded toolchain/10 2021.10/bin/../lib/gcc/arm-none-eabi/10.3.1/thumb/v6-m/nofp/crtbegin.o
 .ARM.attributes
                0x0000004a       0x2c CMakeFiles/main.dir/main.c.obj
 .ARM.attributes
                0x00000076       0x2c CMakeFiles/main.dir/misc/list.c.obj
 .ARM.attributes
                0x000000a2       0x2c CMakeFiles/main.dir/misc/timer.c.obj
 .ARM.attributes
                0x000000ce       0x2c CMakeFiles/main.dir/threads/thread.c.obj
 .ARM.attributes
                0x000000fa       0x2c CMakeFiles/main.dir/lib/debug.c.obj
 .ARM.attributes
                0x00000126       0x2c CMakeFiles/main.dir/lib/switch.c.obj
 .ARM.attributes
                0x00000152       0x2c CMakeFiles/main.dir/C_/RaspberryPiPico/pico-sdk/src/rp2_common/hardware_gpio/gpio.c.obj
 .ARM.attributes
                0x0000017e       0x2c CMakeFiles/main.dir/C_/RaspberryPiPico/pico-sdk/src/rp2_common/pico_platform/platform.c.obj
 .ARM.attributes
                0x000001aa       0x2c CMakeFiles/main.dir/C_/RaspberryPiPico/pico-sdk/src/rp2_common/hardware_claim/claim.c.obj
 .ARM.attributes
                0x000001d6       0x2c CMakeFiles/main.dir/C_/RaspberryPiPico/pico-sdk/src/rp2_common/hardware_sync/sync.c.obj
 .ARM.attributes
                0x00000202       0x2c CMakeFiles/main.dir/C_/RaspberryPiPico/pico-sdk/src/rp2_common/hardware_irq/irq.c.obj
 .ARM.attributes
                0x0000022e       0x22 CMakeFiles/main.dir/C_/RaspberryPiPico/pico-sdk/src/rp2_common/hardware_irq/irq_handler_chain.S.obj
 .ARM.attributes
                0x00000250       0x2c CMakeFiles/main.dir/C_/RaspberryPiPico/pico-sdk/src/common/pico_sync/lock_core.c.obj
 .ARM.attributes
                0x0000027c       0x2c CMakeFiles/main.dir/C_/RaspberryPiPico/pico-sdk/src/common/pico_sync/mutex.c.obj
 .ARM.attributes
                0x000002a8       0x2c CMakeFiles/main.dir/C_/RaspberryPiPico/pico-sdk/src/common/pico_time/time.c.obj
 .ARM.attributes
                0x000002d4       0x2c CMakeFiles/main.dir/C_/RaspberryPiPico/pico-sdk/src/rp2_common/hardware_timer/timer.c.obj
 .ARM.attributes
                0x00000300       0x2c CMakeFiles/main.dir/C_/RaspberryPiPico/pico-sdk/src/common/pico_util/pheap.c.obj
 .ARM.attributes
                0x0000032c       0x2c CMakeFiles/main.dir/C_/RaspberryPiPico/pico-sdk/src/rp2_common/hardware_uart/uart.c.obj
 .ARM.attributes
                0x00000358       0x2c CMakeFiles/main.dir/C_/RaspberryPiPico/pico-sdk/src/rp2_common/hardware_clocks/clocks.c.obj
 .ARM.attributes
                0x00000384       0x2c CMakeFiles/main.dir/C_/RaspberryPiPico/pico-sdk/src/rp2_common/hardware_pll/pll.c.obj
 .ARM.attributes
                0x000003b0       0x2c CMakeFiles/main.dir/C_/RaspberryPiPico/pico-sdk/src/rp2_common/hardware_watchdog/watchdog.c.obj
 .ARM.attributes
                0x000003dc       0x2c CMakeFiles/main.dir/C_/RaspberryPiPico/pico-sdk/src/rp2_common/hardware_xosc/xosc.c.obj
 .ARM.attributes
                0x00000408       0x2c CMakeFiles/main.dir/C_/RaspberryPiPico/pico-sdk/src/rp2_common/pico_runtime/runtime.c.obj
 .ARM.attributes
                0x00000434       0x2c CMakeFiles/main.dir/C_/RaspberryPiPico/pico-sdk/src/rp2_common/pico_printf/printf.c.obj
 .ARM.attributes
                0x00000460       0x22 CMakeFiles/main.dir/C_/RaspberryPiPico/pico-sdk/src/rp2_common/pico_bit_ops/bit_ops_aeabi.S.obj
 .ARM.attributes
                0x00000482       0x2c CMakeFiles/main.dir/C_/RaspberryPiPico/pico-sdk/src/rp2_common/pico_bootrom/bootrom.c.obj
 .ARM.attributes
                0x000004ae       0x22 CMakeFiles/main.dir/C_/RaspberryPiPico/pico-sdk/src/rp2_common/pico_divider/divider.S.obj
 .ARM.attributes
                0x000004d0       0x22 CMakeFiles/main.dir/C_/RaspberryPiPico/pico-sdk/src/rp2_common/pico_double/double_aeabi.S.obj
 .ARM.attributes
                0x000004f2       0x2c CMakeFiles/main.dir/C_/RaspberryPiPico/pico-sdk/src/rp2_common/pico_double/double_init_rom.c.obj
 .ARM.attributes
                0x0000051e       0x22 CMakeFiles/main.dir/C_/RaspberryPiPico/pico-sdk/src/rp2_common/pico_double/double_v1_rom_shim.S.obj
 .ARM.attributes
                0x00000540       0x22 CMakeFiles/main.dir/C_/RaspberryPiPico/pico-sdk/src/rp2_common/pico_int64_ops/pico_int64_ops_aeabi.S.obj
 .ARM.attributes
                0x00000562       0x22 CMakeFiles/main.dir/C_/RaspberryPiPico/pico-sdk/src/rp2_common/pico_float/float_aeabi.S.obj
 .ARM.attributes
                0x00000584       0x2c CMakeFiles/main.dir/C_/RaspberryPiPico/pico-sdk/src/rp2_common/pico_float/float_init_rom.c.obj
 .ARM.attributes
                0x000005b0       0x22 CMakeFiles/main.dir/C_/RaspberryPiPico/pico-sdk/src/rp2_common/pico_float/float_v1_rom_shim.S.obj
 .ARM.attributes
                0x000005d2       0x2c CMakeFiles/main.dir/C_/RaspberryPiPico/pico-sdk/src/rp2_common/pico_malloc/pico_malloc.c.obj
 .ARM.attributes
                0x000005fe       0x22 CMakeFiles/main.dir/C_/RaspberryPiPico/pico-sdk/src/rp2_common/pico_mem_ops/mem_ops_aeabi.S.obj
 .ARM.attributes
                0x00000620       0x22 CMakeFiles/main.dir/C_/RaspberryPiPico/pico-sdk/src/rp2_common/pico_standard_link/crt0.S.obj
 .ARM.attributes
                0x00000642       0x2c CMakeFiles/main.dir/C_/RaspberryPiPico/pico-sdk/src/rp2_common/pico_standard_link/binary_info.c.obj
 .ARM.attributes
                0x0000066e       0x2c CMakeFiles/main.dir/C_/RaspberryPiPico/pico-sdk/src/rp2_common/pico_stdio/stdio.c.obj
 .ARM.attributes