Archive member included to satisfy reference by file (symbol)

c:/progra~2/gnu arm embedded toolchain/10 2021.10/bin/../lib/gcc/arm-none-eabi/10.3.1/thumb/v6-m/nofp\libgcc.a(_dvmd_tls.o)
                              CMakeFiles/main.dir/C_/RaspberryPiPico/pico-sdk/src/rp2_common/pico_divider/divider.S.obj (__aeabi_idiv0)
c:/progra~2/gnu arm embedded toolchain/10 2021.10/bin/../lib/gcc/arm-none-eabi/10.3.1/../../../../arm-none-eabi/lib/thumb/v6-m/nofp\libg.a(lib_a-calloc.o)
                              CMakeFiles/main.dir/C_/RaspberryPiPico/pico-sdk/src/rp2_common/pico_malloc/pico_malloc.c.obj (calloc)
c:/progra~2/gnu arm embedded toolchain/10 2021.10/bin/../lib/gcc/arm-none-eabi/10.3.1/../../../../arm-none-eabi/lib/thumb/v6-m/nofp\libg.a(lib_a-callocr.o)
                              c:/progra~2/gnu arm embedded toolchain/10 2021.10/bin/../lib/gcc/arm-none-eabi/10.3.1/../../../../arm-none-eabi/lib/thumb/v6-m/nofp\libg.a(lib_a-calloc.o) (_calloc_r)
c:/progra~2/gnu arm embedded toolchain/10 2021.10/bin/../lib/gcc/arm-none-eabi/10.3.1/../../../../arm-none-eabi/lib/thumb/v6-m/nofp\libg.a(lib_a-errno.o)
                              c:/progra~2/gnu arm embedded toolchain/10 2021.10/bin/../lib/gcc/arm-none-eabi/10.3.1/../../../../arm-none-eabi/lib/thumb/v6-m/nofp\libg.a(lib_a-callocr.o) (__errno)
c:/progra~2/gnu arm embedded toolchain/10 2021.10/bin/../lib/gcc/arm-none-eabi/10.3.1/../../../../arm-none-eabi/lib/thumb/v6-m/nofp\libg.a(lib_a-impure.o)
                              c:/progra~2/gnu arm embedded toolchain/10 2021.10/bin/../lib/gcc/arm-none-eabi/10.3.1/../../../../arm-none-eabi/lib/thumb/v6-m/nofp\libg.a(lib_a-calloc.o) (_impure_ptr)
c:/progra~2/gnu arm embedded toolchain/10 2021.10/bin/../lib/gcc/arm-none-eabi/10.3.1/../../../../arm-none-eabi/lib/thumb/v6-m/nofp\libg.a(lib_a-init.o)
                              c:/progra~2/gnu arm embedded toolchain/10 2021.10/bin/../lib/gcc/arm-none-eabi/10.3.1/../../../../arm-none-eabi/lib/thumb/v6-m/nofp/crt0.o (__libc_init_array)
c:/progra~2/gnu arm embedded toolchain/10 2021.10/bin/../lib/gcc/arm-none-eabi/10.3.1/../../../../arm-none-eabi/lib/thumb/v6-m/nofp\libg.a(lib_a-malloc.o)
                              CMakeFiles/main.dir/C_/RaspberryPiPico/pico-sdk/src/rp2_common/pico_malloc/pico_malloc.c.obj (malloc)
c:/progra~2/gnu arm embedded toolchain/10 2021.10/bin/../lib/gcc/arm-none-eabi/10.3.1/../../../../arm-none-eabi/lib/thumb/v6-m/nofp\libg.a(lib_a-mallocr.o)
                              c:/progra~2/gnu arm embedded toolchain/10 2021.10/bin/../lib/gcc/arm-none-eabi/10.3.1/../../../../arm-none-eabi/lib/thumb/v6-m/nofp\libg.a(lib_a-callocr.o) (_malloc_r)
c:/progra~2/gnu arm embedded toolchain/10 2021.10/bin/../lib/gcc/arm-none-eabi/10.3.1/../../../../arm-none-eabi/lib/thumb/v6-m/nofp\libg.a(lib_a-mlock.o)
                              c:/progra~2/gnu arm embedded toolchain/10 2021.10/bin/../lib/gcc/arm-none-eabi/10.3.1/../../../../arm-none-eabi/lib/thumb/v6-m/nofp\libg.a(lib_a-mallocr.o) (__malloc_lock)
c:/progra~2/gnu arm embedded toolchain/10 2021.10/bin/../lib/gcc/arm-none-eabi/10.3.1/../../../../arm-none-eabi/lib/thumb/v6-m/nofp\libg.a(lib_a-realloc.o)
                              CMakeFiles/main.dir/C_/RaspberryPiPico/pico-sdk/src/rp2_common/pico_malloc/pico_malloc.c.obj (realloc)
c:/progra~2/gnu arm embedded toolchain/10 2021.10/bin/../lib/gcc/arm-none-eabi/10.3.1/../../../../arm-none-eabi/lib/thumb/v6-m/nofp\libg.a(lib_a-reallocr.o)
                              c:/progra~2/gnu arm embedded toolchain/10 2021.10/bin/../lib/gcc/arm-none-eabi/10.3.1/../../../../arm-none-eabi/lib/thumb/v6-m/nofp\libg.a(lib_a-realloc.o) (_realloc_r)
c:/progra~2/gnu arm embedded toolchain/10 2021.10/bin/../lib/gcc/arm-none-eabi/10.3.1/../../../../arm-none-eabi/lib/thumb/v6-m/nofp\libg.a(lib_a-sbrkr.o)
                              c:/progra~2/gnu arm embedded toolchain/10 2021.10/bin/../lib/gcc/arm-none-eabi/10.3.1/../../../../arm-none-eabi/lib/thumb/v6-m/nofp\libg.a(lib_a-mallocr.o) (_sbrk_r)
c:/progra~2/gnu arm embedded toolchain/10 2021.10/bin/../lib/gcc/arm-none-eabi/10.3.1/../../../../arm-none-eabi/lib/thumb/v6-m/nofp\libg.a(lib_a-strlcpy.o)
                              CMakeFiles/main.dir/threads/thread.c.obj (strlcpy)
c:/progra~2/gnu arm embedded toolchain/10 2021.10/bin/../lib/gcc/arm-none-eabi/10.3.1/../../../../arm-none-eabi/lib/thumb/v6-m/nofp\libg.a(lib_a-strlen-stub.o)
                              CMakeFiles/main.dir/C_/RaspberryPiPico/pico-sdk/src/rp2_common/pico_stdio/stdio.c.obj (strlen)
c:/progra~2/gnu arm embedded toolchain/10 2021.10/bin/../lib/gcc/arm-none-eabi/10.3.1/../../../../arm-none-eabi/lib/thumb/v6-m/nofp\libg.a(lib_a-freer.o)
                              c:/progra~2/gnu arm embedded toolchain/10 2021.10/bin/../lib/gcc/arm-none-eabi/10.3.1/../../../../arm-none-eabi/lib/thumb/v6-m/nofp\libg.a(lib_a-malloc.o) (_free_r)
[...]
Memory Configuration

Name             Origin             Length             Attributes
FLASH            0x10000000         0x00200000         xr
RAM              0x20000000         0x00040000         xrw
SCRATCH_X        0x20040000         0x00001000         xrw
SCRATCH_Y        0x20041000         0x00001000         xrw
*default*        0x00000000         0xffffffff

Linker script and memory map

LOAD c:/progra~2/gnu arm embedded toolchain/10 2021.10/bin/../lib/gcc/arm-none-eabi/10.3.1/thumb/v6-m/nofp/crti.o
LOAD c:/progra~2/gnu arm embedded toolchain/10 2021.10/bin/../lib/gcc/arm-none-eabi/10.3.1/thumb/v6-m/nofp/crtbegin.o
LOAD c:/progra~2/gnu arm embedded toolchain/10 2021.10/bin/../lib/gcc/arm-none-eabi/10.3.1/../../../../arm-none-eabi/lib/thumb/v6-m/nofp/crt0.o

.flash_begin    0x10000000        0x0
                0x10000000                __flash_binary_start = .

.boot2          0x10000000      0x100
                0x10000000                __boot2_start__ = .
 *(.boot2)
 .boot2         0x10000000      0x100 C:\Users\delva\AppData\Local\Temp\cc4TFvYY.o
                0x10000100                __boot2_end__ = .
                0x00000001                ASSERT (((__boot2_end__ - __boot2_start__) == 0x100), ERROR: Pico second stage bootloader must be 256 bytes in size)

.text           0x10000100     0x5b58
                0x10000100                __logical_binary_start = .
 *(.vectors)
 .vectors       0x10000100       0xd4 CMakeFiles/main.dir/C_/RaspberryPiPico/pico-sdk/src/rp2_common/pico_standard_link/crt0.S.obj
                0x10000100                __VECTOR_TABLE
                0x10000100                __vectors
                0x100001c0                isr_invalid
                0x100001c0                __default_isrs_start
                0x100001c2                isr_nmi
                0x100001c4                isr_hardfault
                0x100001c6                isr_svcall
                0x100001c8                isr_pendsv
                0x100001ca                isr_systick
                0x100001cc                isr_irq23
                0x100001cc                isr_irq18
                0x100001cc                isr_irq11
                0x100001cc                isr_irq28
                0x100001cc                isr_irq19
                0x100001cc                isr_irq0
                0x100001cc                isr_irq6
                0x100001cc                isr_irq5
                0x100001cc                isr_irq12
                0x100001cc                isr_irq22
                0x100001cc                isr_irq31
                0x100001cc                isr_irq17
                0x100001cc                isr_irq27
                0x100001cc                isr_irq30
                0x100001cc                isr_irq2
                0x100001cc                isr_irq10
                0x100001cc                isr_irq8
                0x100001cc                isr_irq24
                0x100001cc                isr_irq1
                0x100001cc                isr_irq7
                0x100001cc                isr_irq21
                0x100001cc                isr_irq20
                0x100001cc                isr_irq15
                0x100001cc                isr_irq25
                0x100001cc                isr_irq13
                0x100001cc                __unhandled_user_irq
                0x100001cc                isr_irq4
                0x100001cc                isr_irq16
                0x100001cc                isr_irq29
                0x100001cc                isr_irq26
                0x100001cc                __default_isrs_end
                0x100001cc                isr_irq3
                0x100001cc                isr_irq14
                0x100001cc                isr_irq9
                0x100001d2                unhandled_user_irq_num_in_r0
 *(.binary_info_header)
 .binary_info_header
                0x100001d4       0x14 CMakeFiles/main.dir/C_/RaspberryPiPico/pico-sdk/src/rp2_common/pico_standard_link/crt0.S.obj
                0x100001e8                __binary_info_header_end = .
 *(.reset)
 .reset         0x100001e8       0xa0 CMakeFiles/main.dir/C_/RaspberryPiPico/pico-sdk/src/rp2_common/pico_standard_link/crt0.S.obj
                0x100001e8                _entry_point
 .reset         0x10000288       0x30 CMakeFiles/main.dir/C_/RaspberryPiPico/pico-sdk/src/rp2_common/pico_standard_link/binary_info.c.obj
 *(.init)
 .init          0x100002b8        0x4 c:/progra~2/gnu arm embedded toolchain/10 2021.10/bin/../lib/gcc/arm-none-eabi/10.3.1/thumb/v6-m/nofp/crti.o
                0x100002b8                _init
 *(EXCLUDE_FILE(*libm.a: *libc.a:*lib_a-mem*.o *libgcc.a:) .text*)
 .text          0x100002bc       0x48 c:/progra~2/gnu arm embedded toolchain/10 2021.10/bin/../lib/gcc/arm-none-eabi/10.3.1/thumb/v6-m/nofp/crtbegin.o
 .text.timer_interrupt
                0x10000304       0x14 CMakeFiles/main.dir/main.c.obj
                0x10000304                timer_interrupt
 .text.hello_world
                0x10000318       0x14 CMakeFiles/main.dir/main.c.obj
                0x10000318                hello_world
 .text.main     0x1000032c       0xf0 CMakeFiles/main.dir/main.c.obj
                0x1000032c                main
 .text.list_init
                0x1000041c       0x3c CMakeFiles/main.dir/misc/list.c.obj
                0x1000041c                list_init
 .text.list_begin
                0x10000458       0x30 CMakeFiles/main.dir/misc/list.c.obj
                0x10000458                list_begin
 .text.list_next
                0x10000488       0x68 CMakeFiles/main.dir/misc/list.c.obj
                0x10000488                list_next
 .text.list_end
                0x100004f0       0x30 CMakeFiles/main.dir/misc/list.c.obj
                0x100004f0                list_end
 .text.list_insert
                0x10000520       0x8c CMakeFiles/main.dir/misc/list.c.obj
                0x10000520                list_insert
 .text.list_push_back
                0x100005ac       0x10 CMakeFiles/main.dir/misc/list.c.obj
                0x100005ac                list_push_back
 .text.list_remove
                0x100005bc       0x54 CMakeFiles/main.dir/misc/list.c.obj
                0x100005bc                list_remove
 .text.list_empty
                0x10000610       0x1a CMakeFiles/main.dir/misc/list.c.obj
                0x10000610                list_empty
 *fill*         0x1000062a        0x2 
 .text.list_front
                0x1000062c       0x38 CMakeFiles/main.dir/misc/list.c.obj
                0x1000062c                list_front
 .text.list_pop_front
                0x10000664       0x10 CMakeFiles/main.dir/misc/list.c.obj
                0x10000664                list_pop_front
 .text.timer_ticks
                0x10000674       0x14 CMakeFiles/main.dir/misc/timer.c.obj
                0x10000674                timer_ticks
 .text.is_thread
                0x10000688       0x20 CMakeFiles/main.dir/threads/thread.c.obj
 .text.running_thread_init
                0x100006a8        0x8 CMakeFiles/main.dir/threads/thread.c.obj
 .text.running_thread
                0x100006b0        0xc CMakeFiles/main.dir/threads/thread.c.obj
 .text.allocate_tid
                0x100006bc       0x10 CMakeFiles/main.dir/threads/thread.c.obj
 .text.alloc_frame
                0x100006cc       0x54 CMakeFiles/main.dir/threads/thread.c.obj
 .text.init_thread
                0x10000720       0x8c CMakeFiles/main.dir/threads/thread.c.obj
 .text.next_thread_to_run
                0x100007ac       0x24 CMakeFiles/main.dir/threads/thread.c.obj
 .text.thread_run
                0x100007d0        0xe CMakeFiles/main.dir/threads/thread.c.obj
                0x100007d0                thread_run
 *fill*         0x100007de        0x2 
 .text.thread_init
                0x100007e0       0x68 CMakeFiles/main.dir/threads/thread.c.obj
                0x100007e0                thread_init
 .text.thread_unblock
                0x10000848       0x6c CMakeFiles/main.dir/threads/thread.c.obj
                0x10000848                thread_unblock
 .text.thread_create
                0x100008b4       0xc4 CMakeFiles/main.dir/threads/thread.c.obj
                0x100008b4                thread_create
 .text.thread_start
                0x10000978       0x1c CMakeFiles/main.dir/threads/thread.c.obj
                0x10000978                thread_start
 .text.thread_schedule_tail
                0x10000994       0x68 CMakeFiles/main.dir/threads/thread.c.obj
                0x10000994                thread_schedule_tail
 .text.set_thread_running
                0x100009fc       0x10 CMakeFiles/main.dir/threads/thread.c.obj
                0x100009fc                set_thread_running
 .text.thread_current
                0x10000a0c       0x58 CMakeFiles/main.dir/threads/thread.c.obj
                0x10000a0c                thread_current
 .text.schedule
                0x10000a64       0x90 CMakeFiles/main.dir/threads/thread.c.obj
 .text.thread_block
                0x10000af4       0x16 CMakeFiles/main.dir/threads/thread.c.obj
                0x10000af4                thread_block
 *fill*         0x10000b0a        0x2 
 .text.idle     0x10000b0c       0x20 CMakeFiles/main.dir/threads/thread.c.obj
 .text.thread_yield
                0x10000b2c       0x38 CMakeFiles/main.dir/threads/thread.c.obj
                0x10000b2c                thread_yield
 .text.thread_exit
                0x10000b64       0x4c CMakeFiles/main.dir/threads/thread.c.obj
                0x10000b64                thread_exit
 .text.kernel_thread
                0x10000bb0       0x48 CMakeFiles/main.dir/threads/thread.c.obj
 .text.thread_tick
                0x10000bf8       0x64 CMakeFiles/main.dir/threads/thread.c.obj
                0x10000bf8                thread_tick
 .text.print_thread_list
                0x10000c5c       0x70 CMakeFiles/main.dir/threads/thread.c.obj
                0x10000c5c                print_thread_list
 .text.print_all_list
                0x10000ccc       0x48 CMakeFiles/main.dir/threads/thread.c.obj
                0x10000ccc                print_all_list
 .text.print_ready_list
                0x10000d14       0x10 CMakeFiles/main.dir/threads/thread.c.obj
                0x10000d14                print_ready_list
 .text.debug_panic
                0x10000d24       0x30 CMakeFiles/main.dir/lib/debug.c.obj
                0x10000d24                debug_panic
 .text          0x10000d54       0x2c CMakeFiles/main.dir/lib/switch.S.obj
                0x10000d54                switch_threads
                0x10000d6e                switch_entry
 .text.switch_threads_c
                0x10000d80       0x2e CMakeFiles/main.dir/lib/switch.c.obj
                0x10000d80                switch_threads_c
 *fill*         0x10000dae        0x2 
 .text.gpio_set_function
                0x10000db0       0x30 CMakeFiles/main.dir/C_/RaspberryPiPico/pico-sdk/src/rp2_common/hardware_gpio/gpio.c.obj
                0x10000db0                gpio_set_function
 .text.gpio_init
                0x10000de0       0x16 CMakeFiles/main.dir/C_/RaspberryPiPico/pico-sdk/src/rp2_common/hardware_gpio/gpio.c.obj
                0x10000de0                gpio_init
 *fill*         0x10000df6        0x2 
 .text.running_on_fpga
                0x10000df8       0x14 CMakeFiles/main.dir/C_/RaspberryPiPico/pico-sdk/src/rp2_common/pico_platform/platform.c.obj
                0x10000df8                running_on_fpga
 .text.hw_claim_lock
                0x10000e0c       0x18 CMakeFiles/main.dir/C_/RaspberryPiPico/pico-sdk/src/rp2_common/hardware_claim/claim.c.obj
                0x10000e0c                hw_claim_lock
 .text.hw_claim_unlock
                0x10000e24       0x14 CMakeFiles/main.dir/C_/RaspberryPiPico/pico-sdk/src/rp2_common/hardware_claim/claim.c.obj
                0x10000e24                hw_claim_unlock
 .text.hw_claim_or_assert
                0x10000e38       0x32 CMakeFiles/main.dir/C_/RaspberryPiPico/pico-sdk/src/rp2_common/hardware_claim/claim.c.obj
                0x10000e38                hw_claim_or_assert
 *fill*         0x10000e6a        0x2 
 .text.spin_locks_reset
                0x10000e6c       0x20 CMakeFiles/main.dir/C_/RaspberryPiPico/pico-sdk/src/rp2_common/hardware_sync/sync.c.obj
                0x10000e6c                spin_locks_reset
 .text.next_striped_spin_lock_num
                0x10000e8c       0x1c CMakeFiles/main.dir/C_/RaspberryPiPico/pico-sdk/src/rp2_common/hardware_sync/sync.c.obj
                0x10000e8c                next_striped_spin_lock_num
 .text.set_raw_irq_handler_and_unlock
                0x10000ea8       0x28 CMakeFiles/main.dir/C_/RaspberryPiPico/pico-sdk/src/rp2_common/hardware_irq/irq.c.obj
 .text.make_branch
                0x10000ed0       0x48 CMakeFiles/main.dir/C_/RaspberryPiPico/pico-sdk/src/rp2_common/hardware_irq/irq.c.obj
 .text.insert_branch_and_link
                0x10000f18       0x40 CMakeFiles/main.dir/C_/RaspberryPiPico/pico-sdk/src/rp2_common/hardware_irq/irq.c.obj
 .text.irq_is_enabled
                0x10000f58       0x18 CMakeFiles/main.dir/C_/RaspberryPiPico/pico-sdk/src/rp2_common/hardware_irq/irq.c.obj
                0x10000f58                irq_is_enabled
 .text.irq_set_mask_enabled
                0x10000f70       0x20 CMakeFiles/main.dir/C_/RaspberryPiPico/pico-sdk/src/rp2_common/hardware_irq/irq.c.obj
                0x10000f70                irq_set_mask_enabled
 .text.irq_set_enabled
                0x10000f90        0xe CMakeFiles/main.dir/C_/RaspberryPiPico/pico-sdk/src/rp2_common/hardware_irq/irq.c.obj
                0x10000f90                irq_set_enabled
 *fill*         0x10000f9e        0x2 
 .text.irq_get_vtable_handler
                0x10000fa0       0x10 CMakeFiles/main.dir/C_/RaspberryPiPico/pico-sdk/src/rp2_common/hardware_irq/irq.c.obj
                0x10000fa0                irq_get_vtable_handler
 .text.irq_set_exclusive_handler
                0x10000fb0       0x54 CMakeFiles/main.dir/C_/RaspberryPiPico/pico-sdk/src/rp2_common/hardware_irq/irq.c.obj
                0x10000fb0                irq_set_exclusive_handler
 .text.irq_remove_handler
                0x10001004      0x1ac CMakeFiles/main.dir/C_/RaspberryPiPico/pico-sdk/src/rp2_common/hardware_irq/irq.c.obj
                0x10001004                irq_remove_handler
 .text.irq_add_tail_to_free_list
                0x100011b0       0xf0 CMakeFiles/main.dir/C_/RaspberryPiPico/pico-sdk/src/rp2_common/hardware_irq/irq.c.obj
                0x100011b0                irq_add_tail_to_free_list
 .text.irq_init_priorities
                0x100012a0       0x1c CMakeFiles/main.dir/C_/RaspberryPiPico/pico-sdk/src/rp2_common/hardware_irq/irq.c.obj
                0x100012a0                irq_init_priorities
 .text.lock_init
                0x100012bc       0x10 CMakeFiles/main.dir/C_/RaspberryPiPico/pico-sdk/src/common/pico_sync/lock_core.c.obj
                0x100012bc                lock_init
 .text.mutex_init
                0x100012cc       0x1a CMakeFiles/main.dir/C_/RaspberryPiPico/pico-sdk/src/common/pico_sync/mutex.c.obj
                0x100012cc                mutex_init
 .text.recursive_mutex_init
                0x100012e6       0x1e CMakeFiles/main.dir/C_/RaspberryPiPico/pico-sdk/src/common/pico_sync/mutex.c.obj
                0x100012e6                recursive_mutex_init
 .text.repeating_timer_callback
                0x10001304       0x40 CMakeFiles/main.dir/C_/RaspberryPiPico/pico-sdk/src/common/pico_time/time.c.obj
 .text.alarm_pool_post_alloc_init
                0x10001344       0x40 CMakeFiles/main.dir/C_/RaspberryPiPico/pico-sdk/src/common/pico_time/time.c.obj
 .text.sleep_until_callback
                0x10001384       0x30 CMakeFiles/main.dir/C_/RaspberryPiPico/pico-sdk/src/common/pico_time/time.c.obj
 .text.timer_pool_entry_comparator
                0x100013b4       0x7c CMakeFiles/main.dir/C_/RaspberryPiPico/pico-sdk/src/common/pico_time/time.c.obj
                0x100013b4                timer_pool_entry_comparator
 .text.ph_add_child_node
                0x10001430       0xa4 CMakeFiles/main.dir/C_/RaspberryPiPico/pico-sdk/src/common/pico_time/time.c.obj
 .text.ph_merge_nodes
                0x100014d4       0x3e CMakeFiles/main.dir/C_/RaspberryPiPico/pico-sdk/src/common/pico_time/time.c.obj
 *fill*         0x10001512        0x2 
 .text.add_alarm_under_lock
                0x10001514      0x174 CMakeFiles/main.dir/C_/RaspberryPiPico/pico-sdk/src/common/pico_time/time.c.obj
 .text.alarm_pool_alarm_callback
                0x10001688      0x33c CMakeFiles/main.dir/C_/RaspberryPiPico/pico-sdk/src/common/pico_time/time.c.obj
 .text.alarm_pool_init_default
                0x100019c4       0x40 CMakeFiles/main.dir/C_/RaspberryPiPico/pico-sdk/src/common/pico_time/time.c.obj
                0x100019c4                alarm_pool_init_default
 .text.alarm_pool_get_default
                0x10001a04       0x2c CMakeFiles/main.dir/C_/RaspberryPiPico/pico-sdk/src/common/pico_time/time.c.obj
                0x10001a04                alarm_pool_get_default
 .text.alarm_pool_add_alarm_at
                0x10001a30      0x168 CMakeFiles/main.dir/C_/RaspberryPiPico/pico-sdk/src/common/pico_time/time.c.obj
                0x10001a30                alarm_pool_add_alarm_at
 .text.alarm_pool_cancel_alarm
                0x10001b98       0xf8 CMakeFiles/main.dir/C_/RaspberryPiPico/pico-sdk/src/common/pico_time/time.c.obj
                0x10001b98                alarm_pool_cancel_alarm
 .text.alarm_pool_add_repeating_timer_us
                0x10001c90       0x98 CMakeFiles/main.dir/C_/RaspberryPiPico/pico-sdk/src/common/pico_time/time.c.obj
                0x10001c90                alarm_pool_add_repeating_timer_us
 .text.sleep_until
                0x10001d28       0xfc CMakeFiles/main.dir/C_/RaspberryPiPico/pico-sdk/src/common/pico_time/time.c.obj
                0x10001d28                sleep_until
 .text.sleep_us
                0x10001e24       0x58 CMakeFiles/main.dir/C_/RaspberryPiPico/pico-sdk/src/common/pico_time/time.c.obj
                0x10001e24                sleep_us
 .text.sleep_ms
                0x10001e7c       0x14 CMakeFiles/main.dir/C_/RaspberryPiPico/pico-sdk/src/common/pico_time/time.c.obj
                0x10001e7c                sleep_ms
 .text.best_effort_wfe_or_timeout
                0x10001e90       0xac CMakeFiles/main.dir/C_/RaspberryPiPico/pico-sdk/src/common/pico_time/time.c.obj
                0x10001e90                best_effort_wfe_or_timeout
 .text.hardware_alarm_irq_handler
                0x10001f3c       0x90 CMakeFiles/main.dir/C_/RaspberryPiPico/pico-sdk/src/rp2_common/hardware_timer/timer.c.obj
 .text.hardware_alarm_claim
                0x10001fcc       0x18 CMakeFiles/main.dir/C_/RaspberryPiPico/pico-sdk/src/rp2_common/hardware_timer/timer.c.obj
                0x10001fcc                hardware_alarm_claim
 .text.time_us_64
                0x10001fe4       0x18 CMakeFiles/main.dir/C_/RaspberryPiPico/pico-sdk/src/rp2_common/hardware_timer/timer.c.obj
                0x10001fe4                time_us_64
 .text.busy_wait_until
                0x10001ffc       0x28 CMakeFiles/main.dir/C_/RaspberryPiPico/pico-sdk/src/rp2_common/hardware_timer/timer.c.obj
                0x10001ffc                busy_wait_until
 .text.busy_wait_us
                0x10002024       0x48 CMakeFiles/main.dir/C_/RaspberryPiPico/pico-sdk/src/rp2_common/hardware_timer/timer.c.obj
                0x10002024                busy_wait_us
 .text.hardware_alarm_set_callback
                0x1000206c       0x90 CMakeFiles/main.dir/C_/RaspberryPiPico/pico-sdk/src/rp2_common/hardware_timer/timer.c.obj
                0x1000206c                hardware_alarm_set_callback
 .text.hardware_alarm_set_target
                0x100020fc       0xe8 CMakeFiles/main.dir/C_/RaspberryPiPico/pico-sdk/src/rp2_common/hardware_timer/timer.c.obj
                0x100020fc                hardware_alarm_set_target
 .text.hardware_alarm_cancel
                0x100021e4       0x40 CMakeFiles/main.dir/C_/RaspberryPiPico/pico-sdk/src/rp2_common/hardware_timer/timer.c.obj
                0x100021e4                hardware_alarm_cancel
 .text.ph_add_child_node
                0x10002224       0xa4 CMakeFiles/main.dir/C_/RaspberryPiPico/pico-sdk/src/common/pico_util/pheap.c.obj
 .text.ph_merge_nodes
                0x100022c8       0x3e CMakeFiles/main.dir/C_/RaspberryPiPico/pico-sdk/src/common/pico_util/pheap.c.obj
 *fill*         0x10002306        0x2 
 .text.ph_clear
                0x10002308       0x70 CMakeFiles/main.dir/C_/RaspberryPiPico/pico-sdk/src/common/pico_util/pheap.c.obj
                0x10002308                ph_clear
 .text.ph_post_alloc_init
                0x10002378        0xe CMakeFiles/main.dir/C_/RaspberryPiPico/pico-sdk/src/common/pico_util/pheap.c.obj
                0x10002378                ph_post_alloc_init
 *fill*         0x10002386        0x2 
 .text.ph_merge_two_pass
                0x10002388       0xa8 CMakeFiles/main.dir/C_/RaspberryPiPico/pico-sdk/src/common/pico_util/pheap.c.obj
                0x10002388                ph_merge_two_pass
 .text.ph_remove_any_head
                0x10002430      0x128 CMakeFiles/main.dir/C_/RaspberryPiPico/pico-sdk/src/common/pico_util/pheap.c.obj
 .text.ph_remove_head
                0x10002558       0x14 CMakeFiles/main.dir/C_/RaspberryPiPico/pico-sdk/src/common/pico_util/pheap.c.obj
                0x10002558                ph_remove_head
 .text.ph_remove_and_free_node
                0x1000256c       0xf8 CMakeFiles/main.dir/C_/RaspberryPiPico/pico-sdk/src/common/pico_util/pheap.c.obj
                0x1000256c                ph_remove_and_free_node
 .text.uart_disable_before_lcr_write
                0x10002664       0x48 CMakeFiles/main.dir/C_/RaspberryPiPico/pico-sdk/src/rp2_common/hardware_uart/uart.c.obj
 .text.uart_write_lcr_bits_masked
                0x100026ac       0x22 CMakeFiles/main.dir/C_/RaspberryPiPico/pico-sdk/src/rp2_common/hardware_uart/uart.c.obj
 *fill*         0x100026ce        0x2 
 .text.uart_set_baudrate
                0x100026d0       0x5c CMakeFiles/main.dir/C_/RaspberryPiPico/pico-sdk/src/rp2_common/hardware_uart/uart.c.obj
                0x100026d0                uart_set_baudrate
 .text.uart_set_format
                0x1000272c       0x2c CMakeFiles/main.dir/C_/RaspberryPiPico/pico-sdk/src/rp2_common/hardware_uart/uart.c.obj
                0x1000272c                uart_set_format
 .text.uart_set_translate_crlf
                0x10002758       0x28 CMakeFiles/main.dir/C_/RaspberryPiPico/pico-sdk/src/rp2_common/hardware_uart/uart.c.obj
                0x10002758                uart_set_translate_crlf
 .text.uart_init
                0x10002780       0x80 CMakeFiles/main.dir/C_/RaspberryPiPico/pico-sdk/src/rp2_common/hardware_uart/uart.c.obj
                0x10002780                uart_init
 .text.clock_configure
                0x10002800      0x108 CMakeFiles/main.dir/C_/RaspberryPiPico/pico-sdk/src/rp2_common/hardware_clocks/clocks.c.obj
                0x10002800                clock_configure
 .text.clocks_init
                0x10002908      0x100 CMakeFiles/main.dir/C_/RaspberryPiPico/pico-sdk/src/rp2_common/hardware_clocks/clocks.c.obj
                0x10002908                clocks_init
 .text.clock_get_hz
                0x10002a08        0xc CMakeFiles/main.dir/C_/RaspberryPiPico/pico-sdk/src/rp2_common/hardware_clocks/clocks.c.obj
                0x10002a08                clock_get_hz
 .text.pll_init
                0x10002a14      0x120 CMakeFiles/main.dir/C_/RaspberryPiPico/pico-sdk/src/rp2_common/hardware_pll/pll.c.obj
                0x10002a14                pll_init
 .text.watchdog_start_tick
                0x10002b34       0x10 CMakeFiles/main.dir/C_/RaspberryPiPico/pico-sdk/src/rp2_common/hardware_watchdog/watchdog.c.obj
                0x10002b34                watchdog_start_tick
 .text.xosc_init
                0x10002b44       0x28 CMakeFiles/main.dir/C_/RaspberryPiPico/pico-sdk/src/rp2_common/hardware_xosc/xosc.c.obj
                0x10002b44                xosc_init
 .text._exit    0x10002b6c        0x4 CMakeFiles/main.dir/C_/RaspberryPiPico/pico-sdk/src/rp2_common/pico_runtime/runtime.c.obj
                0x10002b6c                _exit
 .text._sbrk    0x10002b70       0x38 CMakeFiles/main.dir/C_/RaspberryPiPico/pico-sdk/src/rp2_common/pico_runtime/runtime.c.obj
                0x10002b70                _sbrk
 .text.exit     0x10002ba8        0x6 CMakeFiles/main.dir/C_/RaspberryPiPico/pico-sdk/src/rp2_common/pico_runtime/runtime.c.obj
                0x10002ba8                exit
 *fill*         0x10002bae        0x2 
 .text.__assert_func
                0x10002bb0       0x3c CMakeFiles/main.dir/C_/RaspberryPiPico/pico-sdk/src/rp2_common/pico_runtime/runtime.c.obj
                0x10002bb0                __assert_func
 .text.runtime_init
                0x10002bec       0xf8 CMakeFiles/main.dir/C_/RaspberryPiPico/pico-sdk/src/rp2_common/pico_runtime/runtime.c.obj
                0x10002bec                runtime_init
 .text.panic    0x10002ce4       0x30 CMakeFiles/main.dir/C_/RaspberryPiPico/pico-sdk/src/rp2_common/pico_runtime/runtime.c.obj
                0x10002ce4                panic
 .text._out_buffer
                0x10002d14        0x8 CMakeFiles/main.dir/C_/RaspberryPiPico/pico-sdk/src/rp2_common/pico_printf/printf.c.obj
 .text._out_null
                0x10002d1c        0x2 CMakeFiles/main.dir/C_/RaspberryPiPico/pico-sdk/src/rp2_common/pico_printf/printf.c.obj
 .text._out_fct
                0x10002d1e        0xe CMakeFiles/main.dir/C_/RaspberryPiPico/pico-sdk/src/rp2_common/pico_printf/printf.c.obj
 .text._atoi    0x10002d2c       0x24 CMakeFiles/main.dir/C_/RaspberryPiPico/pico-sdk/src/rp2_common/pico_printf/printf.c.obj
 .text._out_rev
                0x10002d50       0xae CMakeFiles/main.dir/C_/RaspberryPiPico/pico-sdk/src/rp2_common/pico_printf/printf.c.obj
 .text._ntoa_format
                0x10002dfe      0x112 CMakeFiles/main.dir/C_/RaspberryPiPico/pico-sdk/src/rp2_common/pico_printf/printf.c.obj
 .text._ntoa_long
                0x10002f10       0xbc CMakeFiles/main.dir/C_/RaspberryPiPico/pico-sdk/src/rp2_common/pico_printf/printf.c.obj
 .text._ntoa_long_long
                0x10002fcc       0xe2 CMakeFiles/main.dir/C_/RaspberryPiPico/pico-sdk/src/rp2_common/pico_printf/printf.c.obj
 *fill*         0x100030ae        0x2 
 .text._etoa    0x100030b0      0x414 CMakeFiles/main.dir/C_/RaspberryPiPico/pico-sdk/src/rp2_common/pico_printf/printf.c.obj
 .text._ftoa    0x100034c4      0x354 CMakeFiles/main.dir/C_/RaspberryPiPico/pico-sdk/src/rp2_common/pico_printf/printf.c.obj
 .text._vsnprintf
                0x10003818      0x624 CMakeFiles/main.dir/C_/RaspberryPiPico/pico-sdk/src/rp2_common/pico_printf/printf.c.obj
 .text.__wrap_sprintf
                0x10003e3c       0x28 CMakeFiles/main.dir/C_/RaspberryPiPico/pico-sdk/src/rp2_common/pico_printf/printf.c.obj
                0x10003e3c                __wrap_sprintf
 .text.vfctprintf
                0x10003e64       0x20 CMakeFiles/main.dir/C_/RaspberryPiPico/pico-sdk/src/rp2_common/pico_printf/printf.c.obj
                0x10003e64                vfctprintf
 .text          0x10003e84       0x10 CMakeFiles/main.dir/C_/RaspberryPiPico/pico-sdk/src/rp2_common/pico_bit_ops/bit_ops_aeabi.S.obj
 .text.rom_func_lookup
                0x10003e94       0x10 CMakeFiles/main.dir/C_/RaspberryPiPico/pico-sdk/src/rp2_common/pico_bootrom/bootrom.c.obj
                0x10003e94                rom_func_lookup
 .text.rom_data_lookup
                0x10003ea4       0x10 CMakeFiles/main.dir/C_/RaspberryPiPico/pico-sdk/src/rp2_common/pico_bootrom/bootrom.c.obj
                0x10003ea4                rom_data_lookup
 .text.rom_funcs_lookup
                0x10003eb4       0x36 CMakeFiles/main.dir/C_/RaspberryPiPico/pico-sdk/src/rp2_common/pico_bootrom/bootrom.c.obj
                0x10003eb4                rom_funcs_lookup
 *fill*         0x10003eea        0x2 
 .text.__wrap___aeabi_idiv
                0x10003eec       0x50 CMakeFiles/main.dir/C_/RaspberryPiPico/pico-sdk/src/rp2_common/pico_divider/divider.S.obj
                0x10003eec                __wrap___aeabi_idivmod
                0x10003eec                divmod_s32s32
                0x10003eec                div_s32s32
                0x10003eec                __wrap___aeabi_idiv
                0x10003ef4                divmod_s32s32_unsafe
                0x10003f20                divmod_s32s32_savestate
 .text.__wrap___aeabi_uidiv
                0x10003f3c       0x4c CMakeFiles/main.dir/C_/RaspberryPiPico/pico-sdk/src/rp2_common/pico_divider/divider.S.obj
                0x10003f3c                __wrap___aeabi_uidiv
                0x10003f3c                __wrap___aeabi_uidivmod
                0x10003f3c                div_u32u32
                0x10003f3c                divmod_u32u32
                0x10003f44                divmod_u32u32_unsafe
                0x10003f6c                divmod_u32u32_savestate
 .text.__wrap___aeabi_ldiv
                0x10003f88      0x424 CMakeFiles/main.dir/C_/RaspberryPiPico/pico-sdk/src/rp2_common/pico_divider/divider.S.obj
                0x10003f88                div_s64s64
                0x10003f88                divmod_s64s64
                0x10003f88                __wrap___aeabi_ldivmod
                0x10003fb8                divmod_u64u64
                0x10003fb8                div_u64u64
                0x10003fb8                __wrap___aeabi_uldivmod
                0x10003fc8                divmod_u64u64_savestate
                0x10003fe8                divmod_s64s64_unsafe
                0x10004070                divmod_u64u64_unsafe
 .text.__wrap___aeabi_darithmetic
                0x100043ac       0x80 CMakeFiles/main.dir/C_/RaspberryPiPico/pico-sdk/src/rp2_common/pico_double/double_aeabi.S.obj
                0x100043ac                __wrap___aeabi_drsub
                0x100043b2                __wrap___aeabi_dsub
                0x100043c4                __wrap___aeabi_dadd
                0x100043d6                __wrap___aeabi_ddiv
                0x10004412                __wrap___aeabi_dmul
 .text.__wrap___aeabi_cdcmple
                0x1000442c       0x6c CMakeFiles/main.dir/C_/RaspberryPiPico/pico-sdk/src/rp2_common/pico_double/double_aeabi.S.obj
                0x1000442c                __wrap___aeabi_cdrcmple
                0x1000443c                __wrap___aeabi_cdcmpeq
                0x1000443c                __wrap___aeabi_cdcmple
 .text.__wrap___aeabi_dcmplt
                0x10004498        0xc CMakeFiles/main.dir/C_/RaspberryPiPico/pico-sdk/src/rp2_common/pico_double/double_aeabi.S.obj
                0x10004498                __wrap___aeabi_dcmplt
 .text.__wrap___aeabi_dcmple
                0x100044a4       0x10 CMakeFiles/main.dir/C_/RaspberryPiPico/pico-sdk/src/rp2_common/pico_double/double_aeabi.S.obj
                0x100044a4                __wrap___aeabi_dcmple
 .text.__wrap___aeabi_dcmpge
                0x100044b4       0x10 CMakeFiles/main.dir/C_/RaspberryPiPico/pico-sdk/src/rp2_common/pico_double/double_aeabi.S.obj
                0x100044b4                __wrap___aeabi_dcmpge
 .text.__wrap___aeabi_dcmpgt
                0x100044c4        0xa CMakeFiles/main.dir/C_/RaspberryPiPico/pico-sdk/src/rp2_common/pico_double/double_aeabi.S.obj
                0x100044c4                __wrap___aeabi_dcmpgt
 .text.__wrap___aeabi_dcmpun
                0x100044ce       0x1c CMakeFiles/main.dir/C_/RaspberryPiPico/pico-sdk/src/rp2_common/pico_double/double_aeabi.S.obj
                0x100044ce                __wrap___aeabi_dcmpun
 *fill*         0x100044ea        0x2 
 .text.__wrap___aeabi_i2d
                0x100044ec       0x38 CMakeFiles/main.dir/C_/RaspberryPiPico/pico-sdk/src/rp2_common/pico_double/double_aeabi.S.obj
                0x100044ec                __wrap___aeabi_ui2d
                0x100044f4                __wrap___aeabi_i2d
 .text.__wrap___aeabi_d2iz
                0x10004524       0x48 CMakeFiles/main.dir/C_/RaspberryPiPico/pico-sdk/src/rp2_common/pico_double/double_aeabi.S.obj
                0x10004524                double2int_z
                0x10004524                __wrap___aeabi_d2iz
 .text.__wrap___aeabi_d2uiz
                0x1000456c       0x18 CMakeFiles/main.dir/C_/RaspberryPiPico/pico-sdk/src/rp2_common/pico_double/double_aeabi.S.obj
                0x1000456c                __wrap___aeabi_d2uiz
                0x1000456c                double2uint
 .text.__aeabi_double_init
                0x10004584       0xc8 CMakeFiles/main.dir/C_/RaspberryPiPico/pico-sdk/src/rp2_common/pico_double/double_init_rom.c.obj
                0x10004584                __aeabi_double_init
 .text.double_table_shim_on_use_helper
                0x1000464c       0x34 CMakeFiles/main.dir/C_/RaspberryPiPico/pico-sdk/src/rp2_common/pico_double/double_v1_rom_shim.S.obj
                0x1000464c                double_table_shim_on_use_helper
 .text.__wrap___aeabi_dsub
                0x10004680       0x10 CMakeFiles/main.dir/C_/RaspberryPiPico/pico-sdk/src/rp2_common/pico_double/double_v1_rom_shim.S.obj
                0x10004680                drsub_shim
                0x10004686                dsub_shim
 .text.dadd_shim
                0x10004690      0x15c CMakeFiles/main.dir/C_/RaspberryPiPico/pico-sdk/src/rp2_common/pico_double/double_v1_rom_shim.S.obj
                0x10004690                dadd_shim
 .text.dmul_shim
                0x100047ec      0x15c CMakeFiles/main.dir/C_/RaspberryPiPico/pico-sdk/src/rp2_common/pico_double/double_v1_rom_shim.S.obj
                0x100047ec                dmul_shim
 .text.ddiv_shim
                0x10004948      0x1b0 CMakeFiles/main.dir/C_/RaspberryPiPico/pico-sdk/src/rp2_common/pico_double/double_v1_rom_shim.S.obj
                0x10004948                ddiv_shim
 .text.double2uint_shim
                0x10004af8        0xe CMakeFiles/main.dir/C_/RaspberryPiPico/pico-sdk/src/rp2_common/pico_double/double_v1_rom_shim.S.obj
                0x10004af8                double2uint_shim
                0x10004afa                double2ufix_shim
 *fill*         0x10004b06        0x2 
 .text.double2uint64_shim
                0x10004b08       0x70 CMakeFiles/main.dir/C_/RaspberryPiPico/pico-sdk/src/rp2_common/pico_double/double_v1_rom_shim.S.obj
                0x10004b08                double2uint64_shim
                0x10004b0a                double2ufix64_shim
                0x10004b2a                d2fix_a
 .text.dunpacks
                0x10004b78       0x3c CMakeFiles/main.dir/C_/RaspberryPiPico/pico-sdk/src/rp2_common/pico_double/double_v1_rom_shim.S.obj
                0x10004b78                dunpacks
 .text.__aeabi_lmul
                0x10004bb4       0x32 CMakeFiles/main.dir/C_/RaspberryPiPico/pico-sdk/src/rp2_common/pico_int64_ops/pico_int64_ops_aeabi.S.obj
                0x10004bb4                __wrap___aeabi_lmul
 *fill*         0x10004be6        0x2 
 .text.__aeabi_float_init
                0x10004be8       0xfc CMakeFiles/main.dir/C_/RaspberryPiPico/pico-sdk/src/rp2_common/pico_float/float_init_rom.c.obj
                0x10004be8                __aeabi_float_init
 .text.float_table_shim_on_use_helper
                0x10004ce4       0x34 CMakeFiles/main.dir/C_/RaspberryPiPico/pico-sdk/src/rp2_common/pico_float/float_v1_rom_shim.S.obj
                0x10004ce4                float_table_shim_on_use_helper
 .text.__wrap_calloc
                0x10004d18       0x24 CMakeFiles/main.dir/C_/RaspberryPiPico/pico-sdk/src/rp2_common/pico_malloc/pico_malloc.c.obj
                0x10004d18                __wrap_calloc
 .text.__wrap_free
                0x10004d3c        0x8 CMakeFiles/main.dir/C_/RaspberryPiPico/pico-sdk/src/rp2_common/pico_malloc/pico_malloc.c.obj
                0x10004d3c                __wrap_free
 .text          0x10004d44       0x10 CMakeFiles/main.dir/C_/RaspberryPiPico/pico-sdk/src/rp2_common/pico_mem_ops/mem_ops_aeabi.S.obj
                0x10004d44                __aeabi_mem_init
 .text.memset   0x10004d54        0xc CMakeFiles/main.dir/C_/RaspberryPiPico/pico-sdk/src/rp2_common/pico_mem_ops/mem_ops_aeabi.S.obj
                0x10004d54                __wrap_memset
 .text.memcpy   0x10004d60        0xc CMakeFiles/main.dir/C_/RaspberryPiPico/pico-sdk/src/rp2_common/pico_mem_ops/mem_ops_aeabi.S.obj
                0x10004d60                __wrap_memcpy
                0x10004d60                __wrap___aeabi_memcpy
 .text.stdio_out_chars_no_crlf
                0x10004d6c        0xe CMakeFiles/main.dir/C_/RaspberryPiPico/pico-sdk/src/rp2_common/pico_stdio/stdio.c.obj
 *fill*         0x10004d7a        0x2 
 .text.stdio_out_chars_crlf
                0x10004d7c       0x80 CMakeFiles/main.dir/C_/RaspberryPiPico/pico-sdk/src/rp2_common/pico_stdio/stdio.c.obj
 .text.stdio_stack_buffer_flush
                0x10004dfc       0x44 CMakeFiles/main.dir/C_/RaspberryPiPico/pico-sdk/src/rp2_common/pico_stdio/stdio.c.obj
 .text.stdio_buffered_printer
                0x10004e40       0x20 CMakeFiles/main.dir/C_/RaspberryPiPico/pico-sdk/src/rp2_common/pico_stdio/stdio.c.obj
 .text.stdout_serialize_begin
                0x10004e60       0x5c CMakeFiles/main.dir/C_/RaspberryPiPico/pico-sdk/src/rp2_common/pico_stdio/stdio.c.obj
                0x10004e60                stdout_serialize_begin
 .text.stdout_serialize_end
                0x10004ebc       0x10 CMakeFiles/main.dir/C_/RaspberryPiPico/pico-sdk/src/rp2_common/pico_stdio/stdio.c.obj
                0x10004ebc                stdout_serialize_end
 .text.stdio_put_string
                0x10004ecc       0x98 CMakeFiles/main.dir/C_/RaspberryPiPico/pico-sdk/src/rp2_common/pico_stdio/stdio.c.obj
 .text.__wrap_putchar
                0x10004f64       0x1c CMakeFiles/main.dir/C_/RaspberryPiPico/pico-sdk/src/rp2_common/pico_stdio/stdio.c.obj
                0x10004f64                __wrap_putchar
 .text.stdio_set_driver_enabled
                0x10004f80       0x2c CMakeFiles/main.dir/C_/RaspberryPiPico/pico-sdk/src/rp2_common/pico_stdio/stdio.c.obj
                0x10004f80                stdio_set_driver_enabled
 .text.stdio_flush
                0x10004fac       0x20 CMakeFiles/main.dir/C_/RaspberryPiPico/pico-sdk/src/rp2_common/pico_stdio/stdio.c.obj
                0x10004fac                stdio_flush
 .text.__wrap_puts
                0x10004fcc       0x1e CMakeFiles/main.dir/C_/RaspberryPiPico/pico-sdk/src/rp2_common/pico_stdio/stdio.c.obj
                0x10004fcc                __wrap_puts
 *fill*         0x10004fea        0x2 
 .text.__wrap_vprintf
                0x10004fec       0x40 CMakeFiles/main.dir/C_/RaspberryPiPico/pico-sdk/src/rp2_common/pico_stdio/stdio.c.obj
                0x10004fec                __wrap_vprintf
 .text.__wrap_printf
                0x1000502c       0x18 CMakeFiles/main.dir/C_/RaspberryPiPico/pico-sdk/src/rp2_common/pico_stdio/stdio.c.obj
                0x1000502c                __wrap_printf
 .text.stdio_init_all
                0x10005044        0xa CMakeFiles/main.dir/C_/RaspberryPiPico/pico-sdk/src/rp2_common/pico_stdio/stdio.c.obj
                0x10005044                stdio_init_all
 *fill*         0x1000504e        0x2 
 .text.stdio_uart_out_chars
                0x10005050       0x74 CMakeFiles/main.dir/C_/RaspberryPiPico/pico-sdk/src/rp2_common/pico_stdio_uart/stdio_uart.c.obj
 .text.stdio_uart_in_chars
                0x100050c4       0x80 CMakeFiles/main.dir/C_/RaspberryPiPico/pico-sdk/src/rp2_common/pico_stdio_uart/stdio_uart.c.obj
                0x100050c4                stdio_uart_in_chars
 .text.on_uart_rx
                0x10005144       0x28 CMakeFiles/main.dir/C_/RaspberryPiPico/pico-sdk/src/rp2_common/pico_stdio_uart/stdio_uart.c.obj
 .text.stdio_uart_set_chars_available_callback
                0x1000516c       0x8c CMakeFiles/main.dir/C_/RaspberryPiPico/pico-sdk/src/rp2_common/pico_stdio_uart/stdio_uart.c.obj
 .text.stdio_uart_init_full
                0x100051f8       0x44 CMakeFiles/main.dir/C_/RaspberryPiPico/pico-sdk/src/rp2_common/pico_stdio_uart/stdio_uart.c.obj
                0x100051f8                stdio_uart_init_full
 .text.stdio_uart_init
                0x1000523c       0x28 CMakeFiles/main.dir/C_/RaspberryPiPico/pico-sdk/src/rp2_common/pico_stdio_uart/stdio_uart.c.obj
                0x1000523c                stdio_uart_init
 .text.calloc   0x10005264       0x18 c:/progra~2/gnu arm embedded toolchain/10 2021.10/bin/../lib/gcc/arm-none-eabi/10.3.1/../../../../arm-none-eabi/lib/thumb/v6-m/nofp\libg.a(lib_a-calloc.o)
                0x10005264                calloc
 .text._calloc_r
                0x1000527c       0x9c c:/progra~2/gnu arm embedded toolchain/10 2021.10/bin/../lib/gcc/arm-none-eabi/10.3.1/../../../../arm-none-eabi/lib/thumb/v6-m/nofp\libg.a(lib_a-callocr.o)
                0x1000527c                _calloc_r
 .text.__errno  0x10005318        0xc c:/progra~2/gnu arm embedded toolchain/10 2021.10/bin/../lib/gcc/arm-none-eabi/10.3.1/../../../../arm-none-eabi/lib/thumb/v6-m/nofp\libg.a(lib_a-errno.o)
                0x10005318                __errno
 .text.free     0x10005324       0x14 c:/progra~2/gnu arm embedded toolchain/10 2021.10/bin/../lib/gcc/arm-none-eabi/10.3.1/../../../../arm-none-eabi/lib/thumb/v6-m/nofp\libg.a(lib_a-malloc.o)
                0x10005324                free
 .text._malloc_r
                0x10005338      0x584 c:/progra~2/gnu arm embedded toolchain/10 2021.10/bin/../lib/gcc/arm-none-eabi/10.3.1/../../../../arm-none-eabi/lib/thumb/v6-m/nofp\libg.a(lib_a-mallocr.o)
                0x10005338                _malloc_r
 .text.__malloc_lock
                0x100058bc       0x10 c:/progra~2/gnu arm embedded toolchain/10 2021.10/bin/../lib/gcc/arm-none-eabi/10.3.1/../../../../arm-none-eabi/lib/thumb/v6-m/nofp\libg.a(lib_a-mlock.o)
                0x100058bc                __malloc_lock
 .text.__malloc_unlock
                0x100058cc       0x10 c:/progra~2/gnu arm embedded toolchain/10 2021.10/bin/../lib/gcc/arm-none-eabi/10.3.1/../../../../arm-none-eabi/lib/thumb/v6-m/nofp\libg.a(lib_a-mlock.o)
                0x100058cc                __malloc_unlock
 .text._sbrk_r  0x100058dc       0x24 c:/progra~2/gnu arm embedded toolchain/10 2021.10/bin/../lib/gcc/arm-none-eabi/10.3.1/../../../../arm-none-eabi/lib/thumb/v6-m/nofp\libg.a(lib_a-sbrkr.o)
                0x100058dc                _sbrk_r
 .text.strlcpy  0x10005900       0x50 c:/progra~2/gnu arm embedded toolchain/10 2021.10/bin/../lib/gcc/arm-none-eabi/10.3.1/../../../../arm-none-eabi/lib/thumb/v6-m/nofp\libg.a(lib_a-strlcpy.o)
                0x10005900                strlcpy
 .text.strlen   0x10005950       0x5c c:/progra~2/gnu arm embedded toolchain/10 2021.10/bin/../lib/gcc/arm-none-eabi/10.3.1/../../../../arm-none-eabi/lib/thumb/v6-m/nofp\libg.a(lib_a-strlen-stub.o)
                0x10005950                strlen
 .text._malloc_trim_r
                0x100059ac       0x9c c:/progra~2/gnu arm embedded toolchain/10 2021.10/bin/../lib/gcc/arm-none-eabi/10.3.1/../../../../arm-none-eabi/lib/thumb/v6-m/nofp\libg.a(lib_a-freer.o)
                0x100059ac                _malloc_trim_r
 .text._free_r  0x10005a48      0x1c4 c:/progra~2/gnu arm embedded toolchain/10 2021.10/bin/../lib/gcc/arm-none-eabi/10.3.1/../../../../arm-none-eabi/lib/thumb/v6-m/nofp\libg.a(lib_a-freer.o)
                0x10005a48                _free_r
 .text.__retarget_lock_acquire_recursive
                0x10005c0c        0x4 c:/progra~2/gnu arm embedded toolchain/10 2021.10/bin/../lib/gcc/arm-none-eabi/10.3.1/../../../../arm-none-eabi/lib/thumb/v6-m/nofp\libg.a(lib_a-lock.o)
                0x10005c0c                __retarget_lock_acquire_recursive
 .text.__retarget_lock_release_recursive
                0x10005c10        0x4 c:/progra~2/gnu arm embedded toolchain/10 2021.10/bin/../lib/gcc/arm-none-eabi/10.3.1/../../../../arm-none-eabi/lib/thumb/v6-m/nofp\libg.a(lib_a-lock.o)
                0x10005c10                __retarget_lock_release_recursive
 *(.fini)
 .fini          0x10005c14        0x4 c:/progra~2/gnu arm embedded toolchain/10 2021.10/bin/../lib/gcc/arm-none-eabi/10.3.1/thumb/v6-m/nofp/crti.o
                0x10005c14                _fini
 .fini.__stub   0x10005c18       0x40 linker stubs
 *crtbegin.o(.ctors)
 *crtbegin?.o(.ctors)
 *(EXCLUDE_FILE(*crtend.o *crtend?.o) .ctors)
 *(SORT_BY_NAME(.ctors.*))
 *(.ctors)
 *crtbegin.o(.dtors)
 *crtbegin?.o(.dtors)
 *(EXCLUDE_FILE(*crtend.o *crtend?.o) .dtors)
 *(SORT_BY_NAME(.dtors.*))
 *(.dtors)
 *(.eh_frame*)
 .eh_frame      0x10005c58        0x0 c:/progra~2/gnu arm embedded toolchain/10 2021.10/bin/../lib/gcc/arm-none-eabi/10.3.1/thumb/v6-m/nofp/crtbegin.o
                0x10005c58                . = ALIGN (0x4)

.glue_7         0x10005c58        0x0
 .glue_7        0x10005c58        0x0 linker stubs

.glue_7t        0x10005c58        0x0
 .glue_7t       0x10005c58        0x0 linker stubs

.vfp11_veneer   0x10005c58        0x0
 .vfp11_veneer  0x10005c58        0x0 linker stubs

.v4_bx          0x10005c58        0x0
 .v4_bx         0x10005c58        0x0 linker stubs

.iplt           0x10005c58        0x0
 .iplt          0x10005c58        0x0 c:/progra~2/gnu arm embedded toolchain/10 2021.10/bin/../lib/gcc/arm-none-eabi/10.3.1/thumb/v6-m/nofp/crtbegin.o

.rodata         0x10005c58     0x1450
 *(EXCLUDE_FILE(*libm.a: *libc.a:*lib_a-mem*.o *libgcc.a:) .rodata*)
 .rodata.hello_world.str1.4
                0x10005c58       0x1c CMakeFiles/main.dir/main.c.obj
 .rodata.main.str1.4
                0x10005c74       0x59 CMakeFiles/main.dir/main.c.obj
 *fill*         0x10005ccd        0x3 
 .rodata.list_init.str1.4
                0x10005cd0       0x55 CMakeFiles/main.dir/misc/list.c.obj
 *fill*         0x10005d25        0x3 
 .rodata.list_next.str1.4
                0x10005d28       0x25 CMakeFiles/main.dir/misc/list.c.obj
 *fill*         0x10005d4d        0x3 
 .rodata.list_insert.str1.4
                0x10005d50       0x39 CMakeFiles/main.dir/misc/list.c.obj
 *fill*         0x10005d89        0x3 
 .rodata.list_remove.str1.4
                0x10005d8c       0x13 CMakeFiles/main.dir/misc/list.c.obj
 *fill*         0x10005d9f        0x1 
 .rodata.list_front.str1.4
                0x10005da0       0x13 CMakeFiles/main.dir/misc/list.c.obj
 *fill*         0x10005db3        0x1 
 .rodata.__func__.15
                0x10005db4        0x9 CMakeFiles/main.dir/misc/list.c.obj
 *fill*         0x10005dbd        0x3 
 .rodata.__func__.16
                0x10005dc0        0xa CMakeFiles/main.dir/misc/list.c.obj
 *fill*         0x10005dca        0x2 
 .rodata.__func__.17
                0x10005dcc        0xb CMakeFiles/main.dir/misc/list.c.obj
 *fill*         0x10005dd7        0x1 
 .rodata.__func__.18
                0x10005dd8        0xa CMakeFiles/main.dir/misc/list.c.obj
 *fill*         0x10005de2        0x2 
 .rodata.__func__.6
                0x10005de4        0xb CMakeFiles/main.dir/misc/list.c.obj
 *fill*         0x10005def        0x1 
 .rodata.__func__.7
                0x10005df0        0xc CMakeFiles/main.dir/misc/list.c.obj
 .rodata.__func__.9
                0x10005dfc        0xc CMakeFiles/main.dir/misc/list.c.obj
 .rodata.alloc_frame.str1.4
                0x10005e08       0x62 CMakeFiles/main.dir/threads/thread.c.obj
                                 0x7a (size before relaxing)
 *fill*         0x10005e6a        0x2 
 .rodata.init_thread.str1.4
                0x10005e6c       0x35 CMakeFiles/main.dir/threads/thread.c.obj
 *fill*         0x10005ea1        0x3 
 .rodata.thread_init.str1.4
                0x10005ea4       0x57 CMakeFiles/main.dir/threads/thread.c.obj
 *fill*         0x10005efb        0x1 
 .rodata.thread_unblock.str1.4
                0x10005efc       0x1c CMakeFiles/main.dir/threads/thread.c.obj
 .rodata.thread_create.str1.4
                0x10005f18       0x11 CMakeFiles/main.dir/threads/thread.c.obj
 *fill*         0x10005f29        0x3 
 .rodata.thread_start.str1.4
                0x10005f2c        0x5 CMakeFiles/main.dir/threads/thread.c.obj
 *fill*         0x10005f31        0x3 
 .rodata.thread_schedule_tail.str1.4
                0x10005f34       0x24 CMakeFiles/main.dir/threads/thread.c.obj
 .rodata.thread_current.str1.4
                0x10005f58       0x1c CMakeFiles/main.dir/threads/thread.c.obj
 .rodata.schedule.str1.4
                0x10005f74       0x67 CMakeFiles/main.dir/threads/thread.c.obj
 *fill*         0x10005fdb        0x1 
 .rodata.idle.str1.4
                0x10005fdc       0x1a CMakeFiles/main.dir/threads/thread.c.obj
 *fill*         0x10005ff6        0x2 
 .rodata.thread_exit.str1.4
                0x10005ff8       0x42 CMakeFiles/main.dir/threads/thread.c.obj
 *fill*         0x1000603a        0x2 
 .rodata.kernel_thread.str1.4
                0x1000603c       0x1b CMakeFiles/main.dir/threads/thread.c.obj
 *fill*         0x10006057        0x1 
 .rodata.thread_tick.str1.4
                0x10006058        0xd CMakeFiles/main.dir/threads/thread.c.obj
 *fill*         0x10006065        0x3 
 .rodata.print_thread_list.str1.4
                0x10006068       0x16 CMakeFiles/main.dir/threads/thread.c.obj
                                 0x26 (size before relaxing)
 *fill*         0x1000607e        0x2 
 .rodata.__func__.0
                0x10006080       0x12 CMakeFiles/main.dir/threads/thread.c.obj
 *fill*         0x10006092        0x2 
 .rodata.__func__.1
                0x10006094        0xf CMakeFiles/main.dir/threads/thread.c.obj
 *fill*         0x100060a3        0x1 
 .rodata.__func__.2
                0x100060a4       0x15 CMakeFiles/main.dir/threads/thread.c.obj
 *fill*         0x100060b9        0x3 
 .rodata.__func__.3
                0x100060bc        0x9 CMakeFiles/main.dir/threads/thread.c.obj
 *fill*         0x100060c5        0x3 
 .rodata.__func__.4
                0x100060c8        0xf CMakeFiles/main.dir/threads/thread.c.obj
 *fill*         0x100060d7        0x1 
 .rodata.__func__.5
                0x100060d8        0xc CMakeFiles/main.dir/threads/thread.c.obj
 .rodata.__func__.6
                0x100060e4        0xe CMakeFiles/main.dir/threads/thread.c.obj
 *fill*         0x100060f2        0x2 
 .rodata.__func__.7
                0x100060f4        0xe CMakeFiles/main.dir/threads/thread.c.obj
 *fill*         0x10006102        0x2 
 .rodata.__func__.9
                0x10006104        0xc CMakeFiles/main.dir/threads/thread.c.obj
 .rodata.debug_panic.str1.4
                0x10006110       0x27 CMakeFiles/main.dir/lib/debug.c.obj
 *fill*         0x10006137        0x1 
 .rodata.make_branch.str1.4
                0x10006138       0x6e CMakeFiles/main.dir/C_/RaspberryPiPico/pico-sdk/src/rp2_common/hardware_irq/irq.c.obj
 *fill*         0x100061a6        0x2 
 .rodata.insert_branch_and_link.str1.4
                0x100061a8       0x10 CMakeFiles/main.dir/C_/RaspberryPiPico/pico-sdk/src/rp2_common/hardware_irq/irq.c.obj
 .rodata.irq_set_exclusive_handler.str1.4
                0x100061b8       0x36 CMakeFiles/main.dir/C_/RaspberryPiPico/pico-sdk/src/rp2_common/hardware_irq/irq.c.obj
 *fill*         0x100061ee        0x2 
 .rodata.irq_add_shared_handler.str1.4
                0x100061f0       0xd9 CMakeFiles/main.dir/C_/RaspberryPiPico/pico-sdk/src/rp2_common/hardware_irq/irq.c.obj
 *fill*         0x100062c9        0x3 
 .rodata.irq_remove_handler.str1.4
                0x100062cc       0x3a CMakeFiles/main.dir/C_/RaspberryPiPico/pico-sdk/src/rp2_common/hardware_irq/irq.c.obj
 *fill*         0x10006306        0x2 
 .rodata.irq_add_tail_to_free_list.str1.4
                0x10006308       0x3a CMakeFiles/main.dir/C_/RaspberryPiPico/pico-sdk/src/rp2_common/hardware_irq/irq.c.obj
 *fill*         0x10006342        0x2 
 .rodata.__func__.0
                0x10006344       0x1a CMakeFiles/main.dir/C_/RaspberryPiPico/pico-sdk/src/rp2_common/hardware_irq/irq.c.obj
 *fill*         0x1000635e        0x2 
 .rodata.__func__.1
                0x10006360       0x17 CMakeFiles/main.dir/C_/RaspberryPiPico/pico-sdk/src/rp2_common/hardware_irq/irq.c.obj
 *fill*         0x10006377        0x1 
 .rodata.__func__.2
                0x10006378       0x13 CMakeFiles/main.dir/C_/RaspberryPiPico/pico-sdk/src/rp2_common/hardware_irq/irq.c.obj
 *fill*         0x1000638b        0x1 
 .rodata.__func__.3
                0x1000638c        0xc CMakeFiles/main.dir/C_/RaspberryPiPico/pico-sdk/src/rp2_common/hardware_irq/irq.c.obj
 .rodata.__func__.4
                0x10006398        0xf CMakeFiles/main.dir/C_/RaspberryPiPico/pico-sdk/src/rp2_common/hardware_irq/irq.c.obj
 *fill*         0x100063a7        0x1 
 .rodata.__func__.6
                0x100063a8       0x1a CMakeFiles/main.dir/C_/RaspberryPiPico/pico-sdk/src/rp2_common/hardware_irq/irq.c.obj
 *fill*         0x100063c2        0x2 
 .rodata.str1.4
                0x100063c4       0xf1 CMakeFiles/main.dir/C_/RaspberryPiPico/pico-sdk/src/common/pico_sync/mutex.c.obj
 *fill*         0x100064b5        0x3 
 .rodata.__func__.1
                0x100064b8        0xb CMakeFiles/main.dir/C_/RaspberryPiPico/pico-sdk/src/common/pico_sync/mutex.c.obj
 *fill*         0x100064c3        0x1 
 .rodata.__func__.3
                0x100064c4       0x18 CMakeFiles/main.dir/C_/RaspberryPiPico/pico-sdk/src/common/pico_sync/mutex.c.obj
 .rodata.repeating_timer_callback.str1.4
                0x100064dc       0x4c CMakeFiles/main.dir/C_/RaspberryPiPico/pico-sdk/src/common/pico_time/time.c.obj
 .rodata.timer_pool_entry_comparator.str1.4
                0x10006528       0x22 CMakeFiles/main.dir/C_/RaspberryPiPico/pico-sdk/src/common/pico_time/time.c.obj
 *fill*         0x1000654a        0x2 
 .rodata.ph_add_child_node.str1.4
                0x1000654c       0x96 CMakeFiles/main.dir/C_/RaspberryPiPico/pico-sdk/src/common/pico_time/time.c.obj
 *fill*         0x100065e2        0x2 
 .rodata.add_alarm_under_lock.str1.4
                0x100065e4       0x28 CMakeFiles/main.dir/C_/RaspberryPiPico/pico-sdk/src/common/pico_time/time.c.obj
                                 0x2b (size before relaxing)
 .rodata.alarm_pool_alarm_callback.str1.4
                0x1000660c       0x98 CMakeFiles/main.dir/C_/RaspberryPiPico/pico-sdk/src/common/pico_time/time.c.obj
                                 0xfc (size before relaxing)
 .rodata.alarm_pool_get_default.str1.4
                0x100066a4       0x21 CMakeFiles/main.dir/C_/RaspberryPiPico/pico-sdk/src/common/pico_time/time.c.obj
 *fill*         0x100066c5        0x3 
 .rodata.alarm_pool_cancel_alarm.str1.4
                0x100066c8       0x27 CMakeFiles/main.dir/C_/RaspberryPiPico/pico-sdk/src/common/pico_time/time.c.obj
 *fill*         0x100066ef        0x1 
 .rodata.sleep_until.str1.4
                0x100066f0       0x4d CMakeFiles/main.dir/C_/RaspberryPiPico/pico-sdk/src/common/pico_time/time.c.obj
 *fill*         0x1000673d        0x3 
 .rodata.__func__.0
                0x10006740       0x19 CMakeFiles/main.dir/C_/RaspberryPiPico/pico-sdk/src/common/pico_time/time.c.obj
 *fill*         0x10006759        0x3 
 .rodata.__func__.1
                0x1000675c       0x18 CMakeFiles/main.dir/C_/RaspberryPiPico/pico-sdk/src/common/pico_time/time.c.obj
 .rodata.__func__.10
                0x10006774       0x15 CMakeFiles/main.dir/C_/RaspberryPiPico/pico-sdk/src/common/pico_time/time.c.obj
 *fill*         0x10006789        0x3 
 .rodata.__func__.11
                0x1000678c       0x1a CMakeFiles/main.dir/C_/RaspberryPiPico/pico-sdk/src/common/pico_time/time.c.obj
 *fill*         0x100067a6        0x2 
 .rodata.__func__.12
                0x100067a8        0xa CMakeFiles/main.dir/C_/RaspberryPiPico/pico-sdk/src/common/pico_time/time.c.obj
 *fill*         0x100067b2        0x2 
 .rodata.__func__.3
                0x100067b4       0x17 CMakeFiles/main.dir/C_/RaspberryPiPico/pico-sdk/src/common/pico_time/time.c.obj
 *fill*         0x100067cb        0x1 
 .rodata.__func__.4
                0x100067cc       0x12 CMakeFiles/main.dir/C_/RaspberryPiPico/pico-sdk/src/common/pico_time/time.c.obj
 *fill*         0x100067de        0x2 
 .rodata.__func__.5
                0x100067e0        0xd CMakeFiles/main.dir/C_/RaspberryPiPico/pico-sdk/src/common/pico_time/time.c.obj
 *fill*         0x100067ed        0x3 
 .rodata.__func__.6
                0x100067f0       0x12 CMakeFiles/main.dir/C_/RaspberryPiPico/pico-sdk/src/common/pico_time/time.c.obj
 *fill*         0x10006802        0x2 
 .rodata.__func__.7
                0x10006804        0xf CMakeFiles/main.dir/C_/RaspberryPiPico/pico-sdk/src/common/pico_time/time.c.obj
 *fill*         0x10006813        0x1 
 .rodata.__func__.8
                0x10006814        0xc CMakeFiles/main.dir/C_/RaspberryPiPico/pico-sdk/src/common/pico_time/time.c.obj
 .rodata.__func__.9
                0x10006820       0x15 CMakeFiles/main.dir/C_/RaspberryPiPico/pico-sdk/src/common/pico_time/time.c.obj
 *fill*         0x10006835        0x3 
 .rodata.hardware_alarm_claim.str1.4
                0x10006838       0x22 CMakeFiles/main.dir/C_/RaspberryPiPico/pico-sdk/src/rp2_common/hardware_timer/timer.c.obj
 .rodata.busy_wait_us.str1.4
                0x1000685a       0x62 CMakeFiles/main.dir/C_/RaspberryPiPico/pico-sdk/src/rp2_common/hardware_timer/timer.c.obj
 *fill*         0x1000685a        0x2 
 .rodata.hardware_alarm_set_target.str1.4
                0x1000685c       0x66 CMakeFiles/main.dir/C_/RaspberryPiPico/pico-sdk/src/rp2_common/hardware_timer/timer.c.obj
 *fill*         0x100068c2        0x2 
 .rodata.__func__.0
                0x100068c4       0x1a CMakeFiles/main.dir/C_/RaspberryPiPico/pico-sdk/src/rp2_common/hardware_timer/timer.c.obj
 *fill*         0x100068de        0x2 
 .rodata.__func__.1
                0x100068e0       0x15 CMakeFiles/main.dir/C_/RaspberryPiPico/pico-sdk/src/rp2_common/hardware_timer/timer.c.obj
 .rodata.ph_add_child_node.str1.4
                0x100068f5       0x96 CMakeFiles/main.dir/C_/RaspberryPiPico/pico-sdk/src/common/pico_util/pheap.c.obj
 *fill*         0x100068f5        0x3 
 .rodata.ph_remove_any_head.str1.4
                0x100068f8       0x90 CMakeFiles/main.dir/C_/RaspberryPiPico/pico-sdk/src/common/pico_util/pheap.c.obj
                                 0xa4 (size before relaxing)
 .rodata.ph_remove_and_free_node.str1.4
                0x10006988       0x1e CMakeFiles/main.dir/C_/RaspberryPiPico/pico-sdk/src/common/pico_util/pheap.c.obj
                                 0x26 (size before relaxing)
 *fill*         0x100069a6        0x2 
 .rodata.__func__.0
                0x100069a8       0x18 CMakeFiles/main.dir/C_/RaspberryPiPico/pico-sdk/src/common/pico_util/pheap.c.obj
 .rodata.__func__.1
                0x100069c0       0x13 CMakeFiles/main.dir/C_/RaspberryPiPico/pico-sdk/src/common/pico_util/pheap.c.obj
 *fill*         0x100069d3        0x1 
 .rodata.__func__.2
                0x100069d4       0x12 CMakeFiles/main.dir/C_/RaspberryPiPico/pico-sdk/src/common/pico_util/pheap.c.obj
 *fill*         0x100069e6        0x2 
 .rodata.__func__.3
                0x100069e8        0xc CMakeFiles/main.dir/C_/RaspberryPiPico/pico-sdk/src/common/pico_util/pheap.c.obj
 .rodata.clock_configure.str1.4
                0x100069f4       0x58 CMakeFiles/main.dir/C_/RaspberryPiPico/pico-sdk/src/rp2_common/hardware_clocks/clocks.c.obj
 .rodata.__func__.1
                0x10006a4c       0x10 CMakeFiles/main.dir/C_/RaspberryPiPico/pico-sdk/src/rp2_common/hardware_clocks/clocks.c.obj
 .rodata.pll_init.str1.4
                0x10006a5c      0x124 CMakeFiles/main.dir/C_/RaspberryPiPico/pico-sdk/src/rp2_common/hardware_pll/pll.c.obj
 .rodata.__func__.0
                0x10006b80        0x9 CMakeFiles/main.dir/C_/RaspberryPiPico/pico-sdk/src/rp2_common/hardware_pll/pll.c.obj
 *fill*         0x10006b89        0x3 
 .rodata.__assert_func.str1.4
                0x10006b8c       0x3f CMakeFiles/main.dir/C_/RaspberryPiPico/pico-sdk/src/rp2_common/pico_runtime/runtime.c.obj
                                 0x43 (size before relaxing)
 *fill*         0x10006bcb        0x1 
 .rodata.runtime_init.str1.4
                0x10006bcc       0x62 CMakeFiles/main.dir/C_/RaspberryPiPico/pico-sdk/src/rp2_common/pico_runtime/runtime.c.obj
 *fill*         0x10006c2e        0x2 
 .rodata.panic.str1.4
                0x10006c30       0x12 CMakeFiles/main.dir/C_/RaspberryPiPico/pico-sdk/src/rp2_common/pico_runtime/runtime.c.obj
 *fill*         0x10006c42        0x2 
 .rodata.__func__.2
                0x10006c44        0xd CMakeFiles/main.dir/C_/RaspberryPiPico/pico-sdk/src/rp2_common/pico_runtime/runtime.c.obj
 *fill*         0x10006c51        0x3 
 .rodata._ftoa.str1.4
                0x10006c54       0x15 CMakeFiles/main.dir/C_/RaspberryPiPico/pico-sdk/src/rp2_common/pico_printf/printf.c.obj
 *fill*         0x10006c69        0x3 
 .rodata._vsnprintf
                0x10006c6c      0x1e0 CMakeFiles/main.dir/C_/RaspberryPiPico/pico-sdk/src/rp2_common/pico_printf/printf.c.obj
 *fill*         0x10006e4c        0x4 
 .rodata.pow10.0
                0x10006e50       0x50 CMakeFiles/main.dir/C_/RaspberryPiPico/pico-sdk/src/rp2_common/pico_printf/printf.c.obj
 .rodata.__aeabi_double_init.str1.4
                0x10006ea0       0x9d CMakeFiles/main.dir/C_/RaspberryPiPico/pico-sdk/src/rp2_common/pico_double/double_init_rom.c.obj
 *fill*         0x10006f3d        0x3 
 .rodata.__func__.0
                0x10006f40       0x14 CMakeFiles/main.dir/C_/RaspberryPiPico/pico-sdk/src/rp2_common/pico_double/double_init_rom.c.obj
 .rodata.__aeabi_float_init.str1.4
                0x10006f54       0x7b CMakeFiles/main.dir/C_/RaspberryPiPico/pico-sdk/src/rp2_common/pico_float/float_init_rom.c.obj
                                 0x7f (size before relaxing)
 *fill*         0x10006fcf        0x1 
 .rodata.__func__.0
                0x10006fd0       0x13 CMakeFiles/main.dir/C_/RaspberryPiPico/pico-sdk/src/rp2_common/pico_float/float_init_rom.c.obj
 *fill*         0x10006fe3        0x1 
 .rodata.__wrap_malloc.str1.4
                0x10006fe4        0xe CMakeFiles/main.dir/C_/RaspberryPiPico/pico-sdk/src/rp2_common/pico_malloc/pico_malloc.c.obj
 *fill*         0x10006ff2        0x2 
 .rodata.str1.4
                0x10006ff4       0x34 CMakeFiles/main.dir/C_/RaspberryPiPico/pico-sdk/src/rp2_common/pico_standard_link/binary_info.c.obj
                                 0x3c (size before relaxing)
 .rodata.__bi_44
                0x10007028        0xc CMakeFiles/main.dir/C_/RaspberryPiPico/pico-sdk/src/rp2_common/pico_standard_link/binary_info.c.obj
 .rodata.__bi_75
                0x10007034        0xc CMakeFiles/main.dir/C_/RaspberryPiPico/pico-sdk/src/rp2_common/pico_standard_link/binary_info.c.obj
 .rodata.__bi_81
                0x10007040        0xc CMakeFiles/main.dir/C_/RaspberryPiPico/pico-sdk/src/rp2_common/pico_standard_link/binary_info.c.obj
 .rodata.stdout_serialize_begin.str1.4
                0x1000704c       0x62 CMakeFiles/main.dir/C_/RaspberryPiPico/pico-sdk/src/rp2_common/pico_stdio/stdio.c.obj
 .rodata.__func__.3
                0x1000704c       0x15 CMakeFiles/main.dir/C_/RaspberryPiPico/pico-sdk/src/rp2_common/pico_stdio/stdio.c.obj
 *fill*         0x10007061        0x3 
 .rodata.crlf_str.2
                0x10007064        0x2 CMakeFiles/main.dir/C_/RaspberryPiPico/pico-sdk/src/rp2_common/pico_stdio/stdio.c.obj
 *fill*         0x10007066        0x2 
 .rodata.str1.4
                0x10007068       0x2c CMakeFiles/main.dir/C_/RaspberryPiPico/pico-sdk/src/rp2_common/pico_stdio_uart/stdio_uart.c.obj
 .rodata.__bi_33.4
                0x10007094        0xc CMakeFiles/main.dir/C_/RaspberryPiPico/pico-sdk/src/rp2_common/pico_stdio_uart/stdio_uart.c.obj
 .rodata.__bi_34.5
                0x100070a0        0x8 CMakeFiles/main.dir/C_/RaspberryPiPico/pico-sdk/src/rp2_common/pico_stdio_uart/stdio_uart.c.obj
                0x100070a8                . = ALIGN (0x4)
 *(SORT_BY_ALIGNMENT(SORT_BY_NAME(.flashdata*)))
                0x100070a8                . = ALIGN (0x4)

.ARM.extab
 *(.ARM.extab* .gnu.linkonce.armextab.*)
                0x100070a8                __exidx_start = .

.ARM.exidx
 *(.ARM.exidx* .gnu.linkonce.armexidx.*)
                0x100070a8                __exidx_end = .
                0x100070a8                . = ALIGN (0x4)
                0x100070a8                __binary_info_start = .

.binary_info    0x100070a8       0x24
 *(.binary_info.keep.*)
 .binary_info.keep.__bi_ptr22
                0x100070a8        0x4 CMakeFiles/main.dir/C_/RaspberryPiPico/pico-sdk/src/rp2_common/pico_standard_link/binary_info.c.obj
 .binary_info.keep.__bi_ptr30
                0x100070ac        0x4 CMakeFiles/main.dir/C_/RaspberryPiPico/pico-sdk/src/rp2_common/pico_standard_link/binary_info.c.obj
 .binary_info.keep.__bi_ptr38
                0x100070b0        0x4 CMakeFiles/main.dir/C_/RaspberryPiPico/pico-sdk/src/rp2_common/pico_standard_link/binary_info.c.obj
 .binary_info.keep.__bi_ptr44
                0x100070b4        0x4 CMakeFiles/main.dir/C_/RaspberryPiPico/pico-sdk/src/rp2_common/pico_standard_link/binary_info.c.obj
 .binary_info.keep.__bi_ptr50
                0x100070b8        0x4 CMakeFiles/main.dir/C_/RaspberryPiPico/pico-sdk/src/rp2_common/pico_standard_link/binary_info.c.obj
 .binary_info.keep.__bi_ptr75
                0x100070bc        0x4 CMakeFiles/main.dir/C_/RaspberryPiPico/pico-sdk/src/rp2_common/pico_standard_link/binary_info.c.obj
 .binary_info.keep.__bi_ptr81
                0x100070c0        0x4 CMakeFiles/main.dir/C_/RaspberryPiPico/pico-sdk/src/rp2_common/pico_standard_link/binary_info.c.obj
 *(.binary_info.*)
 .binary_info.__bi_ptr33
                0x100070c4        0x4 CMakeFiles/main.dir/C_/RaspberryPiPico/pico-sdk/src/rp2_common/pico_stdio_uart/stdio_uart.c.obj
 .binary_info.__bi_ptr34
                0x100070c8        0x4 CMakeFiles/main.dir/C_/RaspberryPiPico/pico-sdk/src/rp2_common/pico_stdio_uart/stdio_uart.c.obj
                0x100070cc                __binary_info_end = .

.rel.dyn        0x100070cc        0x0
 .rel.iplt      0x100070cc        0x0 c:/progra~2/gnu arm embedded toolchain/10 2021.10/bin/../lib/gcc/arm-none-eabi/10.3.1/thumb/v6-m/nofp/crtbegin.o
                0x100070cc                . = ALIGN (0x4)

.ram_vector_table
                0x20000000       0xc0
 *(.ram_vector_table)
 .ram_vector_table
                0x20000000       0xc0 CMakeFiles/main.dir/C_/RaspberryPiPico/pico-sdk/src/rp2_common/pico_runtime/runtime.c.obj
                0x20000000                ram_vector_table

.data           0x200000c0      0xa94 load address 0x100070cc
                0x200000c0                __data_start__ = .
 *(vtable)
 *(.time_critical*)
 .time_critical.mutex_try_enter
                0x200000c0       0x46 CMakeFiles/main.dir/C_/RaspberryPiPico/pico-sdk/src/common/pico_sync/mutex.c.obj
                0x200000c0                mutex_try_enter
 *fill*         0x20000106        0x2 
 .time_critical.mutex_enter_block_until
                0x20000108       0x8c CMakeFiles/main.dir/C_/RaspberryPiPico/pico-sdk/src/common/pico_sync/mutex.c.obj
                0x20000108                mutex_enter_block_until
 .time_critical.mutex_try_enter_block_until
                0x20000194       0x34 CMakeFiles/main.dir/C_/RaspberryPiPico/pico-sdk/src/common/pico_sync/mutex.c.obj
                0x20000194                mutex_try_enter_block_until
 .time_critical.mutex_exit
                0x200001c8       0x4c CMakeFiles/main.dir/C_/RaspberryPiPico/pico-sdk/src/common/pico_sync/mutex.c.obj
                0x200001c8                mutex_exit
 *(.text*)
 .text          0x20000214        0x4 c:/progra~2/gnu arm embedded toolchain/10 2021.10/bin/../lib/gcc/arm-none-eabi/10.3.1/thumb/v6-m/nofp\libgcc.a(_dvmd_tls.o)
                0x20000214                __aeabi_idiv0
                0x20000214                __aeabi_ldiv0
 .text.__stub   0x20000218       0x20 linker stubs
                0x20000238                . = ALIGN (0x4)
 *(.rodata*)
                0x20000238                . = ALIGN (0x4)
 *(.data*)
 .data.next_tid.8
                0x20000238        0x4 CMakeFiles/main.dir/threads/thread.c.obj
 .data.thread_stack_ofs
                0x2000023c        0x4 CMakeFiles/main.dir/lib/switch.c.obj
                0x2000023c                thread_stack_ofs
 .data.striped_spin_lock_num
                0x20000240        0x1 CMakeFiles/main.dir/C_/RaspberryPiPico/pico-sdk/src/rp2_common/hardware_sync/sync.c.obj
 *fill*         0x20000241        0x3 
 .data          0x20000244       0x48 CMakeFiles/main.dir/C_/RaspberryPiPico/pico-sdk/src/rp2_common/hardware_irq/irq_handler_chain.S.obj
                0x20000244                irq_handler_chain_slots
                0x20000274                irq_handler_chain_first_slot
                0x2000027e                irq_handler_chain_remove_tail
 .data.default_alarm_pool
                0x2000028c       0x18 CMakeFiles/main.dir/C_/RaspberryPiPico/pico-sdk/src/common/pico_time/time.c.obj
 .data.default_alarm_pool_heap
                0x200002a4       0x10 CMakeFiles/main.dir/C_/RaspberryPiPico/pico-sdk/src/common/pico_time/time.c.obj
 *fill*         0x200002b4        0xc 
 .data.aeabi_bits_funcs
                0x200002c0       0x10 CMakeFiles/main.dir/C_/RaspberryPiPico/pico-sdk/src/rp2_common/pico_bit_ops/bit_ops_aeabi.S.obj
                0x200002c0                aeabi_bits_funcs
                0x200002d0                aeabi_bits_funcs_end
 .data.aeabi_mem_funcs
                0x200002d0       0x10 CMakeFiles/main.dir/C_/RaspberryPiPico/pico-sdk/src/rp2_common/pico_mem_ops/mem_ops_aeabi.S.obj
                0x200002d0                aeabi_mem_funcs
                0x200002e0                aeabi_mem_funcs_end
 .data.stdio_uart
                0x200002e0       0x18 CMakeFiles/main.dir/C_/RaspberryPiPico/pico-sdk/src/rp2_common/pico_stdio_uart/stdio_uart.c.obj
                0x200002e0                stdio_uart
 .data._impure_ptr
                0x200002f8        0x4 c:/progra~2/gnu arm embedded toolchain/10 2021.10/bin/../lib/gcc/arm-none-eabi/10.3.1/../../../../arm-none-eabi/lib/thumb/v6-m/nofp\libg.a(lib_a-impure.o)
                0x200002f8                _impure_ptr
 *fill*         0x200002fc        0x4 
 .data.impure_data
                0x20000300      0x428 c:/progra~2/gnu arm embedded toolchain/10 2021.10/bin/../lib/gcc/arm-none-eabi/10.3.1/../../../../arm-none-eabi/lib/thumb/v6-m/nofp\libg.a(lib_a-impure.o)
 .data.__malloc_av_
                0x20000728      0x408 c:/progra~2/gnu arm embedded toolchain/10 2021.10/bin/../lib/gcc/arm-none-eabi/10.3.1/../../../../arm-none-eabi/lib/thumb/v6-m/nofp\libg.a(lib_a-mallocr.o)
                0x20000728                __malloc_av_
 .data.__malloc_sbrk_base
                0x20000b30        0x4 c:/progra~2/gnu arm embedded toolchain/10 2021.10/bin/../lib/gcc/arm-none-eabi/10.3.1/../../../../arm-none-eabi/lib/thumb/v6-m/nofp\libg.a(lib_a-mallocr.o)
                0x20000b30                __malloc_sbrk_base
 .data.__malloc_trim_threshold
                0x20000b34        0x4 c:/progra~2/gnu arm embedded toolchain/10 2021.10/bin/../lib/gcc/arm-none-eabi/10.3.1/../../../../arm-none-eabi/lib/thumb/v6-m/nofp\libg.a(lib_a-mallocr.o)
                0x20000b34                __malloc_trim_threshold
                0x20000b38                . = ALIGN (0x4)
 *(.after_data.*)
                0x20000b38                . = ALIGN (0x4)
                0x20000b38                PROVIDE (__mutex_array_start = .)
 *(SORT_BY_NAME(.mutex_array.*))
 *(.mutex_array)
 .mutex_array   0x20000b38        0x8 CMakeFiles/main.dir/C_/RaspberryPiPico/pico-sdk/src/rp2_common/pico_stdio/stdio.c.obj
                0x20000b40                PROVIDE (__mutex_array_end = .)
                0x20000b40                . = ALIGN (0x4)
                0x20000b40                PROVIDE (__preinit_array_start = .)
 *(SORT_BY_NAME(.preinit_array.*))
 .preinit_array.00001
                0x20000b40        0x4 CMakeFiles/main.dir/C_/RaspberryPiPico/pico-sdk/src/rp2_common/pico_mem_ops/mem_ops_aeabi.S.obj
 .preinit_array.00010
                0x20000b44        0x4 CMakeFiles/main.dir/C_/RaspberryPiPico/pico-sdk/src/rp2_common/pico_bit_ops/bit_ops_aeabi.S.obj
 .preinit_array.00020
                0x20000b48        0x4 CMakeFiles/main.dir/C_/RaspberryPiPico/pico-sdk/src/rp2_common/pico_double/double_aeabi.S.obj
 .preinit_array.00020
                0x20000b4c        0x4 CMakeFiles/main.dir/C_/RaspberryPiPico/pico-sdk/src/rp2_common/pico_float/float_aeabi.S.obj
 *(.preinit_array)
                0x20000b50                PROVIDE (__preinit_array_end = .)
                0x20000b50                . = ALIGN (0x4)
                0x20000b50                PROVIDE (__init_array_start = .)
 *(SORT_BY_NAME(.init_array.*))
 *(.init_array)
 .init_array    0x20000b50        0x4 c:/progra~2/gnu arm embedded toolchain/10 2021.10/bin/../lib/gcc/arm-none-eabi/10.3.1/thumb/v6-m/nofp/crtbegin.o
                0x20000b54                PROVIDE (__init_array_end = .)
                0x20000b54                . = ALIGN (0x4)
                [!provide]                PROVIDE (__fini_array_start = .)
 *(SORT_BY_NAME(.fini_array.*))
 *(.fini_array)
                [!provide]                PROVIDE (__fini_array_end = .)
 *(.jcr)
                0x20000b54                . = ALIGN (0x4)
                0x20000b54                __data_end__ = .
                0x100070cc                __etext = LOADADDR (.data)

.igot.plt       0x20000b54        0x0 load address 0x10007b60
 .igot.plt      0x20000b54        0x0 c:/progra~2/gnu arm embedded toolchain/10 2021.10/bin/../lib/gcc/arm-none-eabi/10.3.1/thumb/v6-m/nofp/crtbegin.o

.uninitialized_data
                0x20000b54        0x0 load address 0x10007b60
                0x20000b54                . = ALIGN (0x4)
 *(.uninitialized_data*)

.scratch_x      0x20040000        0x0 load address 0x10007b60
                0x20040000                __scratch_x_start__ = .
 *(.scratch_x.*)
                0x20040000                . = ALIGN (0x4)
                0x20040000                __scratch_x_end__ = .
                0x10007b60                __scratch_x_source__ = LOADADDR (.scratch_x)

.scratch_y      0x20041000        0x0 load address 0x10007b60
                0x20041000                __scratch_y_start__ = .
 *(.scratch_y.*)
                0x20041000                . = ALIGN (0x4)
                0x20041000                __scratch_y_end__ = .
                0x10007b60                __scratch_y_source__ = LOADADDR (.scratch_y)

.bss            0x20000b58      0x46c
                0x20000b58                . = ALIGN (0x4)
                0x20000b58                __bss_start__ = .
 *(SORT_BY_ALIGNMENT(SORT_BY_NAME(.bss*)))
 .bss.default_alarm_pool_entries
                0x20000b58      0x100 CMakeFiles/main.dir/C_/RaspberryPiPico/pico-sdk/src/common/pico_time/time.c.obj
 .bss.idle_ticks
                0x20000c58        0x8 CMakeFiles/main.dir/threads/thread.c.obj
 .bss.kernel_ticks
                0x20000c60        0x8 CMakeFiles/main.dir/threads/thread.c.obj
 .bss           0x20000c68       0x1c c:/progra~2/gnu arm embedded toolchain/10 2021.10/bin/../lib/gcc/arm-none-eabi/10.3.1/thumb/v6-m/nofp/crtbegin.o
 .bss.__lock___malloc_recursive_mutex
                0x20000c84        0x1 c:/progra~2/gnu arm embedded toolchain/10 2021.10/bin/../lib/gcc/arm-none-eabi/10.3.1/../../../../arm-none-eabi/lib/thumb/v6-m/nofp\libg.a(lib_a-lock.o)
                0x20000c84                __lock___malloc_recursive_mutex
 *fill*         0x20000c85        0x3 
 .bss.__malloc_current_mallinfo
                0x20000c88       0x28 c:/progra~2/gnu arm embedded toolchain/10 2021.10/bin/../lib/gcc/arm-none-eabi/10.3.1/../../../../arm-none-eabi/lib/thumb/v6-m/nofp\libg.a(lib_a-mallocr.o)
                0x20000c88                __malloc_current_mallinfo
 .bss.__malloc_max_sbrked_mem
                0x20000cb0        0x4 c:/progra~2/gnu arm embedded toolchain/10 2021.10/bin/../lib/gcc/arm-none-eabi/10.3.1/../../../../arm-none-eabi/lib/thumb/v6-m/nofp\libg.a(lib_a-mallocr.o)
                0x20000cb0                __malloc_max_sbrked_mem
 .bss.__malloc_max_total_mem
                0x20000cb4        0x4 c:/progra~2/gnu arm embedded toolchain/10 2021.10/bin/../lib/gcc/arm-none-eabi/10.3.1/../../../../arm-none-eabi/lib/thumb/v6-m/nofp\libg.a(lib_a-mallocr.o)
                0x20000cb4                __malloc_max_total_mem
 .bss.__malloc_top_pad
                0x20000cb8        0x4 c:/progra~2/gnu arm embedded toolchain/10 2021.10/bin/../lib/gcc/arm-none-eabi/10.3.1/../../../../arm-none-eabi/lib/thumb/v6-m/nofp\libg.a(lib_a-mallocr.o)
                0x20000cb8                __malloc_top_pad
 .bss.alarm_callbacks
                0x20000cbc       0x10 CMakeFiles/main.dir/C_/RaspberryPiPico/pico-sdk/src/rp2_common/hardware_timer/timer.c.obj
 .bss.all_list  0x20000ccc       0x10 CMakeFiles/main.dir/threads/thread.c.obj
 .bss.chars_available_callback
                0x20000cdc        0x4 CMakeFiles/main.dir/C_/RaspberryPiPico/pico-sdk/src/rp2_common/pico_stdio_uart/stdio_uart.c.obj
 .bss.chars_available_param
                0x20000ce0        0x4 CMakeFiles/main.dir/C_/RaspberryPiPico/pico-sdk/src/rp2_common/pico_stdio_uart/stdio_uart.c.obj
 .bss.configured_freq
                0x20000ce4       0x28 CMakeFiles/main.dir/C_/RaspberryPiPico/pico-sdk/src/rp2_common/hardware_clocks/clocks.c.obj
 .bss.default_alarm_pool_entry_ids_high
                0x20000d0c       0x10 CMakeFiles/main.dir/C_/RaspberryPiPico/pico-sdk/src/common/pico_time/time.c.obj
 .bss.default_alarm_pool_heap_nodes
                0x20000d1c       0x30 CMakeFiles/main.dir/C_/RaspberryPiPico/pico-sdk/src/common/pico_time/time.c.obj
 .bss.drivers   0x20000d4c        0x4 CMakeFiles/main.dir/C_/RaspberryPiPico/pico-sdk/src/rp2_common/pico_stdio/stdio.c.obj
 .bss.errno     0x20000d50        0x4 c:/progra~2/gnu arm embedded toolchain/10 2021.10/bin/../lib/gcc/arm-none-eabi/10.3.1/../../../../arm-none-eabi/lib/thumb/v6-m/nofp\libg.a(lib_a-reent.o)
                0x20000d50                errno
 .bss.filter    0x20000d54        0x4 CMakeFiles/main.dir/C_/RaspberryPiPico/pico-sdk/src/rp2_common/pico_stdio/stdio.c.obj
 .bss.heap_end.1
                0x20000d58        0x4 CMakeFiles/main.dir/C_/RaspberryPiPico/pico-sdk/src/rp2_common/pico_runtime/runtime.c.obj
 .bss.idle_thread
                0x20000d5c        0x4 CMakeFiles/main.dir/threads/thread.c.obj
 .bss.initial_thread
                0x20000d60        0x4 CMakeFiles/main.dir/threads/thread.c.obj
 .bss.lista_espera
                0x20000d64       0x10 CMakeFiles/main.dir/threads/thread.c.obj
 .bss.pools     0x20000d74       0x10 CMakeFiles/main.dir/C_/RaspberryPiPico/pico-sdk/src/common/pico_time/time.c.obj
 .bss.ready_list
                0x20000d84       0x10 CMakeFiles/main.dir/threads/thread.c.obj
 .bss.sd_table  0x20000d94      0x100 CMakeFiles/main.dir/C_/RaspberryPiPico/pico-sdk/src/rp2_common/pico_double/double_init_rom.c.obj
                0x20000d94                sd_table
 .bss.sf_clz_func
                0x20000e94        0x4 CMakeFiles/main.dir/C_/RaspberryPiPico/pico-sdk/src/rp2_common/pico_double/double_init_rom.c.obj
                0x20000e94                sf_clz_func
 .bss.sf_table  0x20000e98      0x100 CMakeFiles/main.dir/C_/RaspberryPiPico/pico-sdk/src/rp2_common/pico_float/float_init_rom.c.obj
                0x20000e98                sf_table
 .bss.sleep_notifier
                0x20000f98        0x4 CMakeFiles/main.dir/C_/RaspberryPiPico/pico-sdk/src/common/pico_time/time.c.obj
 .bss.target_hi
                0x20000f9c       0x10 CMakeFiles/main.dir/C_/RaspberryPiPico/pico-sdk/src/rp2_common/hardware_timer/timer.c.obj
 .bss.thread_running_var
                0x20000fac        0x4 CMakeFiles/main.dir/threads/thread.c.obj
                0x20000fac                thread_running_var
 .bss.thread_ticks
                0x20000fb0        0x4 CMakeFiles/main.dir/threads/thread.c.obj
 .bss.ticks     0x20000fb4        0x4 CMakeFiles/main.dir/main.c.obj
                0x20000fb4                ticks
 .bss.uart_char_to_line_feed
                0x20000fb8        0x4 CMakeFiles/main.dir/C_/RaspberryPiPico/pico-sdk/src/rp2_common/hardware_uart/uart.c.obj
                0x20000fb8                uart_char_to_line_feed
 .bss.uart_instance
                0x20000fbc        0x4 CMakeFiles/main.dir/C_/RaspberryPiPico/pico-sdk/src/rp2_common/pico_stdio_uart/stdio_uart.c.obj
 .bss.claimed   0x20000fc0        0x1 CMakeFiles/main.dir/C_/RaspberryPiPico/pico-sdk/src/rp2_common/hardware_timer/timer.c.obj
 .bss.irq_hander_chain_free_slot_head
                0x20000fc1        0x1 CMakeFiles/main.dir/C_/RaspberryPiPico/pico-sdk/src/rp2_common/hardware_irq/irq.c.obj
 .bss.timer_callbacks_pending
                0x20000fc2        0x1 CMakeFiles/main.dir/C_/RaspberryPiPico/pico-sdk/src/rp2_common/hardware_timer/timer.c.obj
 *(COMMON)
                0x20000fc4                . = ALIGN (0x4)
 *fill*         0x20000fc3        0x1 
                0x20000fc4                __bss_end__ = .

.heap           0x20000fc4      0x800
                0x20000fc4                __end__ = .
                0x20000fc4                end = __end__
 *(.heap*)
 .heap          0x20000fc4      0x800 CMakeFiles/main.dir/C_/RaspberryPiPico/pico-sdk/src/rp2_common/pico_standard_link/crt0.S.obj
                0x200017c4                __HeapLimit = .

.stack1_dummy   0x20040000        0x0
 *(.stack1*)

.stack_dummy    0x20041000      0x800
 *(.stack*)
 .stack         0x20041000      0x800 CMakeFiles/main.dir/C_/RaspberryPiPico/pico-sdk/src/rp2_common/pico_standard_link/crt0.S.obj

.flash_end      0x10007b60        0x0
                0x10007b60                PROVIDE (__flash_binary_end = .)
                0x20040000                __StackLimit = (ORIGIN (RAM) + LENGTH (RAM))
                0x20041000                __StackOneTop = (ORIGIN (SCRATCH_X) + LENGTH (SCRATCH_X))
                0x20042000                __StackTop = (ORIGIN (SCRATCH_Y) + LENGTH (SCRATCH_Y))
                0x20041000                __StackOneBottom = (__StackOneTop - SIZEOF (.stack1_dummy))
                0x20041800                __StackBottom = (__StackTop - SIZEOF (.stack_dummy))
                0x20042000                PROVIDE (__stack = __StackTop)
                0x00000001                ASSERT ((__StackLimit >= __HeapLimit), region RAM overflowed)
                0x00000001                ASSERT (((__binary_info_header_end - __logical_binary_start) <= 0x100), Binary info must be in first 256 bytes of the binary)
LOAD CMakeFiles/main.dir/main.c.obj
LOAD CMakeFiles/main.dir/misc/list.c.obj
LOAD CMakeFiles/main.dir/misc/timer.c.obj
LOAD CMakeFiles/main.dir/threads/thread.c.obj
LOAD CMakeFiles/main.dir/lib/debug.c.obj
LOAD CMakeFiles/main.dir/lib/switch.S.obj
LOAD CMakeFiles/main.dir/lib/switch.c.obj
LOAD CMakeFiles/main.dir/lib/palloc.c.obj
LOAD CMakeFiles/main.dir/C_/RaspberryPiPico/pico-sdk/src/rp2_common/pico_stdlib/stdlib.c.obj
LOAD CMakeFiles/main.dir/C_/RaspberryPiPico/pico-sdk/src/rp2_common/hardware_gpio/gpio.c.obj
LOAD CMakeFiles/main.dir/C_/RaspberryPiPico/pico-sdk/src/rp2_common/pico_platform/platform.c.obj
LOAD CMakeFiles/main.dir/C_/RaspberryPiPico/pico-sdk/src/rp2_common/hardware_claim/claim.c.obj
LOAD CMakeFiles/main.dir/C_/RaspberryPiPico/pico-sdk/src/rp2_common/hardware_sync/sync.c.obj
LOAD CMakeFiles/main.dir/C_/RaspberryPiPico/pico-sdk/src/rp2_common/hardware_irq/irq.c.obj
LOAD CMakeFiles/main.dir/C_/RaspberryPiPico/pico-sdk/src/rp2_common/hardware_irq/irq_handler_chain.S.obj
LOAD CMakeFiles/main.dir/C_/RaspberryPiPico/pico-sdk/src/common/pico_sync/sem.c.obj
LOAD CMakeFiles/main.dir/C_/RaspberryPiPico/pico-sdk/src/common/pico_sync/lock_core.c.obj
LOAD CMakeFiles/main.dir/C_/RaspberryPiPico/pico-sdk/src/common/pico_sync/mutex.c.obj
LOAD CMakeFiles/main.dir/C_/RaspberryPiPico/pico-sdk/src/common/pico_sync/critical_section.c.obj
LOAD CMakeFiles/main.dir/C_/RaspberryPiPico/pico-sdk/src/common/pico_time/time.c.obj
LOAD CMakeFiles/main.dir/C_/RaspberryPiPico/pico-sdk/src/common/pico_time/timeout_helper.c.obj
LOAD CMakeFiles/main.dir/C_/RaspberryPiPico/pico-sdk/src/rp2_common/hardware_timer/timer.c.obj
LOAD CMakeFiles/main.dir/C_/RaspberryPiPico/pico-sdk/src/common/pico_util/datetime.c.obj
LOAD CMakeFiles/main.dir/C_/RaspberryPiPico/pico-sdk/src/common/pico_util/pheap.c.obj
LOAD CMakeFiles/main.dir/C_/RaspberryPiPico/pico-sdk/src/common/pico_util/queue.c.obj
LOAD CMakeFiles/main.dir/C_/RaspberryPiPico/pico-sdk/src/rp2_common/hardware_uart/uart.c.obj
LOAD CMakeFiles/main.dir/C_/RaspberryPiPico/pico-sdk/src/rp2_common/hardware_clocks/clocks.c.obj
LOAD CMakeFiles/main.dir/C_/RaspberryPiPico/pico-sdk/src/rp2_common/hardware_pll/pll.c.obj
LOAD CMakeFiles/main.dir/C_/RaspberryPiPico/pico-sdk/src/rp2_common/hardware_vreg/vreg.c.obj
LOAD CMakeFiles/main.dir/C_/RaspberryPiPico/pico-sdk/src/rp2_common/hardware_watchdog/watchdog.c.obj
LOAD CMakeFiles/main.dir/C_/RaspberryPiPico/pico-sdk/src/rp2_common/hardware_xosc/xosc.c.obj
LOAD CMakeFiles/main.dir/C_/RaspberryPiPico/pico-sdk/src/rp2_common/hardware_divider/divider.S.obj
LOAD CMakeFiles/main.dir/C_/RaspberryPiPico/pico-sdk/src/rp2_common/pico_runtime/runtime.c.obj
LOAD CMakeFiles/main.dir/C_/RaspberryPiPico/pico-sdk/src/rp2_common/pico_printf/printf.c.obj
LOAD CMakeFiles/main.dir/C_/RaspberryPiPico/pico-sdk/src/rp2_common/pico_bit_ops/bit_ops_aeabi.S.obj
LOAD CMakeFiles/main.dir/C_/RaspberryPiPico/pico-sdk/src/rp2_common/pico_bootrom/bootrom.c.obj
LOAD CMakeFiles/main.dir/C_/RaspberryPiPico/pico-sdk/src/rp2_common/pico_divider/divider.S.obj
LOAD CMakeFiles/main.dir/C_/RaspberryPiPico/pico-sdk/src/rp2_common/pico_double/double_aeabi.S.obj
LOAD CMakeFiles/main.dir/C_/RaspberryPiPico/pico-sdk/src/rp2_common/pico_double/double_init_rom.c.obj
LOAD CMakeFiles/main.dir/C_/RaspberryPiPico/pico-sdk/src/rp2_common/pico_double/double_math.c.obj
LOAD CMakeFiles/main.dir/C_/RaspberryPiPico/pico-sdk/src/rp2_common/pico_double/double_v1_rom_shim.S.obj
LOAD CMakeFiles/main.dir/C_/RaspberryPiPico/pico-sdk/src/rp2_common/pico_int64_ops/pico_int64_ops_aeabi.S.obj
LOAD CMakeFiles/main.dir/C_/RaspberryPiPico/pico-sdk/src/rp2_common/pico_float/float_aeabi.S.obj
LOAD CMakeFiles/main.dir/C_/RaspberryPiPico/pico-sdk/src/rp2_common/pico_float/float_init_rom.c.obj
LOAD CMakeFiles/main.dir/C_/RaspberryPiPico/pico-sdk/src/rp2_common/pico_float/float_math.c.obj
LOAD CMakeFiles/main.dir/C_/RaspberryPiPico/pico-sdk/src/rp2_common/pico_float/float_v1_rom_shim.S.obj
LOAD CMakeFiles/main.dir/C_/RaspberryPiPico/pico-sdk/src/rp2_common/pico_malloc/pico_malloc.c.obj
LOAD CMakeFiles/main.dir/C_/RaspberryPiPico/pico-sdk/src/rp2_common/pico_mem_ops/mem_ops_aeabi.S.obj
LOAD CMakeFiles/main.dir/C_/RaspberryPiPico/pico-sdk/src/rp2_common/pico_standard_link/crt0.S.obj
LOAD CMakeFiles/main.dir/C_/RaspberryPiPico/pico-sdk/src/rp2_common/pico_standard_link/new_delete.cpp.obj
LOAD CMakeFiles/main.dir/C_/RaspberryPiPico/pico-sdk/src/rp2_common/pico_standard_link/binary_info.c.obj
LOAD CMakeFiles/main.dir/C_/RaspberryPiPico/pico-sdk/src/rp2_common/pico_stdio/stdio.c.obj
LOAD CMakeFiles/main.dir/C_/RaspberryPiPico/pico-sdk/src/rp2_common/pico_stdio_uart/stdio_uart.c.obj
LOAD C:\Users\delva\AppData\Local\Temp\cc4TFvYY.o
LOAD c:/progra~2/gnu arm embedded toolchain/10 2021.10/bin/../lib/gcc/arm-none-eabi/10.3.1/../../../../arm-none-eabi/lib/thumb/v6-m/nofp\libstdc++.a
LOAD c:/progra~2/gnu arm embedded toolchain/10 2021.10/bin/../lib/gcc/arm-none-eabi/10.3.1/../../../../arm-none-eabi/lib/thumb/v6-m/nofp\libm.a
START GROUP
LOAD c:/progra~2/gnu arm embedded toolchain/10 2021.10/bin/../lib/gcc/arm-none-eabi/10.3.1/thumb/v6-m/nofp\libgcc.a
LOAD c:/progra~2/gnu arm embedded toolchain/10 2021.10/bin/../lib/gcc/arm-none-eabi/10.3.1/../../../../arm-none-eabi/lib/thumb/v6-m/nofp\libg.a
LOAD c:/progra~2/gnu arm embedded toolchain/10 2021.10/bin/../lib/gcc/arm-none-eabi/10.3.1/../../../../arm-none-eabi/lib/thumb/v6-m/nofp\libc.a
END GROUP
START GROUP
LOAD c:/progra~2/gnu arm embedded toolchain/10 2021.10/bin/../lib/gcc/arm-none-eabi/10.3.1/thumb/v6-m/nofp\libgcc.a
LOAD c:/progra~2/gnu arm embedded toolchain/10 2021.10/bin/../lib/gcc/arm-none-eabi/10.3.1/../../../../arm-none-eabi/lib/thumb/v6-m/nofp\libc.a
LOAD c:/progra~2/gnu arm embedded toolchain/10 2021.10/bin/../lib/gcc/arm-none-eabi/10.3.1/../../../../arm-none-eabi/lib/thumb/v6-m/nofp\libnosys.a
END GROUP
LOAD c:/progra~2/gnu arm embedded toolchain/10 2021.10/bin/../lib/gcc/arm-none-eabi/10.3.1/thumb/v6-m/nofp/crtend.o
LOAD c:/progra~2/gnu arm embedded toolchain/10 2021.10/bin/../lib/gcc/arm-none-eabi/10.3.1/thumb/v6-m/nofp/crtn.o
OUTPUT(main.elf elf32-littlearm)
LOAD linker stubs

.ARM.attributes
                0x00000000       0x28
 .ARM.attributes
                0x00000000       0x1e c:/progra~2/gnu arm embedded toolchain/10 2021.10/bin/../lib/gcc/arm-none-eabi/10.3.1/thumb/v6-m/nofp/crti.o
 .ARM.attributes
                0x0000001e       0x2c c:/progra~2/gnu arm embedded toolchain/10 2021.10/bin/../lib/gcc/arm-none-eabi/10.3.1/thumb/v6-m/nofp/crtbegin.o
 .ARM.attributes
                0x0000004a       0x2c CMakeFiles/main.dir/main.c.obj
 .ARM.attributes
                0x00000076       0x2c CMakeFiles/main.dir/misc/list.c.obj
 .ARM.attributes
                0x000000a2       0x2c CMakeFiles/main.dir/misc/timer.c.obj
 .ARM.attributes
                0x000000ce       0x2c CMakeFiles/main.dir/threads/thread.c.obj
 .ARM.attributes
                0x000000fa       0x2c CMakeFiles/main.dir/lib/debug.c.obj
 .ARM.attributes
                0x00000126       0x1c CMakeFiles/main.dir/lib/switch.S.obj
 .ARM.attributes
                0x00000142       0x2c CMakeFiles/main.dir/lib/switch.c.obj
 .ARM.attributes
                0x0000016e       0x2c CMakeFiles/main.dir/C_/RaspberryPiPico/pico-sdk/src/rp2_common/hardware_gpio/gpio.c.obj
 .ARM.attributes
                0x0000019a       0x2c CMakeFiles/main.dir/C_/RaspberryPiPico/pico-sdk/src/rp2_common/pico_platform/platform.c.obj
 .ARM.attributes
                0x000001c6       0x2c CMakeFiles/main.dir/C_/RaspberryPiPico/pico-sdk/src/rp2_common/hardware_claim/claim.c.obj
 .ARM.attributes
                0x000001f2       0x2c CMakeFiles/main.dir/C_/RaspberryPiPico/pico-sdk/src/rp2_common/hardware_sync/sync.c.obj
 .ARM.attributes
                0x0000021e       0x2c CMakeFiles/main.dir/C_/RaspberryPiPico/pico-sdk/src/rp2_common/hardware_irq/irq.c.obj
 .ARM.attributes
                0x0000024a       0x22 CMakeFiles/main.dir/C_/RaspberryPiPico/pico-sdk/src/rp2_common/hardware_irq/irq_handler_chain.S.obj
 .ARM.attributes
                0x0000026c       0x2c CMakeFiles/main.dir/C_/RaspberryPiPico/pico-sdk/src/common/pico_sync/lock_core.c.obj
 .ARM.attributes
                0x00000298       0x2c CMakeFiles/main.dir/C_/RaspberryPiPico/pico-sdk/src/common/pico_sync/mutex.c.obj
 .ARM.attributes
                0x000002c4       0x2c CMakeFiles/main.dir/C_/RaspberryPiPico/pico-sdk/src/common/pico_time/time.c.obj
 .ARM.attributes
                0x000002f0       0x2c CMakeFiles/main.dir/C_/RaspberryPiPico/pico-sdk/src/rp2_common/hardware_timer/timer.c.obj
 .ARM.attributes
                0x0000031c       0x2c CMakeFiles/main.dir/C_/RaspberryPiPico/pico-sdk/src/common/pico_util/pheap.c.obj
 .ARM.attributes
                0x00000348       0x2c CMakeFiles/main.dir/C_/RaspberryPiPico/pico-sdk/src/rp2_common/hardware_uart/uart.c.obj
 .ARM.attributes
                0x00000374       0x2c CMakeFiles/main.dir/C_/RaspberryPiPico/pico-sdk/src/rp2_common/hardware_clocks/clocks.c.obj
 .ARM.attributes
                0x000003a0       0x2c CMakeFiles/main.dir/C_/RaspberryPiPico/pico-sdk/src/rp2_common/hardware_pll/pll.c.obj
 .ARM.attributes
                0x000003cc       0x2c CMakeFiles/main.dir/C_/RaspberryPiPico/pico-sdk/src/rp2_common/hardware_watchdog/watchdog.c.obj
 .ARM.attributes
                0x000003f8       0x2c CMakeFiles/main.dir/C_/RaspberryPiPico/pico-sdk/src/rp2_common/hardware_xosc/xosc.c.obj
 .ARM.attributes
                0x00000424       0x2c CMakeFiles/main.dir/C_/RaspberryPiPico/pico-sdk/src/rp2_common/pico_runtime/runtime.c.obj
 .ARM.attributes
                0x00000450       0x2c CMakeFiles/main.dir/C_/RaspberryPiPico/pico-sdk/src/rp2_common/pico_printf/printf.c.obj
 .ARM.attributes
                0x0000047c       0x22 CMakeFiles/main.dir/C_/RaspberryPiPico/pico-sdk/src/rp2_common/pico_bit_ops/bit_ops_aeabi.S.obj
 .ARM.attributes
                0x0000049e       0x2c CMakeFiles/main.dir/C_/RaspberryPiPico/pico-sdk/src/rp2_common/pico_bootrom/bootrom.c.obj
 .ARM.attributes
                0x000004ca       0x22 CMakeFiles/main.dir/C_/RaspberryPiPico/pico-sdk/src/rp2_common/pico_divider/divider.S.obj
 .ARM.attributes
                0x000004ec       0x22 CMakeFiles/main.dir/C_/RaspberryPiPico/pico-sdk/src/rp2_common/pico_double/double_aeabi.S.obj
 .ARM.attributes
                0x0000050e       0x2c CMakeFiles/main.dir/C_/RaspberryPiPico/pico-sdk/src/rp2_common/pico_double/double_init_rom.c.obj
 .ARM.attributes
                0x0000053a       0x22 CMakeFiles/main.dir/C_/RaspberryPiPico/pico-sdk/src/rp2_common/pico_double/double_v1_rom_shim.S.obj